Component: ARM Compiler 5.06 update 6 (build 750) Tool: armlink [4d35ed]

==============================================================================

Section Cross References

    startup_stm32f103xb.o(STACK) refers (Special) to heapauxi.o(.text) for __use_two_region_memory
    startup_stm32f103xb.o(HEAP) refers (Special) to heapauxi.o(.text) for __use_two_region_memory
    startup_stm32f103xb.o(RESET) refers (Special) to heapauxi.o(.text) for __use_two_region_memory
    startup_stm32f103xb.o(RESET) refers to startup_stm32f103xb.o(STACK) for __initial_sp
    startup_stm32f103xb.o(RESET) refers to startup_stm32f103xb.o(.text) for Reset_Handler
    startup_stm32f103xb.o(RESET) refers to stm32f1xx_it.o(i.NMI_Handler) for NMI_Handler
    startup_stm32f103xb.o(RESET) refers to stm32f1xx_it.o(i.HardFault_Handler) for HardFault_Handler
    startup_stm32f103xb.o(RESET) refers to stm32f1xx_it.o(i.MemManage_Handler) for MemManage_Handler
    startup_stm32f103xb.o(RESET) refers to stm32f1xx_it.o(i.BusFault_Handler) for BusFault_Handler
    startup_stm32f103xb.o(RESET) refers to stm32f1xx_it.o(i.UsageFault_Handler) for UsageFault_Handler
    startup_stm32f103xb.o(RESET) refers to stm32f1xx_it.o(i.SVC_Handler) for SVC_Handler
    startup_stm32f103xb.o(RESET) refers to stm32f1xx_it.o(i.DebugMon_Handler) for DebugMon_Handler
    startup_stm32f103xb.o(RESET) refers to stm32f1xx_it.o(i.PendSV_Handler) for PendSV_Handler
    startup_stm32f103xb.o(RESET) refers to stm32f1xx_it.o(i.SysTick_Handler) for SysTick_Handler
    startup_stm32f103xb.o(RESET) refers to stm32f1xx_it.o(i.EXTI0_IRQHandler) for EXTI0_IRQHandler
    startup_stm32f103xb.o(RESET) refers to stm32f1xx_it.o(i.DMA1_Channel4_IRQHandler) for DMA1_Channel4_IRQHandler
    startup_stm32f103xb.o(RESET) refers to stm32f1xx_it.o(i.DMA1_Channel5_IRQHandler) for DMA1_Channel5_IRQHandler
    startup_stm32f103xb.o(RESET) refers to stm32f1xx_it.o(i.TIM2_IRQHandler) for TIM2_IRQHandler
    startup_stm32f103xb.o(RESET) refers to stm32f1xx_it.o(i.TIM3_IRQHandler) for TIM3_IRQHandler
    startup_stm32f103xb.o(RESET) refers to stm32f1xx_it.o(i.USART1_IRQHandler) for USART1_IRQHandler
    startup_stm32f103xb.o(.text) refers (Special) to heapauxi.o(.text) for __use_two_region_memory
    startup_stm32f103xb.o(.text) refers to system_stm32f1xx.o(i.SystemInit) for SystemInit
    startup_stm32f103xb.o(.text) refers to __main.o(!!!main) for __main
    startup_stm32f103xb.o(.text) refers to startup_stm32f103xb.o(HEAP) for Heap_Mem
    startup_stm32f103xb.o(.text) refers to startup_stm32f103xb.o(STACK) for Stack_Mem
    main.o(i.Active_Inactive_Status_Tracking) refers to strcpy.o(.text) for strcpy
    main.o(i.Active_Inactive_Status_Tracking) refers to strlen.o(.text) for strlen
    main.o(i.Active_Inactive_Status_Tracking) refers to stm32f1xx_hal_uart.o(i.HAL_UART_Transmit) for HAL_UART_Transmit
    main.o(i.Active_Inactive_Status_Tracking) refers to main.o(.data) for .data
    main.o(i.Active_Inactive_Status_Tracking) refers to main.o(.bss) for .bss
    main.o(i.Change_Motor_Position) refers to faddsub_clz.o(x$fpl$fadd) for __aeabi_fadd
    main.o(i.Change_Motor_Position) refers to main.o(.data) for .data
    main.o(i.Change_Output_Voltage) refers to strncmp.o(.text) for strncmp
    main.o(i.Change_Output_Voltage) refers to dflt_clz.o(x$fpl$dflt) for __aeabi_i2d
    main.o(i.Change_Output_Voltage) refers to ddiv.o(x$fpl$ddiv) for __aeabi_ddiv
    main.o(i.Change_Output_Voltage) refers to daddsub_clz.o(x$fpl$dadd) for __aeabi_dadd
    main.o(i.Change_Output_Voltage) refers to d2f.o(x$fpl$d2f) for __aeabi_d2f
    main.o(i.Change_Output_Voltage) refers to fmul.o(x$fpl$fmul) for __aeabi_fmul
    main.o(i.Change_Output_Voltage) refers to fdiv.o(x$fpl$fdiv) for __aeabi_fdiv
    main.o(i.Change_Output_Voltage) refers to ffix.o(x$fpl$ffix) for __aeabi_f2iz
    main.o(i.Change_Output_Voltage) refers to main.o(i.MCP4725_SetVoltage) for MCP4725_SetVoltage
    main.o(i.Change_Output_Voltage) refers to main.o(.data) for .data
    main.o(i.Change_Output_Voltage) refers to main.o(.bss) for .bss
    main.o(i.Control_Forward) refers to stm32f1xx_hal_gpio.o(i.HAL_GPIO_WritePin) for HAL_GPIO_WritePin
    main.o(i.Control_Motor_Speed) refers to stm32f1xx_hal_tim.o(i.HAL_TIM_Base_Start_IT) for HAL_TIM_Base_Start_IT
    main.o(i.Control_Motor_Speed) refers to main.o(i.Generate_PWM) for Generate_PWM
    main.o(i.Control_Motor_Speed) refers to stm32f1xx_hal_tim.o(i.HAL_TIM_Base_Stop_IT) for HAL_TIM_Base_Stop_IT
    main.o(i.Control_Motor_Speed) refers to stm32f1xx_hal_tim.o(i.HAL_TIM_PWM_Start) for HAL_TIM_PWM_Start
    main.o(i.Control_Motor_Speed) refers to main.o(i.Control_Forward) for Control_Forward
    main.o(i.Control_Motor_Speed) refers to atoi.o(.text) for atoi
    main.o(i.Control_Motor_Speed) refers to fflt_clz.o(x$fpl$fflt) for __aeabi_i2f
    main.o(i.Control_Motor_Speed) refers to main.o(i.Control_Reverse) for Control_Reverse
    main.o(i.Control_Motor_Speed) refers to main.o(.data) for .data
[...]
    i.HardFault_Handler                      0x0800300a   Section        0  stm32f1xx_it.o(i.HardFault_Handler)
    i.I2C_IsAcknowledgeFailed                0x0800300c   Section        0  stm32f1xx_hal_i2c.o(i.I2C_IsAcknowledgeFailed)
    I2C_IsAcknowledgeFailed                  0x0800300d   Thumb Code    46  stm32f1xx_hal_i2c.o(i.I2C_IsAcknowledgeFailed)
    i.I2C_MasterRequestWrite                 0x0800303c   Section        0  stm32f1xx_hal_i2c.o(i.I2C_MasterRequestWrite)
    I2C_MasterRequestWrite                   0x0800303d   Thumb Code   150  stm32f1xx_hal_i2c.o(i.I2C_MasterRequestWrite)
    i.I2C_RequestMemoryRead                  0x080030d8   Section        0  stm32f1xx_hal_i2c.o(i.I2C_RequestMemoryRead)
    I2C_RequestMemoryRead                    0x080030d9   Thumb Code   246  stm32f1xx_hal_i2c.o(i.I2C_RequestMemoryRead)
    i.I2C_RequestMemoryWrite                 0x080031d4   Section        0  stm32f1xx_hal_i2c.o(i.I2C_RequestMemoryWrite)
    I2C_RequestMemoryWrite                   0x080031d5   Thumb Code   162  stm32f1xx_hal_i2c.o(i.I2C_RequestMemoryWrite)
    i.I2C_WaitOnBTFFlagUntilTimeout          0x0800327c   Section        0  stm32f1xx_hal_i2c.o(i.I2C_WaitOnBTFFlagUntilTimeout)
    I2C_WaitOnBTFFlagUntilTimeout            0x0800327d   Thumb Code    86  stm32f1xx_hal_i2c.o(i.I2C_WaitOnBTFFlagUntilTimeout)
    i.I2C_WaitOnFlagUntilTimeout             0x080032d4   Section        0  stm32f1xx_hal_i2c.o(i.I2C_WaitOnFlagUntilTimeout)
    I2C_WaitOnFlagUntilTimeout               0x080032d5   Thumb Code   144  stm32f1xx_hal_i2c.o(i.I2C_WaitOnFlagUntilTimeout)
    i.I2C_WaitOnMasterAddressFlagUntilTimeout 0x08003364   Section        0  stm32f1xx_hal_i2c.o(i.I2C_WaitOnMasterAddressFlagUntilTimeout)
    I2C_WaitOnMasterAddressFlagUntilTimeout  0x08003365   Thumb Code   188  stm32f1xx_hal_i2c.o(i.I2C_WaitOnMasterAddressFlagUntilTimeout)
    i.I2C_WaitOnRXNEFlagUntilTimeout         0x08003420   Section        0  stm32f1xx_hal_i2c.o(i.I2C_WaitOnRXNEFlagUntilTimeout)
    I2C_WaitOnRXNEFlagUntilTimeout           0x08003421   Thumb Code   112  stm32f1xx_hal_i2c.o(i.I2C_WaitOnRXNEFlagUntilTimeout)
    i.I2C_WaitOnTXEFlagUntilTimeout          0x08003490   Section        0  stm32f1xx_hal_i2c.o(i.I2C_WaitOnTXEFlagUntilTimeout)
    I2C_WaitOnTXEFlagUntilTimeout            0x08003491   Thumb Code    86  stm32f1xx_hal_i2c.o(i.I2C_WaitOnTXEFlagUntilTimeout)
    i.LED_Control                            0x080034e8   Section        0  main.o(i.LED_Control)
    i.LED_Show                               0x0800354c   Section        0  main.o(i.LED_Show)
    i.MCP4725_SetVoltage                     0x08003574   Section        0  main.o(i.MCP4725_SetVoltage)
    i.MX_ADC1_Init                           0x080035a0   Section        0  main.o(i.MX_ADC1_Init)
    MX_ADC1_Init                             0x080035a1   Thumb Code    70  main.o(i.MX_ADC1_Init)
    i.MX_GPIO_Init                           0x080035f0   Section        0  main.o(i.MX_GPIO_Init)
    MX_GPIO_Init                             0x080035f1   Thumb Code   270  main.o(i.MX_GPIO_Init)
    i.MX_TIM1_Init                           0x08003714   Section        0  main.o(i.MX_TIM1_Init)
    MX_TIM1_Init                             0x08003715   Thumb Code   190  main.o(i.MX_TIM1_Init)
    i.MX_TIM2_Init                           0x080037dc   Section        0  main.o(i.MX_TIM2_Init)
    MX_TIM2_Init                             0x080037dd   Thumb Code    96  main.o(i.MX_TIM2_Init)
    i.MX_TIM3_Init                           0x08003840   Section        0  main.o(i.MX_TIM3_Init)
    MX_TIM3_Init                             0x08003841   Thumb Code    96  main.o(i.MX_TIM3_Init)
    i.MemManage_Handler                      0x080038a8   Section        0  stm32f1xx_it.o(i.MemManage_Handler)
    i.NMI_Handler                            0x080038aa   Section        0  stm32f1xx_it.o(i.NMI_Handler)
    i.PendSV_Handler                         0x080038ac   Section        0  stm32f1xx_it.o(i.PendSV_Handler)
    i.Pulse_Transmit_Via_Com                 0x080038b0   Section        0  main.o(i.Pulse_Transmit_Via_Com)
    i.Recover_Data                           0x080038e8   Section        0  main.o(i.Recover_Data)
    i.SRAM_ReadData                          0x080039c8   Section        0  main.o(i.SRAM_ReadData)
    i.SRAM_Read_And_Check_Data               0x08003a30   Section        0  main.o(i.SRAM_Read_And_Check_Data)
    i.SRAM_Read_Cycle                        0x08003a7c   Section        0  main.o(i.SRAM_Read_Cycle)
    i.SRAM_Set_Address                       0x08003ab8   Section        0  main.o(i.SRAM_Set_Address)
    i.SRAM_Set_Data                          0x08003aec   Section        0  main.o(i.SRAM_Set_Data)
    i.SRAM_Write_Cycle                       0x08003b2c   Section        0  main.o(i.SRAM_Write_Cycle)
    i.SRAM_Write_Data                        0x08003b64   Section        0  main.o(i.SRAM_Write_Data)
    i.SVC_Handler                            0x08003b98   Section        0  stm32f1xx_it.o(i.SVC_Handler)
    i.SysTick_Handler                        0x08003b9a   Section        0  stm32f1xx_it.o(i.SysTick_Handler)
    i.SystemClock_Config                     0x08003b9e   Section        0  main.o(i.SystemClock_Config)
    i.SystemInit                             0x08003c10   Section        0  system_stm32f1xx.o(i.SystemInit)
    i.TIM2_IRQHandler                        0x08003c14   Section        0  stm32f1xx_it.o(i.TIM2_IRQHandler)
    i.TIM3_IRQHandler                        0x08003c20   Section        0  stm32f1xx_it.o(i.TIM3_IRQHandler)
    i.TIM_Base_SetConfig                     0x08003c2c   Section        0  stm32f1xx_hal_tim.o(i.TIM_Base_SetConfig)
    i.TIM_CCxChannelCmd                      0x08003ca4   Section        0  stm32f1xx_hal_tim.o(i.TIM_CCxChannelCmd)
    i.TIM_ETR_SetConfig                      0x08003cbe   Section        0  stm32f1xx_hal_tim.o(i.TIM_ETR_SetConfig)
    i.TIM_ITRx_SetConfig                     0x08003cd2   Section        0  stm32f1xx_hal_tim.o(i.TIM_ITRx_SetConfig)
    TIM_ITRx_SetConfig                       0x08003cd3   Thumb Code    16  stm32f1xx_hal_tim.o(i.TIM_ITRx_SetConfig)
    i.TIM_OC1_SetConfig                      0x08003ce4   Section        0  stm32f1xx_hal_tim.o(i.TIM_OC1_SetConfig)
    TIM_OC1_SetConfig                        0x08003ce5   Thumb Code    74  stm32f1xx_hal_tim.o(i.TIM_OC1_SetConfig)
    i.TIM_OC2_SetConfig                      0x08003d34   Section        0  stm32f1xx_hal_tim.o(i.TIM_OC2_SetConfig)
    i.TIM_OC3_SetConfig                      0x08003d8c   Section        0  stm32f1xx_hal_tim.o(i.TIM_OC3_SetConfig)
    TIM_OC3_SetConfig                        0x08003d8d   Thumb Code    82  stm32f1xx_hal_tim.o(i.TIM_OC3_SetConfig)
    i.TIM_OC4_SetConfig                      0x08003de4   Section        0  stm32f1xx_hal_tim.o(i.TIM_OC4_SetConfig)
    TIM_OC4_SetConfig                        0x08003de5   Thumb Code    64  stm32f1xx_hal_tim.o(i.TIM_OC4_SetConfig)
    i.TIM_TI1_ConfigInputStage               0x08003e28   Section        0  stm32f1xx_hal_tim.o(i.TIM_TI1_ConfigInputStage)
    TIM_TI1_ConfigInputStage                 0x08003e29   Thumb Code    34  stm32f1xx_hal_tim.o(i.TIM_TI1_ConfigInputStage)
    i.TIM_TI2_ConfigInputStage               0x08003e4a   Section        0  stm32f1xx_hal_tim.o(i.TIM_TI2_ConfigInputStage)
    TIM_TI2_ConfigInputStage                 0x08003e4b   Thumb Code    36  stm32f1xx_hal_tim.o(i.TIM_TI2_ConfigInputStage)
    i.UART1_RX_Processing                    0x08003e70   Section        0  main.o(i.UART1_RX_Processing)
    i.UART_DMAAbortOnError                   0x0800420c   Section        0  stm32f1xx_hal_uart.o(i.UART_DMAAbortOnError)
    UART_DMAAbortOnError                     0x0800420d   Thumb Code    16  stm32f1xx_hal_uart.o(i.UART_DMAAbortOnError)
    i.UART_DMAError                          0x0800421c   Section        0  stm32f1xx_hal_uart.o(i.UART_DMAError)
    UART_DMAError                            0x0800421d   Thumb Code    74  stm32f1xx_hal_uart.o(i.UART_DMAError)
    i.UART_DMAReceiveCplt                    0x08004266   Section        0  stm32f1xx_hal_uart.o(i.UART_DMAReceiveCplt)
    UART_DMAReceiveCplt                      0x08004267   Thumb Code   134  stm32f1xx_hal_uart.o(i.UART_DMAReceiveCplt)
    i.UART_DMARxHalfCplt                     0x080042ec   Section        0  stm32f1xx_hal_uart.o(i.UART_DMARxHalfCplt)
    UART_DMARxHalfCplt                       0x080042ed   Thumb Code    30  stm32f1xx_hal_uart.o(i.UART_DMARxHalfCplt)
    i.UART_EndRxTransfer                     0x0800430a   Section        0  stm32f1xx_hal_uart.o(i.UART_EndRxTransfer)
    UART_EndRxTransfer                       0x0800430b   Thumb Code    78  stm32f1xx_hal_uart.o(i.UART_EndRxTransfer)
    i.UART_EndTxTransfer                     0x08004358   Section        0  stm32f1xx_hal_uart.o(i.UART_EndTxTransfer)
    UART_EndTxTransfer                       0x08004359   Thumb Code    28  stm32f1xx_hal_uart.o(i.UART_EndTxTransfer)
    i.UART_Receive_IT                        0x08004374   Section        0  stm32f1xx_hal_uart.o(i.UART_Receive_IT)
    UART_Receive_IT                          0x08004375   Thumb Code   194  stm32f1xx_hal_uart.o(i.UART_Receive_IT)
    i.UART_SetConfig                         0x08004438   Section        0  stm32f1xx_hal_uart.o(i.UART_SetConfig)
    UART_SetConfig                           0x08004439   Thumb Code   178  stm32f1xx_hal_uart.o(i.UART_SetConfig)
    i.UART_Start_Receive_DMA                 0x080044f0   Section        0  stm32f1xx_hal_uart.o(i.UART_Start_Receive_DMA)
    i.UART_WaitOnFlagUntilTimeout            0x08004580   Section        0  stm32f1xx_hal_uart.o(i.UART_WaitOnFlagUntilTimeout)
    UART_WaitOnFlagUntilTimeout              0x08004581   Thumb Code   114  stm32f1xx_hal_uart.o(i.UART_WaitOnFlagUntilTimeout)
    i.USART1_IRQHandler                      0x080045f4   Section        0  stm32f1xx_it.o(i.USART1_IRQHandler)
    i.UsageFault_Handler                     0x08004600   Section        0  stm32f1xx_it.o(i.UsageFault_Handler)
    i.__NVIC_SetPriority                     0x08004602   Section        0  stm32f1xx_hal_cortex.o(i.__NVIC_SetPriority)
    __NVIC_SetPriority                       0x08004603   Thumb Code    32  stm32f1xx_hal_cortex.o(i.__NVIC_SetPriority)
    i.main                                   0x08004624   Section        0  main.o(i.main)
    locale$$code                             0x080047d0   Section       44  lc_ctype_c.o(locale$$code)
    x$fpl$d2f                                0x080047fc   Section       98  d2f.o(x$fpl$d2f)
    x$fpl$dadd                               0x08004860   Section      336  daddsub_clz.o(x$fpl$dadd)
    _dadd1                                   0x08004871   Thumb Code     0  daddsub_clz.o(x$fpl$dadd)
    x$fpl$ddiv                               0x080049b0   Section      688  ddiv.o(x$fpl$ddiv)
    ddiv_entry                               0x080049b7   Thumb Code     0  ddiv.o(x$fpl$ddiv)
    x$fpl$dflt                               0x08004c60   Section       46  dflt_clz.o(x$fpl$dflt)
    x$fpl$dnaninf                            0x08004c8e   Section      156  dnaninf.o(x$fpl$dnaninf)
    x$fpl$dretinf                            0x08004d2a   Section       12  dretinf.o(x$fpl$dretinf)
    x$fpl$dsub                               0x08004d38   Section      468  daddsub_clz.o(x$fpl$dsub)
    _dsub1                                   0x08004d49   Thumb Code     0  daddsub_clz.o(x$fpl$dsub)
    x$fpl$fadd                               0x08004f0c   Section      196  faddsub_clz.o(x$fpl$fadd)
    _fadd1                                   0x08004f1b   Thumb Code     0  faddsub_clz.o(x$fpl$fadd)
    x$fpl$fdiv                               0x08004fd0   Section      388  fdiv.o(x$fpl$fdiv)
    _fdiv1                                   0x08004fd1   Thumb Code     0  fdiv.o(x$fpl$fdiv)
    x$fpl$ffix                               0x08005154   Section       54  ffix.o(x$fpl$ffix)
    x$fpl$ffixu                              0x0800518c   Section       62  ffixu.o(x$fpl$ffixu)
    x$fpl$fflt                               0x080051cc   Section       48  fflt_clz.o(x$fpl$fflt)
    x$fpl$ffltu                              0x080051fc   Section       38  fflt_clz.o(x$fpl$ffltu)
    x$fpl$fmul                               0x08005224   Section      258  fmul.o(x$fpl$fmul)
    x$fpl$fnaninf                            0x08005326   Section      140  fnaninf.o(x$fpl$fnaninf)
    x$fpl$fretinf                            0x080053b2   Section       10  fretinf.o(x$fpl$fretinf)
    x$fpl$frsb                               0x080053bc   Section       20  faddsub_clz.o(x$fpl$frsb)
    x$fpl$fsub                               0x080053d0   Section      234  faddsub_clz.o(x$fpl$fsub)
    _fsub1                                   0x080053df   Thumb Code     0  faddsub_clz.o(x$fpl$fsub)
    .constdata                               0x080054ba   Section       18  stm32f1xx_hal_rcc.o(.constdata)
    x$fpl$usenofp                            0x080054ba   Section        0  usenofp.o(x$fpl$usenofp)
    aPredivFactorTable                       0x080054ba   Data           2  stm32f1xx_hal_rcc.o(.constdata)
    aPLLMULFactorTable                       0x080054bc   Data          16  stm32f1xx_hal_rcc.o(.constdata)
    .constdata                               0x080054cc   Section       16  system_stm32f1xx.o(.constdata)
    .constdata                               0x080054dc   Section        8  system_stm32f1xx.o(.constdata)
    locale$$data                             0x08005504   Section      272  lc_ctype_c.o(locale$$data)
    __lcctype_c_name                         0x08005508   Data           2  lc_ctype_c.o(locale$$data)
    __lcctype_c_start                        0x08005510   Data           0  lc_ctype_c.o(locale$$data)
    __lcctype_c_end                          0x08005614   Data           0  lc_ctype_c.o(locale$$data)
    .data                                    0x20000000   Section      112  main.o(.data)
    .data                                    0x20000070   Section       12  stm32f1xx_hal.o(.data)
    .data                                    0x2000007c   Section        4  system_stm32f1xx.o(.data)
    .bss                                     0x20000080   Section      576  main.o(.bss)
    .bss                                     0x200002c0   Section       68  main.o(.bss)
    .bss                                     0x20000304   Section       68  main.o(.bss)
    .bss                                     0x20000348   Section       96  libspace.o(.bss)
    HEAP                                     0x200003a8   Section      512  startup_stm32f103xb.o(HEAP)
    Heap_Mem                                 0x200003a8   Data         512  startup_stm32f103xb.o(HEAP)
    STACK                                    0x200005a8   Section     1024  startup_stm32f103xb.o(STACK)
    Stack_Mem                                0x200005a8   Data        1024  startup_stm32f103xb.o(STACK)
    __initial_sp                             0x200009a8   Data           0  startup_stm32f103xb.o(STACK)

    Global Symbols

    Symbol Name                              Value     Ov Type        Size  Object(Section)

    BuildAttributes$$THM_ISAv4$P$D$K$B$S$PE$A:L22UL41UL21$X:L11$S22US41US21$IEEE1$IW$USESV6$~STKCKD$USESV7$~SHL$OSPACE$ROPI$EBA8$UX$STANDARDLIB$REQ8$PRES8$EABIv2 0x00000000   Number         0  anon$$obj.o ABSOLUTE
    __ARM_use_no_argv                        0x00000000   Number         0  main.o ABSOLUTE
    _printf_flags                            0x00000000   Number         0  printf_stubs.o ABSOLUTE
    _printf_return_value                     0x00000000   Number         0  printf_stubs.o ABSOLUTE
    _printf_sizespec                         0x00000000   Number         0  printf_stubs.o ABSOLUTE
    _printf_widthprec                        0x00000000   Number         0  printf_stubs.o ABSOLUTE
    __ARM_exceptions_init                     - Undefined Weak Reference
    __alloca_initialize                       - Undefined Weak Reference
    __arm_preinit_                            - Undefined Weak Reference
    __cpp_initialize__aeabi_                  - Undefined Weak Reference
    __cxa_finalize                            - Undefined Weak Reference
    __sigvec_lookup                           - Undefined Weak Reference
    _atexit_init                              - Undefined Weak Reference
    _call_atexit_fns                          - Undefined Weak Reference
    _clock_init                               - Undefined Weak Reference
    _fp_trap_init                             - Undefined Weak Reference
    _fp_trap_shutdown                         - Undefined Weak Reference
    _get_lc_collate                           - Undefined Weak Reference
    _get_lc_monetary                          - Undefined Weak Reference
    _get_lc_numeric                           - Undefined Weak Reference
    _get_lc_time                              - Undefined Weak Reference
    _getenv_init                              - Undefined Weak Reference
    _handle_redirection                       - Undefined Weak Reference
    _init_alloc                               - Undefined Weak Reference
    _init_user_alloc                          - Undefined Weak Reference
    _initio                                   - Undefined Weak Reference
    _printf_post_padding                      - Undefined Weak Reference
    _printf_pre_padding                       - Undefined Weak Reference
    _printf_truncate_signed                   - Undefined Weak Reference
    _printf_truncate_unsigned                 - Undefined Weak Reference
    _rand_init                                - Undefined Weak Reference
    _signal_finish                            - Undefined Weak Reference
    _signal_init                              - Undefined Weak Reference
    _terminate_alloc                          - Undefined Weak Reference
    _terminate_user_alloc                     - Undefined Weak Reference
    _terminateio                              - Undefined Weak Reference
    __Vectors_Size                           0x000000ec   Number         0  startup_stm32f103xb.o ABSOLUTE
    __Vectors                                0x08000000   Data           4  startup_stm32f103xb.o(RESET)
    __Vectors_End                            0x080000ec   Data           0  startup_stm32f103xb.o(RESET)
    __main                                   0x080000ed   Thumb Code     8  __main.o(!!!main)
    __scatterload                            0x080000f5   Thumb Code     0  __scatter.o(!!!scatter)
    __scatterload_rt2                        0x080000f5   Thumb Code    44  __scatter.o(!!!scatter)
    __scatterload_rt2_thumb_only             0x080000f5   Thumb Code     0  __scatter.o(!!!scatter)
    __scatterload_null                       0x08000103   Thumb Code     0  __scatter.o(!!!scatter)
    __scatterload_copy                       0x08000129   Thumb Code    26  __scatter_copy.o(!!handler_copy)
    __scatterload_zeroinit                   0x08000145   Thumb Code    28  __scatter_zi.o(!!handler_zi)
    _printf_d                                0x08000161   Thumb Code     0  _printf_d.o(.ARM.Collect$$_printf_percent$$00000009)
    _printf_percent                          0x08000161   Thumb Code     0  _printf_percent.o(.ARM.Collect$$_printf_percent$$00000000)
    _printf_percent_end                      0x08000167   Thumb Code     0  _printf_percent_end.o(.ARM.Collect$$_printf_percent$$00000017)
    __rt_lib_init                            0x0800016b   Thumb Code     0  libinit.o(.ARM.Collect$$libinit$$00000000)
    __rt_lib_init_fp_1                       0x0800016d   Thumb Code     0  libinit2.o(.ARM.Collect$$libinit$$00000002)
    __rt_lib_init_heap_1                     0x0800016d   Thumb Code     0  libinit2.o(.ARM.Collect$$libinit$$0000000A)
    __rt_lib_init_lc_common                  0x0800016d   Thumb Code     0  libinit2.o(.ARM.Collect$$libinit$$0000000F)
    __rt_lib_init_preinit_1                  0x0800016d   Thumb Code     0  libinit2.o(.ARM.Collect$$libinit$$00000004)
    __rt_lib_init_rand_1                     0x0800016d   Thumb Code     0  libinit2.o(.ARM.Collect$$libinit$$0000000E)
    __rt_lib_init_user_alloc_1               0x0800016d   Thumb Code     0  libinit2.o(.ARM.Collect$$libinit$$0000000C)
    __rt_lib_init_lc_collate_1               0x08000173   Thumb Code     0  libinit2.o(.ARM.Collect$$libinit$$00000011)
    __rt_lib_init_lc_ctype_2                 0x08000173   Thumb Code     0  libinit2.o(.ARM.Collect$$libinit$$00000012)
    __rt_lib_init_alloca_1                   0x0800017f   Thumb Code     0  libinit2.o(.ARM.Collect$$libinit$$0000002E)
    __rt_lib_init_argv_1                     0x0800017f   Thumb Code     0  libinit2.o(.ARM.Collect$$libinit$$0000002C)
    __rt_lib_init_atexit_1                   0x0800017f   Thumb Code     0  libinit2.o(.ARM.Collect$$libinit$$0000001B)
    __rt_lib_init_clock_1                    0x0800017f   Thumb Code     0  libinit2.o(.ARM.Collect$$libinit$$00000021)
    __rt_lib_init_cpp_1                      0x0800017f   Thumb Code     0  libinit2.o(.ARM.Collect$$libinit$$00000032)
    __rt_lib_init_exceptions_1               0x0800017f   Thumb Code     0  libinit2.o(.ARM.Collect$$libinit$$00000030)
    __rt_lib_init_fp_trap_1                  0x0800017f   Thumb Code     0  libinit2.o(.ARM.Collect$$libinit$$0000001F)
    __rt_lib_init_getenv_1                   0x0800017f   Thumb Code     0  libinit2.o(.ARM.Collect$$libinit$$00000023)
    __rt_lib_init_lc_ctype_1                 0x0800017f   Thumb Code     0  libinit2.o(.ARM.Collect$$libinit$$00000013)
    __rt_lib_init_lc_monetary_1              0x0800017f   Thumb Code     0  libinit2.o(.ARM.Collect$$libinit$$00000015)
    __rt_lib_init_lc_numeric_1               0x0800017f   Thumb Code     0  libinit2.o(.ARM.Collect$$libinit$$00000017)
    __rt_lib_init_lc_time_1                  0x0800017f   Thumb Code     0  libinit2.o(.ARM.Collect$$libinit$$00000019)
    __rt_lib_init_return                     0x0800017f   Thumb Code     0  libinit2.o(.ARM.Collect$$libinit$$00000033)
    __rt_lib_init_signal_1                   0x0800017f   Thumb Code     0  libinit2.o(.ARM.Collect$$libinit$$0000001D)
    __rt_lib_init_stdio_1                    0x0800017f   Thumb Code     0  libinit2.o(.ARM.Collect$$libinit$$00000025)
    __rt_lib_shutdown                        0x08000181   Thumb Code     0  libshutdown.o(.ARM.Collect$$libshutdown$$00000000)
    __rt_lib_shutdown_cpp_1                  0x08000183   Thumb Code     0  libshutdown2.o(.ARM.Collect$$libshutdown$$00000002)
    __rt_lib_shutdown_fp_trap_1              0x08000183   Thumb Code     0  libshutdown2.o(.ARM.Collect$$libshutdown$$00000007)
    __rt_lib_shutdown_heap_1                 0x08000183   Thumb Code     0  libshutdown2.o(.ARM.Collect$$libshutdown$$0000000F)
    __rt_lib_shutdown_return                 0x08000183   Thumb Code     0  libshutdown2.o(.ARM.Collect$$libshutdown$$00000010)
    __rt_lib_shutdown_signal_1               0x08000183   Thumb Code     0  libshutdown2.o(.ARM.Collect$$libshutdown$$0000000A)
    __rt_lib_shutdown_stdio_1                0x08000183   Thumb Code     0  libshutdown2.o(.ARM.Collect$$libshutdown$$00000004)
    __rt_lib_shutdown_user_alloc_1           0x08000183   Thumb Code     0  libshutdown2.o(.ARM.Collect$$libshutdown$$0000000C)
    __rt_entry                               0x08000185   Thumb Code     0  __rtentry.o(.ARM.Collect$$rtentry$$00000000)
    __rt_entry_presh_1                       0x08000185   Thumb Code     0  __rtentry2.o(.ARM.Collect$$rtentry$$00000002)
    __rt_entry_sh                            0x08000185   Thumb Code     0  __rtentry4.o(.ARM.Collect$$rtentry$$00000004)
    __rt_entry_li                            0x0800018b   Thumb Code     0  __rtentry2.o(.ARM.Collect$$rtentry$$0000000A)
    __rt_entry_postsh_1                      0x0800018b   Thumb Code     0  __rtentry2.o(.ARM.Collect$$rtentry$$00000009)
    __rt_entry_main                          0x0800018f   Thumb Code     0  __rtentry2.o(.ARM.Collect$$rtentry$$0000000D)
    __rt_entry_postli_1                      0x0800018f   Thumb Code     0  __rtentry2.o(.ARM.Collect$$rtentry$$0000000C)
    __rt_exit                                0x08000197   Thumb Code     0  rtexit.o(.ARM.Collect$$rtexit$$00000000)
    __rt_exit_ls                             0x08000199   Thumb Code     0  rtexit2.o(.ARM.Collect$$rtexit$$00000003)
    __rt_exit_prels_1                        0x08000199   Thumb Code     0  rtexit2.o(.ARM.Collect$$rtexit$$00000002)
    __rt_exit_exit                           0x0800019d   Thumb Code     0  rtexit2.o(.ARM.Collect$$rtexit$$00000004)
    Reset_Handler                            0x080001a5   Thumb Code     8  startup_stm32f103xb.o(.text)
    ADC1_2_IRQHandler                        0x080001bf   Thumb Code     0  startup_stm32f103xb.o(.text)
    CAN1_RX1_IRQHandler                      0x080001bf   Thumb Code     0  startup_stm32f103xb.o(.text)
    CAN1_SCE_IRQHandler                      0x080001bf   Thumb Code     0  startup_stm32f103xb.o(.text)
    DMA1_Channel1_IRQHandler                 0x080001bf   Thumb Code     0  startup_stm32f103xb.o(.text)
    DMA1_Channel2_IRQHandler                 0x080001bf   Thumb Code     0  startup_stm32f103xb.o(.text)
    DMA1_Channel3_IRQHandler                 0x080001bf   Thumb Code     0  startup_stm32f103xb.o(.text)
    DMA1_Channel6_IRQHandler                 0x080001bf   Thumb Code     0  startup_stm32f103xb.o(.text)
    DMA1_Channel7_IRQHandler                 0x080001bf   Thumb Code     0  startup_stm32f103xb.o(.text)
    EXTI15_10_IRQHandler                     0x080001bf   Thumb Code     0  startup_stm32f103xb.o(.text)
    EXTI1_IRQHandler                         0x080001bf   Thumb Code     0  startup_stm32f103xb.o(.text)
    EXTI2_IRQHandler                         0x080001bf   Thumb Code     0  startup_stm32f103xb.o(.text)
    EXTI3_IRQHandler                         0x080001bf   Thumb Code     0  startup_stm32f103xb.o(.text)
    EXTI4_IRQHandler                         0x080001bf   Thumb Code     0  startup_stm32f103xb.o(.text)
    EXTI9_5_IRQHandler                       0x080001bf   Thumb Code     0  startup_stm32f103xb.o(.text)
    FLASH_IRQHandler                         0x080001bf   Thumb Code     0  startup_stm32f103xb.o(.text)
    I2C1_ER_IRQHandler                       0x080001bf   Thumb Code     0  startup_stm32f103xb.o(.text)
    I2C1_EV_IRQHandler                       0x080001bf   Thumb Code     0  startup_stm32f103xb.o(.text)
    I2C2_ER_IRQHandler                       0x080001bf   Thumb Code     0  startup_stm32f103xb.o(.text)
    I2C2_EV_IRQHandler                       0x080001bf   Thumb Code     0  startup_stm32f103xb.o(.text)
    PVD_IRQHandler                           0x080001bf   Thumb Code     0  startup_stm32f103xb.o(.text)
    RCC_IRQHandler                           0x080001bf   Thumb Code     0  startup_stm32f103xb.o(.text)
    RTC_Alarm_IRQHandler                     0x080001bf   Thumb Code     0  startup_stm32f103xb.o(.text)
    RTC_IRQHandler                           0x080001bf   Thumb Code     0  startup_stm32f103xb.o(.text)
    SPI1_IRQHandler                          0x080001bf   Thumb Code     0  startup_stm32f103xb.o(.text)
    SPI2_IRQHandler                          0x080001bf   Thumb Code     0  startup_stm32f103xb.o(.text)
    TAMPER_IRQHandler                        0x080001bf   Thumb Code     0  startup_stm32f103xb.o(.text)
    TIM1_BRK_IRQHandler                      0x080001bf   Thumb Code     0  startup_stm32f103xb.o(.text)
    TIM1_CC_IRQHandler                       0x080001bf   Thumb Code     0  startup_stm32f103xb.o(.text)
    TIM1_TRG_COM_IRQHandler                  0x080001bf   Thumb Code     0  startup_stm32f103xb.o(.text)
    TIM1_UP_IRQHandler                       0x080001bf   Thumb Code     0  startup_stm32f103xb.o(.text)
    TIM4_IRQHandler                          0x080001bf   Thumb Code     0  startup_stm32f103xb.o(.text)
    USART2_IRQHandler                        0x080001bf   Thumb Code     0  startup_stm32f103xb.o(.text)
    USART3_IRQHandler                        0x080001bf   Thumb Code     0  startup_stm32f103xb.o(.text)
    USBWakeUp_IRQHandler                     0x080001bf   Thumb Code     0  startup_stm32f103xb.o(.text)
    USB_HP_CAN1_TX_IRQHandler                0x080001bf   Thumb Code     0  startup_stm32f103xb.o(.text)
    USB_LP_CAN1_RX0_IRQHandler               0x080001bf   Thumb Code     0  startup_stm32f103xb.o(.text)
    WWDG_IRQHandler                          0x080001bf   Thumb Code     0  startup_stm32f103xb.o(.text)
    __user_initial_stackheap                 0x080001c1   Thumb Code     0  startup_stm32f103xb.o(.text)
    __2sprintf                               0x080001e5   Thumb Code    38  __2sprintf.o(.text)
    __printf                                 0x08000211   Thumb Code   104  __printf.o(.text)
    _printf_int_dec                          0x08000279   Thumb Code   104  _printf_dec.o(.text)
    atoi                                     0x080002f1   Thumb Code    26  atoi.o(.text)
    memcmp                                   0x0800030b   Thumb Code    88  memcmp.o(.text)
    strcpy                                   0x08000363   Thumb Code    72  strcpy.o(.text)
    strlen                                   0x080003ab   Thumb Code    62  strlen.o(.text)
    strncmp                                  0x080003e9   Thumb Code   150  strncmp.o(.text)
    __aeabi_memclr4                          0x0800047f   Thumb Code     0  rt_memclr_w.o(.text)
    __aeabi_memclr8                          0x0800047f   Thumb Code     0  rt_memclr_w.o(.text)
    __rt_memclr_w                            0x0800047f   Thumb Code    78  rt_memclr_w.o(.text)
    _memset_w                                0x08000483   Thumb Code     0  rt_memclr_w.o(.text)
    __use_two_region_memory                  0x080004cd   Thumb Code     2  heapauxi.o(.text)
    __rt_heap_escrow$2region                 0x080004cf   Thumb Code     2  heapauxi.o(.text)
    __rt_heap_expand$2region                 0x080004d1   Thumb Code     2  heapauxi.o(.text)
    __aeabi_errno_addr                       0x080004d5   Thumb Code     8  rt_errno_addr_intlibspace.o(.text)
    __errno$intlibspace                      0x080004d5   Thumb Code     0  rt_errno_addr_intlibspace.o(.text)
    __rt_errno_addr$intlibspace              0x080004d5   Thumb Code     0  rt_errno_addr_intlibspace.o(.text)
    _printf_int_common                       0x080004dd   Thumb Code   178  _printf_intcommon.o(.text)
    _printf_char_common                      0x0800059b   Thumb Code    32  _printf_char_common.o(.text)
    _sputc                                   0x080005c1   Thumb Code    10  _sputc.o(.text)
    strtol                                   0x080005cb   Thumb Code   112  strtol.o(.text)
    __user_libspace                          0x0800063d   Thumb Code     8  libspace.o(.text)
    __user_perproc_libspace                  0x0800063d   Thumb Code     0  libspace.o(.text)
    __user_perthread_libspace                0x0800063d   Thumb Code     0  libspace.o(.text)
    __rt_ctype_table                         0x08000645   Thumb Code    16  rt_ctype_table.o(.text)
    _strtoul                                 0x08000655   Thumb Code   158  _strtoul.o(.text)
    __user_setup_stackheap                   0x080006f3   Thumb Code    74  sys_stackheap_outer.o(.text)
    __rt_locale                              0x0800073d   Thumb Code     8  rt_locale_intlibspace.o(.text)
    _chval                                   0x08000745   Thumb Code    28  _chval.o(.text)
    exit                                     0x08000761   Thumb Code    18  exit.o(.text)
    strcmp                                   0x08000775   Thumb Code   128  strcmpv7m.o(.text)
    _sys_exit                                0x080007f5   Thumb Code     8  sys_exit.o(.text)
    __I$use$semihosting                      0x08000801   Thumb Code     0  use_no_semi.o(.text)
    __use_no_semihosting_swi                 0x08000801   Thumb Code     2  use_no_semi.o(.text)
    __semihosting_library_function           0x08000803   Thumb Code     0  indicate_semi.o(.text)
    ADC_ConversionStop_Disable               0x08000805   Thumb Code    86  stm32f1xx_hal_adc.o(i.ADC_ConversionStop_Disable)
    ADC_Enable                               0x0800085d   Thumb Code   114  stm32f1xx_hal_adc.o(i.ADC_Enable)
    Active_Inactive_Status_Tracking          0x080008d9   Thumb Code   192  main.o(i.Active_Inactive_Status_Tracking)
    BusFault_Handler                         0x08000a39   Thumb Code     2  stm32f1xx_it.o(i.BusFault_Handler)
    Change_Motor_Position                    0x08000a3d   Thumb Code   136  main.o(i.Change_Motor_Position)
    Change_Output_Voltage                    0x08000aed   Thumb Code    90  main.o(i.Change_Output_Voltage)
    Control_Forward                          0x08000b69   Thumb Code    38  main.o(i.Control_Forward)
    Control_Motor_Speed                      0x08000b95   Thumb Code   118  main.o(i.Control_Motor_Speed)
    Control_Position                         0x08000c15   Thumb Code    80  main.o(i.Control_Position)
    Control_Reverse                          0x08000c6d   Thumb Code    38  main.o(i.Control_Reverse)
    Control_Stop                             0x08000c99   Thumb Code    38  main.o(i.Control_Stop)
    DMA1_Channel4_IRQHandler                 0x08000cc5   Thumb Code     6  stm32f1xx_it.o(i.DMA1_Channel4_IRQHandler)
    DMA1_Channel5_IRQHandler                 0x08000cd1   Thumb Code     6  stm32f1xx_it.o(i.DMA1_Channel5_IRQHandler)
    DebugMon_Handler                         0x08000d07   Thumb Code     2  stm32f1xx_it.o(i.DebugMon_Handler)
    EEPROM_Processing                        0x08000d09   Thumb Code    56  main.o(i.EEPROM_Processing)
    EXTI0_IRQHandler                         0x08000d49   Thumb Code     6  stm32f1xx_it.o(i.EXTI0_IRQHandler)
    Error_Handler                            0x08000d4f   Thumb Code     4  main.o(i.Error_Handler)
    Generate_PWM                             0x08000d55   Thumb Code    84  main.o(i.Generate_PWM)
    HAL_ADC_ConfigChannel                    0x08000db1   Thumb Code   240  stm32f1xx_hal_adc.o(i.HAL_ADC_ConfigChannel)
    HAL_ADC_GetValue                         0x08000ead   Thumb Code     6  stm32f1xx_hal_adc.o(i.HAL_ADC_GetValue)
    HAL_ADC_Init                             0x08000eb5   Thumb Code   272  stm32f1xx_hal_adc.o(i.HAL_ADC_Init)
    HAL_ADC_MspInit                          0x08000fd1   Thumb Code    76  stm32f1xx_hal_msp.o(i.HAL_ADC_MspInit)
    HAL_ADC_Start                            0x08001029   Thumb Code   184  stm32f1xx_hal_adc.o(i.HAL_ADC_Start)
    HAL_ADC_Stop                             0x080010e9   Thumb Code    52  stm32f1xx_hal_adc.o(i.HAL_ADC_Stop)
    HAL_DMA_Abort                            0x0800111d   Thumb Code    70  stm32f1xx_hal_dma.o(i.HAL_DMA_Abort)
    HAL_DMA_Abort_IT                         0x08001165   Thumb Code   148  stm32f1xx_hal_dma.o(i.HAL_DMA_Abort_IT)
    HAL_DMA_IRQHandler                       0x080011fd   Thumb Code   316  stm32f1xx_hal_dma.o(i.HAL_DMA_IRQHandler)
    HAL_DMA_Init                             0x08001351   Thumb Code    84  stm32f1xx_hal_dma.o(i.HAL_DMA_Init)
    HAL_DMA_Start_IT                         0x080013ad   Thumb Code   112  stm32f1xx_hal_dma.o(i.HAL_DMA_Start_IT)
    HAL_Delay                                0x0800141d   Thumb Code    32  stm32f1xx_hal.o(i.HAL_Delay)
    HAL_GPIO_EXTI_Callback                   0x08001441   Thumb Code    28  main.o(i.HAL_GPIO_EXTI_Callback)
    HAL_GPIO_EXTI_IRQHandler                 0x08001465   Thumb Code    18  stm32f1xx_hal_gpio.o(i.HAL_GPIO_EXTI_IRQHandler)
    HAL_GPIO_Init                            0x0800147d   Thumb Code   446  stm32f1xx_hal_gpio.o(i.HAL_GPIO_Init)
    HAL_GPIO_ReadPin                         0x0800165d   Thumb Code    10  stm32f1xx_hal_gpio.o(i.HAL_GPIO_ReadPin)
    HAL_GPIO_WritePin                        0x08001667   Thumb Code    10  stm32f1xx_hal_gpio.o(i.HAL_GPIO_WritePin)
    HAL_GetTick                              0x08001671   Thumb Code     6  stm32f1xx_hal.o(i.HAL_GetTick)
    HAL_I2C_Init                             0x0800167d   Thumb Code   376  stm32f1xx_hal_i2c.o(i.HAL_I2C_Init)
    HAL_I2C_Master_Transmit                  0x08001805   Thumb Code   290  stm32f1xx_hal_i2c.o(i.HAL_I2C_Master_Transmit)
    HAL_I2C_Mem_Read                         0x08001931   Thumb Code   586  stm32f1xx_hal_i2c.o(i.HAL_I2C_Mem_Read)
    HAL_I2C_Mem_Write                        0x08001b8d   Thumb Code   294  stm32f1xx_hal_i2c.o(i.HAL_I2C_Mem_Write)
    HAL_I2C_MspInit                          0x08001cbd   Thumb Code   134  stm32f1xx_hal_msp.o(i.HAL_I2C_MspInit)
    HAL_IncTick                              0x08001d55   Thumb Code    12  stm32f1xx_hal.o(i.HAL_IncTick)
    HAL_Init                                 0x08001d65   Thumb Code    32  stm32f1xx_hal.o(i.HAL_Init)
    HAL_InitTick                             0x08001d89   Thumb Code    54  stm32f1xx_hal.o(i.HAL_InitTick)
    HAL_MspInit                              0x08001dc9   Thumb Code    52  stm32f1xx_hal_msp.o(i.HAL_MspInit)
    HAL_NVIC_EnableIRQ                       0x08001e05   Thumb Code    26  stm32f1xx_hal_cortex.o(i.HAL_NVIC_EnableIRQ)
    HAL_NVIC_SetPriority                     0x08001e21   Thumb Code    60  stm32f1xx_hal_cortex.o(i.HAL_NVIC_SetPriority)
    HAL_NVIC_SetPriorityGrouping             0x08001e61   Thumb Code    26  stm32f1xx_hal_cortex.o(i.HAL_NVIC_SetPriorityGrouping)
    HAL_RCCEx_PeriphCLKConfig                0x08001e85   Thumb Code   224  stm32f1xx_hal_rcc_ex.o(i.HAL_RCCEx_PeriphCLKConfig)
    HAL_RCC_ClockConfig                      0x08001f71   Thumb Code   280  stm32f1xx_hal_rcc.o(i.HAL_RCC_ClockConfig)
    HAL_RCC_GetPCLK1Freq                     0x0800209d   Thumb Code    20  stm32f1xx_hal_rcc.o(i.HAL_RCC_GetPCLK1Freq)
    HAL_RCC_GetPCLK2Freq                     0x080020bd   Thumb Code    20  stm32f1xx_hal_rcc.o(i.HAL_RCC_GetPCLK2Freq)
    HAL_RCC_GetSysClockFreq                  0x080020dd   Thumb Code    58  stm32f1xx_hal_rcc.o(i.HAL_RCC_GetSysClockFreq)
    HAL_RCC_OscConfig                        0x08002129   Thumb Code   778  stm32f1xx_hal_rcc.o(i.HAL_RCC_OscConfig)
    HAL_SYSTICK_Config                       0x08002449   Thumb Code    40  stm32f1xx_hal_cortex.o(i.HAL_SYSTICK_Config)
    HAL_TIMEx_BreakCallback                  0x08002471   Thumb Code     2  stm32f1xx_hal_tim_ex.o(i.HAL_TIMEx_BreakCallback)
    HAL_TIMEx_CommutCallback                 0x08002473   Thumb Code     2  stm32f1xx_hal_tim_ex.o(i.HAL_TIMEx_CommutCallback)
    HAL_TIMEx_ConfigBreakDeadTime            0x08002475   Thumb Code    84  stm32f1xx_hal_tim_ex.o(i.HAL_TIMEx_ConfigBreakDeadTime)
    HAL_TIMEx_MasterConfigSynchronization    0x080024c9   Thumb Code    92  stm32f1xx_hal_tim_ex.o(i.HAL_TIMEx_MasterConfigSynchronization)
    HAL_TIM_Base_Init                        0x08002531   Thumb Code    90  stm32f1xx_hal_tim.o(i.HAL_TIM_Base_Init)
    HAL_TIM_Base_MspInit                     0x0800258d   Thumb Code   108  stm32f1xx_hal_msp.o(i.HAL_TIM_Base_MspInit)
    HAL_TIM_Base_Start_IT                    0x08002605   Thumb Code    76  stm32f1xx_hal_tim.o(i.HAL_TIM_Base_Start_IT)
    HAL_TIM_Base_Stop_IT                     0x0800265d   Thumb Code    48  stm32f1xx_hal_tim.o(i.HAL_TIM_Base_Stop_IT)
    HAL_TIM_ConfigClockSource                0x0800268d   Thumb Code   220  stm32f1xx_hal_tim.o(i.HAL_TIM_ConfigClockSource)
    HAL_TIM_IC_CaptureCallback               0x08002769   Thumb Code     2  stm32f1xx_hal_tim.o(i.HAL_TIM_IC_CaptureCallback)
    HAL_TIM_IRQHandler                       0x0800276b   Thumb Code   304  stm32f1xx_hal_tim.o(i.HAL_TIM_IRQHandler)
    HAL_TIM_MspPostInit                      0x0800289d   Thumb Code    64  stm32f1xx_hal_msp.o(i.HAL_TIM_MspPostInit)
    HAL_TIM_OC_DelayElapsedCallback          0x080028e9   Thumb Code     2  stm32f1xx_hal_tim.o(i.HAL_TIM_OC_DelayElapsedCallback)
    HAL_TIM_PWM_ConfigChannel                0x080028eb   Thumb Code   204  stm32f1xx_hal_tim.o(i.HAL_TIM_PWM_ConfigChannel)
    HAL_TIM_PWM_Init                         0x080029b7   Thumb Code    90  stm32f1xx_hal_tim.o(i.HAL_TIM_PWM_Init)
    HAL_TIM_PWM_MspInit                      0x08002a11   Thumb Code     2  stm32f1xx_hal_tim.o(i.HAL_TIM_PWM_MspInit)
    HAL_TIM_PWM_PulseFinishedCallback        0x08002a13   Thumb Code     2  stm32f1xx_hal_tim.o(i.HAL_TIM_PWM_PulseFinishedCallback)
    HAL_TIM_PWM_Start                        0x08002a15   Thumb Code   144  stm32f1xx_hal_tim.o(i.HAL_TIM_PWM_Start)
    HAL_TIM_PeriodElapsedCallback            0x08002ab1   Thumb Code   142  main.o(i.HAL_TIM_PeriodElapsedCallback)
    HAL_TIM_TriggerCallback                  0x08002b51   Thumb Code     2  stm32f1xx_hal_tim.o(i.HAL_TIM_TriggerCallback)
    HAL_UARTEx_ReceiveToIdle_DMA             0x08002b53   Thumb Code    74  stm32f1xx_hal_uart.o(i.HAL_UARTEx_ReceiveToIdle_DMA)
    HAL_UARTEx_RxEventCallback               0x08002b9d   Thumb Code    16  main.o(i.HAL_UARTEx_RxEventCallback)
    HAL_UART_ErrorCallback                   0x08002bb5   Thumb Code     2  stm32f1xx_hal_uart.o(i.HAL_UART_ErrorCallback)
    HAL_UART_IRQHandler                      0x08002bb9   Thumb Code   616  stm32f1xx_hal_uart.o(i.HAL_UART_IRQHandler)
    HAL_UART_Init                            0x08002e25   Thumb Code   100  stm32f1xx_hal_uart.o(i.HAL_UART_Init)
    HAL_UART_MspInit                         0x08002e89   Thumb Code   196  stm32f1xx_hal_msp.o(i.HAL_UART_MspInit)
    HAL_UART_RxCpltCallback                  0x08002f65   Thumb Code     2  stm32f1xx_hal_uart.o(i.HAL_UART_RxCpltCallback)
    HAL_UART_RxHalfCpltCallback              0x08002f67   Thumb Code     2  stm32f1xx_hal_uart.o(i.HAL_UART_RxHalfCpltCallback)
    HAL_UART_Transmit                        0x08002f69   Thumb Code   160  stm32f1xx_hal_uart.o(i.HAL_UART_Transmit)
    HAL_UART_TxCpltCallback                  0x08003009   Thumb Code     2  stm32f1xx_hal_uart.o(i.HAL_UART_TxCpltCallback)
    HardFault_Handler                        0x0800300b   Thumb Code     2  stm32f1xx_it.o(i.HardFault_Handler)
    LED_Control                              0x080034e9   Thumb Code    86  main.o(i.LED_Control)
    LED_Show                                 0x0800354d   Thumb Code    36  main.o(i.LED_Show)
    MCP4725_SetVoltage                       0x08003575   Thumb Code    40  main.o(i.MCP4725_SetVoltage)
    MemManage_Handler                        0x080038a9   Thumb Code     2  stm32f1xx_it.o(i.MemManage_Handler)
    NMI_Handler                              0x080038ab   Thumb Code     2  stm32f1xx_it.o(i.NMI_Handler)
    PendSV_Handler                           0x080038ad   Thumb Code     2  stm32f1xx_it.o(i.PendSV_Handler)
    Pulse_Transmit_Via_Com                   0x080038b1   Thumb Code    40  main.o(i.Pulse_Transmit_Via_Com)
    Recover_Data                             0x080038e9   Thumb Code   196  main.o(i.Recover_Data)
    SRAM_ReadData                            0x080039c9   Thumb Code   100  main.o(i.SRAM_ReadData)
    SRAM_Read_And_Check_Data                 0x08003a31   Thumb Code    72  main.o(i.SRAM_Read_And_Check_Data)
    SRAM_Read_Cycle                          0x08003a7d   Thumb Code    56  main.o(i.SRAM_Read_Cycle)
    SRAM_Set_Address                         0x08003ab9   Thumb Code    46  main.o(i.SRAM_Set_Address)
    SRAM_Set_Data                            0x08003aed   Thumb Code    60  main.o(i.SRAM_Set_Data)
    SRAM_Write_Cycle                         0x08003b2d   Thumb Code    52  main.o(i.SRAM_Write_Cycle)
    SRAM_Write_Data                          0x08003b65   Thumb Code    48  main.o(i.SRAM_Write_Data)
    SVC_Handler                              0x08003b99   Thumb Code     2  stm32f1xx_it.o(i.SVC_Handler)
    SysTick_Handler                          0x08003b9b   Thumb Code     4  stm32f1xx_it.o(i.SysTick_Handler)
    SystemClock_Config                       0x08003b9f   Thumb Code   114  main.o(i.SystemClock_Config)
    SystemInit                               0x08003c11   Thumb Code     2  system_stm32f1xx.o(i.SystemInit)
    TIM2_IRQHandler                          0x08003c15   Thumb Code     6  stm32f1xx_it.o(i.TIM2_IRQHandler)
    TIM3_IRQHandler                          0x08003c21   Thumb Code     6  stm32f1xx_it.o(i.TIM3_IRQHandler)
    TIM_Base_SetConfig                       0x08003c2d   Thumb Code   108  stm32f1xx_hal_tim.o(i.TIM_Base_SetConfig)
    TIM_CCxChannelCmd                        0x08003ca5   Thumb Code    26  stm32f1xx_hal_tim.o(i.TIM_CCxChannelCmd)
    TIM_ETR_SetConfig                        0x08003cbf   Thumb Code    20  stm32f1xx_hal_tim.o(i.TIM_ETR_SetConfig)
    TIM_OC2_SetConfig                        0x08003d35   Thumb Code    84  stm32f1xx_hal_tim.o(i.TIM_OC2_SetConfig)
    UART1_RX_Processing                      0x08003e71   Thumb Code   602  main.o(i.UART1_RX_Processing)
    UART_Start_Receive_DMA                   0x080044f1   Thumb Code   130  stm32f1xx_hal_uart.o(i.UART_Start_Receive_DMA)
    USART1_IRQHandler                        0x080045f5   Thumb Code     6  stm32f1xx_it.o(i.USART1_IRQHandler)
    UsageFault_Handler                       0x08004601   Thumb Code     2  stm32f1xx_it.o(i.UsageFault_Handler)
    main                                     0x08004625   Thumb Code   392  main.o(i.main)
    _get_lc_ctype                            0x080047d1   Thumb Code    44  lc_ctype_c.o(locale$$code)
    __aeabi_d2f                              0x080047fd   Thumb Code     0  d2f.o(x$fpl$d2f)
    _d2f                                     0x080047fd   Thumb Code    98  d2f.o(x$fpl$d2f)
    __aeabi_dadd                             0x08004861   Thumb Code     0  daddsub_clz.o(x$fpl$dadd)
    _dadd                                    0x08004861   Thumb Code   332  daddsub_clz.o(x$fpl$dadd)
    __aeabi_ddiv                             0x080049b1   Thumb Code     0  ddiv.o(x$fpl$ddiv)
    _ddiv                                    0x080049b1   Thumb Code   552  ddiv.o(x$fpl$ddiv)
    __aeabi_i2d                              0x08004c61   Thumb Code     0  dflt_clz.o(x$fpl$dflt)
    _dflt                                    0x08004c61   Thumb Code    46  dflt_clz.o(x$fpl$dflt)
    __fpl_dnaninf                            0x08004c8f   Thumb Code   156  dnaninf.o(x$fpl$dnaninf)
    __fpl_dretinf                            0x08004d2b   Thumb Code    12  dretinf.o(x$fpl$dretinf)
    __aeabi_dsub                             0x08004d39   Thumb Code     0  daddsub_clz.o(x$fpl$dsub)
    _dsub                                    0x08004d39   Thumb Code   464  daddsub_clz.o(x$fpl$dsub)
    __aeabi_fadd                             0x08004f0d   Thumb Code     0  faddsub_clz.o(x$fpl$fadd)
    _fadd                                    0x08004f0d   Thumb Code   196  faddsub_clz.o(x$fpl$fadd)
    __aeabi_fdiv                             0x08004fd1   Thumb Code     0  fdiv.o(x$fpl$fdiv)
    _fdiv                                    0x08004fd1   Thumb Code   384  fdiv.o(x$fpl$fdiv)
    __aeabi_f2iz                             0x08005155   Thumb Code     0  ffix.o(x$fpl$ffix)
    _ffix                                    0x08005155   Thumb Code    54  ffix.o(x$fpl$ffix)
    __aeabi_f2uiz                            0x0800518d   Thumb Code     0  ffixu.o(x$fpl$ffixu)
    _ffixu                                   0x0800518d   Thumb Code    62  ffixu.o(x$fpl$ffixu)
    __aeabi_i2f                              0x080051cd   Thumb Code     0  fflt_clz.o(x$fpl$fflt)
    _fflt                                    0x080051cd   Thumb Code    48  fflt_clz.o(x$fpl$fflt)
    __aeabi_ui2f                             0x080051fd   Thumb Code     0  fflt_clz.o(x$fpl$ffltu)
    _ffltu                                   0x080051fd   Thumb Code    38  fflt_clz.o(x$fpl$ffltu)
    __aeabi_fmul                             0x08005225   Thumb Code     0  fmul.o(x$fpl$fmul)
    _fmul                                    0x08005225   Thumb Code   258  fmul.o(x$fpl$fmul)
    __fpl_fnaninf                            0x08005327   Thumb Code   140  fnaninf.o(x$fpl$fnaninf)
    __fpl_fretinf                            0x080053b3   Thumb Code    10  fretinf.o(x$fpl$fretinf)
    __aeabi_frsub                            0x080053bd   Thumb Code     0  faddsub_clz.o(x$fpl$frsb)
    _frsb                                    0x080053bd   Thumb Code    20  faddsub_clz.o(x$fpl$frsb)
    __aeabi_fsub                             0x080053d1   Thumb Code     0  faddsub_clz.o(x$fpl$fsub)
    _fsub                                    0x080053d1   Thumb Code   234  faddsub_clz.o(x$fpl$fsub)
    __I$use$fp                               0x080054ba   Number         0  usenofp.o(x$fpl$usenofp)
    AHBPrescTable                            0x080054cc   Data          16  system_stm32f1xx.o(.constdata)
    APBPrescTable                            0x080054dc   Data           8  system_stm32f1xx.o(.constdata)
    Region$$Table$$Base                      0x080054e4   Number         0  anon$$obj.o(Region$$Table)
    Region$$Table$$Limit                     0x08005504   Number         0  anon$$obj.o(Region$$Table)
    __ctype                                  0x08005511   Data           0  lc_ctype_c.o(locale$$data)
    Each_Eeprom_Element                      0x20000000   Data           1  main.o(.data)
    UART1_RX_Flag                            0x20000001   Data           1  main.o(.data)
    LED_1_Status_Flag                        0x20000002   Data           1  main.o(.data)
    LED_2_Status_Flag                        0x20000003   Data           1  main.o(.data)
    LED_Status_Tracking_Flag                 0x20000004   Data           1  main.o(.data)
    Store_LED_Status_Flag                    0x20000005   Data           1  main.o(.data)
    Timer3_Delay_Flag                        0x20000006   Data           1  main.o(.data)
    Store_Motor_Speed_Flag                   0x20000007   Data           1  main.o(.data)
    Recover_Data_Flag                        0x20000008   Data           1  main.o(.data)
    Forward_0D_Flag                          0x20000009   Data           1  main.o(.data)
    Forward_45D_Flag                         0x2000000a   Data           1  main.o(.data)
    Forward_90D_Flag                         0x2000000b   Data           1  main.o(.data)
    Forward_180D_Flag                        0x2000000c   Data           1  main.o(.data)
    Forward_360D_Flag                        0x2000000d   Data           1  main.o(.data)
    Motor_Position_Tracking_Flag             0x2000000e   Data           1  main.o(.data)
    Control_Motor_Speed_Flag                 0x2000000f   Data           1  main.o(.data)
    Control_Motor_Speed_Reverse_Flag         0x20000010   Data           1  main.o(.data)
    Mode_00_Flag                             0x20000011   Data           1  main.o(.data)
    Mode_01_Flag                             0x20000012   Data           1  main.o(.data)
    Mode_02_Flag                             0x20000013   Data           1  main.o(.data)
    Mode_03_Flag                             0x20000014   Data           1  main.o(.data)
    Mode_04_Flag                             0x20000015   Data           1  main.o(.data)
    Mode_05_Flag                             0x20000016   Data           1  main.o(.data)
    Mode_06_Flag                             0x20000017   Data           1  main.o(.data)
    Mode_10_Flag                             0x20000018   Data           1  main.o(.data)
    SRAM_Data_Address                        0x20000019   Data           1  main.o(.data)
    SRAM_Read_Data                           0x2000001a   Data           1  main.o(.data)
    SRAM_Init_Data                           0x2000001b   Data           1  main.o(.data)
    LED_Status_Buffer                        0x2000001c   Data           2  main.o(.data)
    Leech_Motor_Speed                        0x2000001e   Data           3  main.o(.data)
    ADC_Pt100_Zero                           0x20000024   Data           4  main.o(.data)
    setpoint                                 0x20000028   Data           4  main.o(.data)
    Kp                                       0x2000002c   Data           4  main.o(.data)
    Ki                                       0x20000030   Data           4  main.o(.data)
    Kd                                       0x20000034   Data           4  main.o(.data)
    Delta_t                                  0x20000038   Data           4  main.o(.data)
    Char_RX_Data                             0x2000003c   Data           4  main.o(.data)
    pulse                                    0x20000040   Data           4  main.o(.data)
    PWM_Duty_Cycle                           0x20000044   Data           4  main.o(.data)
    Label_LED_Status                         0x20000048   Data           4  main.o(.data)
    count                                    0x2000004c   Data           4  main.o(.data)
    Iden_Control_Motor                       0x20000050   Data           4  main.o(.data)
    SRAM_Case_Flag                           0x20000054   Data           4  main.o(.data)
    Output_Voltage_Setpoint                  0x20000058   Data           4  main.o(.data)
    pre_error                                0x2000005c   Data           4  main.o(.data)
    error                                    0x20000060   Data           4  main.o(.data)
    integral                                 0x20000064   Data           4  main.o(.data)
    derivative                               0x20000068   Data           4  main.o(.data)
    duty_cycle_output                        0x2000006c   Data           4  main.o(.data)
    uwTickFreq                               0x20000070   Data           1  stm32f1xx_hal.o(.data)
    uwTickPrio                               0x20000074   Data           4  stm32f1xx_hal.o(.data)
    uwTick                                   0x20000078   Data           4  stm32f1xx_hal.o(.data)
    SystemCoreClock                          0x2000007c   Data           4  system_stm32f1xx.o(.data)
    hadc1                                    0x20000080   Data          48  main.o(.bss)
    hi2c1                                    0x200000b0   Data          84  main.o(.bss)
    hi2c2                                    0x20000104   Data          84  main.o(.bss)
    htim1                                    0x20000158   Data          72  main.o(.bss)
    htim2                                    0x200001a0   Data          72  main.o(.bss)
    htim3                                    0x200001e8   Data          72  main.o(.bss)
    huart1                                   0x20000230   Data          72  main.o(.bss)
    RX_Data                                  0x20000278   Data          17  main.o(.bss)
    TX_Data                                  0x20000289   Data          29  main.o(.bss)
    Pulse_Buffer                             0x200002a6   Data          13  main.o(.bss)
    Label_LED_Status_Buffer                  0x200002b3   Data          13  main.o(.bss)
    hdma_usart1_rx                           0x200002c0   Data          68  main.o(.bss)
    hdma_usart1_tx                           0x20000304   Data          68  main.o(.bss)
    __libspace_start                         0x20000348   Data          96  libspace.o(.bss)
    __temporary_stack_top$libspace           0x200003a8   Data           0  libspace.o(.bss)



==============================================================================

Memory Map of the image

  Image Entry point : 0x080000ed

  Load Region LR_IROM1 (Base: 0x08000000, Size: 0x00005694, Max: 0x00010000, ABSOLUTE)

    Execution Region ER_IROM1 (Exec base: 0x08000000, Load base: 0x08000000, Size: 0x00005614, Max: 0x00010000, ABSOLUTE)

    Exec Addr    Load Addr    Size         Type   Attr      Idx    E Section Name        Object

    0x08000000   0x08000000   0x000000ec   Data   RO            3    RESET               startup_stm32f103xb.o
    0x080000ec   0x080000ec   0x00000008   Code   RO         3682  * !!!main             c_w.l(__main.o)
    0x080000f4   0x080000f4   0x00000034   Code   RO         3924    !!!scatter          c_w.l(__scatter.o)
    0x08000128   0x08000128   0x0000001a   Code   RO         3926    !!handler_copy      c_w.l(__scatter_copy.o)
    0x08000142   0x08000142   0x00000002   PAD
    0x08000144   0x08000144   0x0000001c   Code   RO         3928    !!handler_zi        c_w.l(__scatter_zi.o)
    0x08000160   0x08000160   0x00000000   Code   RO         3667    .ARM.Collect$$_printf_percent$$00000000  c_w.l(_printf_percent.o)
    0x08000160   0x08000160   0x00000006   Code   RO         3666    .ARM.Collect$$_printf_percent$$00000009  c_w.l(_printf_d.o)
    0x08000166   0x08000166   0x00000004   Code   RO         3740    .ARM.Collect$$_printf_percent$$00000017  c_w.l(_printf_percent_end.o)
    0x0800016a   0x0800016a   0x00000002   Code   RO         3795    .ARM.Collect$$libinit$$00000000  c_w.l(libinit.o)
    0x0800016c   0x0800016c   0x00000000   Code   RO         3801    .ARM.Collect$$libinit$$00000002  c_w.l(libinit2.o)
    0x0800016c   0x0800016c   0x00000000   Code   RO         3803    .ARM.Collect$$libinit$$00000004  c_w.l(libinit2.o)
    0x0800016c   0x0800016c   0x00000000   Code   RO         3806    .ARM.Collect$$libinit$$0000000A  c_w.l(libinit2.o)
    0x0800016c   0x0800016c   0x00000000   Code   RO         3808    .ARM.Collect$$libinit$$0000000C  c_w.l(libinit2.o)
    0x0800016c   0x0800016c   0x00000000   Code   RO         3810    .ARM.Collect$$libinit$$0000000E  c_w.l(libinit2.o)
    0x0800016c   0x0800016c   0x00000006   Code   RO         3811    .ARM.Collect$$libinit$$0000000F  c_w.l(libinit2.o)
    0x08000172   0x08000172   0x00000000   Code   RO         3813    .ARM.Collect$$libinit$$00000011  c_w.l(libinit2.o)
    0x08000172   0x08000172   0x0000000c   Code   RO         3814    .ARM.Collect$$libinit$$00000012  c_w.l(libinit2.o)
    0x0800017e   0x0800017e   0x00000000   Code   RO         3815    .ARM.Collect$$libinit$$00000013  c_w.l(libinit2.o)
    0x0800017e   0x0800017e   0x00000000   Code   RO         3817    .ARM.Collect$$libinit$$00000015  c_w.l(libinit2.o)
    0x0800017e   0x0800017e   0x00000000   Code   RO         3819    .ARM.Collect$$libinit$$00000017  c_w.l(libinit2.o)
    0x0800017e   0x0800017e   0x00000000   Code   RO         3821    .ARM.Collect$$libinit$$00000019  c_w.l(libinit2.o)
    0x0800017e   0x0800017e   0x00000000   Code   RO         3823    .ARM.Collect$$libinit$$0000001B  c_w.l(libinit2.o)
    0x0800017e   0x0800017e   0x00000000   Code   RO         3825    .ARM.Collect$$libinit$$0000001D  c_w.l(libinit2.o)
    0x0800017e   0x0800017e   0x00000000   Code   RO         3827    .ARM.Collect$$libinit$$0000001F  c_w.l(libinit2.o)
    0x0800017e   0x0800017e   0x00000000   Code   RO         3829    .ARM.Collect$$libinit$$00000021  c_w.l(libinit2.o)
    0x0800017e   0x0800017e   0x00000000   Code   RO         3831    .ARM.Collect$$libinit$$00000023  c_w.l(libinit2.o)
    0x0800017e   0x0800017e   0x00000000   Code   RO         3833    .ARM.Collect$$libinit$$00000025  c_w.l(libinit2.o)
    0x0800017e   0x0800017e   0x00000000   Code   RO         3837    .ARM.Collect$$libinit$$0000002C  c_w.l(libinit2.o)
    0x0800017e   0x0800017e   0x00000000   Code   RO         3839    .ARM.Collect$$libinit$$0000002E  c_w.l(libinit2.o)
    0x0800017e   0x0800017e   0x00000000   Code   RO         3841    .ARM.Collect$$libinit$$00000030  c_w.l(libinit2.o)
    0x0800017e   0x0800017e   0x00000000   Code   RO         3843    .ARM.Collect$$libinit$$00000032  c_w.l(libinit2.o)
    0x0800017e   0x0800017e   0x00000002   Code   RO         3844    .ARM.Collect$$libinit$$00000033  c_w.l(libinit2.o)
    0x08000180   0x08000180   0x00000002   Code   RO         3864    .ARM.Collect$$libshutdown$$00000000  c_w.l(libshutdown.o)
    0x08000182   0x08000182   0x00000000   Code   RO         3877    .ARM.Collect$$libshutdown$$00000002  c_w.l(libshutdown2.o)
    0x08000182   0x08000182   0x00000000   Code   RO         3879    .ARM.Collect$$libshutdown$$00000004  c_w.l(libshutdown2.o)
    0x08000182   0x08000182   0x00000000   Code   RO         3882    .ARM.Collect$$libshutdown$$00000007  c_w.l(libshutdown2.o)
    0x08000182   0x08000182   0x00000000   Code   RO         3885    .ARM.Collect$$libshutdown$$0000000A  c_w.l(libshutdown2.o)
    0x08000182   0x08000182   0x00000000   Code   RO         3887    .ARM.Collect$$libshutdown$$0000000C  c_w.l(libshutdown2.o)
    0x08000182   0x08000182   0x00000000   Code   RO         3890    .ARM.Collect$$libshutdown$$0000000F  c_w.l(libshutdown2.o)
    0x08000182   0x08000182   0x00000002   Code   RO         3891    .ARM.Collect$$libshutdown$$00000010  c_w.l(libshutdown2.o)
    0x08000184   0x08000184   0x00000000   Code   RO         3728    .ARM.Collect$$rtentry$$00000000  c_w.l(__rtentry.o)
    0x08000184   0x08000184   0x00000000   Code   RO         3756    .ARM.Collect$$rtentry$$00000002  c_w.l(__rtentry2.o)
    0x08000184   0x08000184   0x00000006   Code   RO         3768    .ARM.Collect$$rtentry$$00000004  c_w.l(__rtentry4.o)
    0x0800018a   0x0800018a   0x00000000   Code   RO         3758    .ARM.Collect$$rtentry$$00000009  c_w.l(__rtentry2.o)
    0x0800018a   0x0800018a   0x00000004   Code   RO         3759    .ARM.Collect$$rtentry$$0000000A  c_w.l(__rtentry2.o)
    0x0800018e   0x0800018e   0x00000000   Code   RO         3761    .ARM.Collect$$rtentry$$0000000C  c_w.l(__rtentry2.o)
    0x0800018e   0x0800018e   0x00000008   Code   RO         3762    .ARM.Collect$$rtentry$$0000000D  c_w.l(__rtentry2.o)
    0x08000196   0x08000196   0x00000002   Code   RO         3796    .ARM.Collect$$rtexit$$00000000  c_w.l(rtexit.o)
    0x08000198   0x08000198   0x00000000   Code   RO         3846    .ARM.Collect$$rtexit$$00000002  c_w.l(rtexit2.o)
    0x08000198   0x08000198   0x00000004   Code   RO         3847    .ARM.Collect$$rtexit$$00000003  c_w.l(rtexit2.o)
    0x0800019c   0x0800019c   0x00000006   Code   RO         3848    .ARM.Collect$$rtexit$$00000004  c_w.l(rtexit2.o)
    0x080001a2   0x080001a2   0x00000002   PAD
    0x080001a4   0x080001a4   0x00000040   Code   RO            4    .text               startup_stm32f103xb.o
    0x080001e4   0x080001e4   0x0000002c   Code   RO         3638    .text               c_w.l(__2sprintf.o)
    0x08000210   0x08000210   0x00000068   Code   RO         3642    .text               c_w.l(__printf.o)
    0x08000278   0x08000278   0x00000078   Code   RO         3644    .text               c_w.l(_printf_dec.o)
    0x080002f0   0x080002f0   0x0000001a   Code   RO         3668    .text               c_w.l(atoi.o)
    0x0800030a   0x0800030a   0x00000058   Code   RO         3670    .text               c_w.l(memcmp.o)
    0x08000362   0x08000362   0x00000048   Code   RO         3672    .text               c_w.l(strcpy.o)
    0x080003aa   0x080003aa   0x0000003e   Code   RO         3674    .text               c_w.l(strlen.o)
    0x080003e8   0x080003e8   0x00000096   Code   RO         3676    .text               c_w.l(strncmp.o)
    0x0800047e   0x0800047e   0x0000004e   Code   RO         3678    .text               c_w.l(rt_memclr_w.o)
    0x080004cc   0x080004cc   0x00000006   Code   RO         3680    .text               c_w.l(heapauxi.o)
    0x080004d2   0x080004d2   0x00000002   PAD
    0x080004d4   0x080004d4   0x00000008   Code   RO         3732    .text               c_w.l(rt_errno_addr_intlibspace.o)
    0x080004dc   0x080004dc   0x000000b2   Code   RO         3734    .text               c_w.l(_printf_intcommon.o)
    0x0800058e   0x0800058e   0x00000002   PAD
    0x08000590   0x08000590   0x00000030   Code   RO         3736    .text               c_w.l(_printf_char_common.o)
    0x080005c0   0x080005c0   0x0000000a   Code   RO         3738    .text               c_w.l(_sputc.o)
    0x080005ca   0x080005ca   0x00000070   Code   RO         3741    .text               c_w.l(strtol.o)
    0x0800063a   0x0800063a   0x00000002   PAD
    0x0800063c   0x0800063c   0x00000008   Code   RO         3752    .text               c_w.l(libspace.o)
    0x08000644   0x08000644   0x00000010   Code   RO         3770    .text               c_w.l(rt_ctype_table.o)
    0x08000654   0x08000654   0x0000009e   Code   RO         3774    .text               c_w.l(_strtoul.o)
    0x080006f2   0x080006f2   0x0000004a   Code   RO         3776    .text               c_w.l(sys_stackheap_outer.o)
    0x0800073c   0x0800073c   0x00000008   Code   RO         3781    .text               c_w.l(rt_locale_intlibspace.o)
    0x08000744   0x08000744   0x0000001c   Code   RO         3783    .text               c_w.l(_chval.o)
    0x08000760   0x08000760   0x00000012   Code   RO         3788    .text               c_w.l(exit.o)
    0x08000772   0x08000772   0x00000002   PAD
    0x08000774   0x08000774   0x00000080   Code   RO         3798    .text               c_w.l(strcmpv7m.o)
    0x080007f4   0x080007f4   0x0000000c   Code   RO         3856    .text               c_w.l(sys_exit.o)
    0x08000800   0x08000800   0x00000002   Code   RO         3867    .text               c_w.l(use_no_semi.o)
    0x08000802   0x08000802   0x00000000   Code   RO         3869    .text               c_w.l(indicate_semi.o)
    0x08000802   0x08000802   0x00000002   PAD
    0x08000804   0x08000804   0x00000056   Code   RO          573    i.ADC_ConversionStop_Disable  stm32f1xx_hal_adc.o
    0x0800085a   0x0800085a   0x00000002   PAD
    0x0800085c   0x0800085c   0x0000007c   Code   RO          577    i.ADC_Enable        stm32f1xx_hal_adc.o
    0x080008d8   0x080008d8   0x00000160   Code   RO           13    i.Active_Inactive_Status_Tracking  main.o
    0x08000a38   0x08000a38   0x00000002   Code   RO          346    i.BusFault_Handler  stm32f1xx_it.o
    0x08000a3a   0x08000a3a   0x00000002   PAD
    0x08000a3c   0x08000a3c   0x000000b0   Code   RO           14    i.Change_Motor_Position  main.o
    0x08000aec   0x08000aec   0x0000007c   Code   RO           15    i.Change_Output_Voltage  main.o
    0x08000b68   0x08000b68   0x0000002c   Code   RO           16    i.Control_Forward   main.o
    0x08000b94   0x08000b94   0x00000080   Code   RO           17    i.Control_Motor_Speed  main.o
    0x08000c14   0x08000c14   0x00000058   Code   RO           18    i.Control_Position  main.o
    0x08000c6c   0x08000c6c   0x0000002c   Code   RO           19    i.Control_Reverse   main.o
    0x08000c98   0x08000c98   0x0000002c   Code   RO           20    i.Control_Stop      main.o
    0x08000cc4   0x08000cc4   0x0000000c   Code   RO          347    i.DMA1_Channel4_IRQHandler  stm32f1xx_it.o
    0x08000cd0   0x08000cd0   0x0000000c   Code   RO          348    i.DMA1_Channel5_IRQHandler  stm32f1xx_it.o
    0x08000cdc   0x08000cdc   0x0000002a   Code   RO         1229    i.DMA_SetConfig     stm32f1xx_hal_dma.o
    0x08000d06   0x08000d06   0x00000002   Code   RO          349    i.DebugMon_Handler  stm32f1xx_it.o
    0x08000d08   0x08000d08   0x00000040   Code   RO           21    i.EEPROM_Processing  main.o
    0x08000d48   0x08000d48   0x00000006   Code   RO          350    i.EXTI0_IRQHandler  stm32f1xx_it.o
    0x08000d4e   0x08000d4e   0x00000004   Code   RO           22    i.Error_Handler     main.o
    0x08000d52   0x08000d52   0x00000002   PAD
    0x08000d54   0x08000d54   0x0000005c   Code   RO           23    i.Generate_PWM      main.o
    0x08000db0   0x08000db0   0x000000fc   Code   RO          579    i.HAL_ADC_ConfigChannel  stm32f1xx_hal_adc.o
    0x08000eac   0x08000eac   0x00000006   Code   RO          586    i.HAL_ADC_GetValue  stm32f1xx_hal_adc.o
    0x08000eb2   0x08000eb2   0x00000002   PAD
    0x08000eb4   0x08000eb4   0x0000011c   Code   RO          588    i.HAL_ADC_Init      stm32f1xx_hal_adc.o
    0x08000fd0   0x08000fd0   0x00000058   Code   RO          459    i.HAL_ADC_MspInit   stm32f1xx_hal_msp.o
    0x08001028   0x08001028   0x000000c0   Code   RO          594    i.HAL_ADC_Start     stm32f1xx_hal_adc.o
    0x080010e8   0x080010e8   0x00000034   Code   RO          597    i.HAL_ADC_Stop      stm32f1xx_hal_adc.o
    0x0800111c   0x0800111c   0x00000046   Code   RO         1230    i.HAL_DMA_Abort     stm32f1xx_hal_dma.o
    0x08001162   0x08001162   0x00000002   PAD
    0x08001164   0x08001164   0x00000098   Code   RO         1231    i.HAL_DMA_Abort_IT  stm32f1xx_hal_dma.o
    0x080011fc   0x080011fc   0x00000154   Code   RO         1235    i.HAL_DMA_IRQHandler  stm32f1xx_hal_dma.o
    0x08001350   0x08001350   0x0000005c   Code   RO         1236    i.HAL_DMA_Init      stm32f1xx_hal_dma.o
    0x080013ac   0x080013ac   0x00000070   Code   RO         1240    i.HAL_DMA_Start_IT  stm32f1xx_hal_dma.o
    0x0800141c   0x0800141c   0x00000024   Code   RO          856    i.HAL_Delay         stm32f1xx_hal.o
    0x08001440   0x08001440   0x00000024   Code   RO           24    i.HAL_GPIO_EXTI_Callback  main.o
    0x08001464   0x08001464   0x00000018   Code   RO         1165    i.HAL_GPIO_EXTI_IRQHandler  stm32f1xx_hal_gpio.o
    0x0800147c   0x0800147c   0x000001e0   Code   RO         1166    i.HAL_GPIO_Init     stm32f1xx_hal_gpio.o
    0x0800165c   0x0800165c   0x0000000a   Code   RO         1168    i.HAL_GPIO_ReadPin  stm32f1xx_hal_gpio.o
    0x08001666   0x08001666   0x0000000a   Code   RO         1170    i.HAL_GPIO_WritePin  stm32f1xx_hal_gpio.o
    0x08001670   0x08001670   0x0000000c   Code   RO          860    i.HAL_GetTick       stm32f1xx_hal.o
    0x0800167c   0x0800167c   0x00000188   Code   RO         1837    i.HAL_I2C_Init      stm32f1xx_hal_i2c.o
    0x08001804   0x08001804   0x0000012c   Code   RO         1850    i.HAL_I2C_Master_Transmit  stm32f1xx_hal_i2c.o
    0x08001930   0x08001930   0x0000025c   Code   RO         1855    i.HAL_I2C_Mem_Read  stm32f1xx_hal_i2c.o
    0x08001b8c   0x08001b8c   0x00000130   Code   RO         1858    i.HAL_I2C_Mem_Write  stm32f1xx_hal_i2c.o
    0x08001cbc   0x08001cbc   0x00000098   Code   RO          461    i.HAL_I2C_MspInit   stm32f1xx_hal_msp.o
    0x08001d54   0x08001d54   0x00000010   Code   RO          866    i.HAL_IncTick       stm32f1xx_hal.o
    0x08001d64   0x08001d64   0x00000024   Code   RO          867    i.HAL_Init          stm32f1xx_hal.o
    0x08001d88   0x08001d88   0x00000040   Code   RO          868    i.HAL_InitTick      stm32f1xx_hal.o
    0x08001dc8   0x08001dc8   0x0000003c   Code   RO          462    i.HAL_MspInit       stm32f1xx_hal_msp.o
    0x08001e04   0x08001e04   0x0000001a   Code   RO         1326    i.HAL_NVIC_EnableIRQ  stm32f1xx_hal_cortex.o
    0x08001e1e   0x08001e1e   0x00000002   PAD
    0x08001e20   0x08001e20   0x00000040   Code   RO         1332    i.HAL_NVIC_SetPriority  stm32f1xx_hal_cortex.o
    0x08001e60   0x08001e60   0x00000024   Code   RO         1333    i.HAL_NVIC_SetPriorityGrouping  stm32f1xx_hal_cortex.o
    0x08001e84   0x08001e84   0x000000ec   Code   RO         1128    i.HAL_RCCEx_PeriphCLKConfig  stm32f1xx_hal_rcc_ex.o
    0x08001f70   0x08001f70   0x0000012c   Code   RO         1024    i.HAL_RCC_ClockConfig  stm32f1xx_hal_rcc.o
    0x0800209c   0x0800209c   0x00000020   Code   RO         1031    i.HAL_RCC_GetPCLK1Freq  stm32f1xx_hal_rcc.o
    0x080020bc   0x080020bc   0x00000020   Code   RO         1032    i.HAL_RCC_GetPCLK2Freq  stm32f1xx_hal_rcc.o
    0x080020dc   0x080020dc   0x0000004c   Code   RO         1033    i.HAL_RCC_GetSysClockFreq  stm32f1xx_hal_rcc.o
    0x08002128   0x08002128   0x00000320   Code   RO         1036    i.HAL_RCC_OscConfig  stm32f1xx_hal_rcc.o
    0x08002448   0x08002448   0x00000028   Code   RO         1337    i.HAL_SYSTICK_Config  stm32f1xx_hal_cortex.o
    0x08002470   0x08002470   0x00000002   Code   RO         2969    i.HAL_TIMEx_BreakCallback  stm32f1xx_hal_tim_ex.o
    0x08002472   0x08002472   0x00000002   Code   RO         2970    i.HAL_TIMEx_CommutCallback  stm32f1xx_hal_tim_ex.o
    0x08002474   0x08002474   0x00000054   Code   RO         2972    i.HAL_TIMEx_ConfigBreakDeadTime  stm32f1xx_hal_tim_ex.o
    0x080024c8   0x080024c8   0x00000068   Code   RO         2988    i.HAL_TIMEx_MasterConfigSynchronization  stm32f1xx_hal_tim_ex.o
    0x08002530   0x08002530   0x0000005a   Code   RO         2265    i.HAL_TIM_Base_Init  stm32f1xx_hal_tim.o
    0x0800258a   0x0800258a   0x00000002   PAD
    0x0800258c   0x0800258c   0x00000078   Code   RO          464    i.HAL_TIM_Base_MspInit  stm32f1xx_hal_msp.o
    0x08002604   0x08002604   0x00000058   Code   RO         2270    i.HAL_TIM_Base_Start_IT  stm32f1xx_hal_tim.o
    0x0800265c   0x0800265c   0x00000030   Code   RO         2273    i.HAL_TIM_Base_Stop_IT  stm32f1xx_hal_tim.o
    0x0800268c   0x0800268c   0x000000dc   Code   RO         2274    i.HAL_TIM_ConfigClockSource  stm32f1xx_hal_tim.o
    0x08002768   0x08002768   0x00000002   Code   RO         2299    i.HAL_TIM_IC_CaptureCallback  stm32f1xx_hal_tim.o
    0x0800276a   0x0800276a   0x00000130   Code   RO         2313    i.HAL_TIM_IRQHandler  stm32f1xx_hal_tim.o
    0x0800289a   0x0800289a   0x00000002   PAD
    0x0800289c   0x0800289c   0x0000004c   Code   RO          465    i.HAL_TIM_MspPostInit  stm32f1xx_hal_msp.o
    0x080028e8   0x080028e8   0x00000002   Code   RO         2316    i.HAL_TIM_OC_DelayElapsedCallback  stm32f1xx_hal_tim.o
    0x080028ea   0x080028ea   0x000000cc   Code   RO         2337    i.HAL_TIM_PWM_ConfigChannel  stm32f1xx_hal_tim.o
    0x080029b6   0x080029b6   0x0000005a   Code   RO         2340    i.HAL_TIM_PWM_Init  stm32f1xx_hal_tim.o
    0x08002a10   0x08002a10   0x00000002   Code   RO         2342    i.HAL_TIM_PWM_MspInit  stm32f1xx_hal_tim.o
    0x08002a12   0x08002a12   0x00000002   Code   RO         2343    i.HAL_TIM_PWM_PulseFinishedCallback  stm32f1xx_hal_tim.o
    0x08002a14   0x08002a14   0x0000009c   Code   RO         2345    i.HAL_TIM_PWM_Start  stm32f1xx_hal_tim.o
    0x08002ab0   0x08002ab0   0x000000a0   Code   RO           25    i.HAL_TIM_PeriodElapsedCallback  main.o
    0x08002b50   0x08002b50   0x00000002   Code   RO         2356    i.HAL_TIM_TriggerCallback  stm32f1xx_hal_tim.o
    0x08002b52   0x08002b52   0x0000004a   Code   RO         3246    i.HAL_UARTEx_ReceiveToIdle_DMA  stm32f1xx_hal_uart.o
    0x08002b9c   0x08002b9c   0x00000018   Code   RO           26    i.HAL_UARTEx_RxEventCallback  main.o
    0x08002bb4   0x08002bb4   0x00000002   Code   RO         3262    i.HAL_UART_ErrorCallback  stm32f1xx_hal_uart.o
    0x08002bb6   0x08002bb6   0x00000002   PAD
    0x08002bb8   0x08002bb8   0x0000026c   Code   RO         3265    i.HAL_UART_IRQHandler  stm32f1xx_hal_uart.o
    0x08002e24   0x08002e24   0x00000064   Code   RO         3266    i.HAL_UART_Init     stm32f1xx_hal_uart.o
    0x08002e88   0x08002e88   0x000000dc   Code   RO          467    i.HAL_UART_MspInit  stm32f1xx_hal_msp.o
    0x08002f64   0x08002f64   0x00000002   Code   RO         3272    i.HAL_UART_RxCpltCallback  stm32f1xx_hal_uart.o
    0x08002f66   0x08002f66   0x00000002   Code   RO         3273    i.HAL_UART_RxHalfCpltCallback  stm32f1xx_hal_uart.o
    0x08002f68   0x08002f68   0x000000a0   Code   RO         3274    i.HAL_UART_Transmit  stm32f1xx_hal_uart.o
    0x08003008   0x08003008   0x00000002   Code   RO         3277    i.HAL_UART_TxCpltCallback  stm32f1xx_hal_uart.o
    0x0800300a   0x0800300a   0x00000002   Code   RO          351    i.HardFault_Handler  stm32f1xx_it.o
    0x0800300c   0x0800300c   0x0000002e   Code   RO         1880    i.I2C_IsAcknowledgeFailed  stm32f1xx_hal_i2c.o
    0x0800303a   0x0800303a   0x00000002   PAD
    0x0800303c   0x0800303c   0x0000009c   Code   RO         1884    i.I2C_MasterRequestWrite  stm32f1xx_hal_i2c.o
    0x080030d8   0x080030d8   0x000000fc   Code   RO         1890    i.I2C_RequestMemoryRead  stm32f1xx_hal_i2c.o
    0x080031d4   0x080031d4   0x000000a8   Code   RO         1891    i.I2C_RequestMemoryWrite  stm32f1xx_hal_i2c.o
    0x0800327c   0x0800327c   0x00000056   Code   RO         1895    i.I2C_WaitOnBTFFlagUntilTimeout  stm32f1xx_hal_i2c.o
    0x080032d2   0x080032d2   0x00000002   PAD
    0x080032d4   0x080032d4   0x00000090   Code   RO         1896    i.I2C_WaitOnFlagUntilTimeout  stm32f1xx_hal_i2c.o
    0x08003364   0x08003364   0x000000bc   Code   RO         1897    i.I2C_WaitOnMasterAddressFlagUntilTimeout  stm32f1xx_hal_i2c.o
    0x08003420   0x08003420   0x00000070   Code   RO         1898    i.I2C_WaitOnRXNEFlagUntilTimeout  stm32f1xx_hal_i2c.o
    0x08003490   0x08003490   0x00000056   Code   RO         1899    i.I2C_WaitOnTXEFlagUntilTimeout  stm32f1xx_hal_i2c.o
    0x080034e6   0x080034e6   0x00000002   PAD
    0x080034e8   0x080034e8   0x00000064   Code   RO           27    i.LED_Control       main.o
    0x0800354c   0x0800354c   0x00000028   Code   RO           28    i.LED_Show          main.o
    0x08003574   0x08003574   0x0000002c   Code   RO           29    i.MCP4725_SetVoltage  main.o
    0x080035a0   0x080035a0   0x00000050   Code   RO           30    i.MX_ADC1_Init      main.o
    0x080035f0   0x080035f0   0x00000124   Code   RO           31    i.MX_GPIO_Init      main.o
    0x08003714   0x08003714   0x000000c8   Code   RO           32    i.MX_TIM1_Init      main.o
    0x080037dc   0x080037dc   0x00000064   Code   RO           33    i.MX_TIM2_Init      main.o
    0x08003840   0x08003840   0x00000068   Code   RO           34    i.MX_TIM3_Init      main.o
    0x080038a8   0x080038a8   0x00000002   Code   RO          352    i.MemManage_Handler  stm32f1xx_it.o
    0x080038aa   0x080038aa   0x00000002   Code   RO          353    i.NMI_Handler       stm32f1xx_it.o
    0x080038ac   0x080038ac   0x00000002   Code   RO          354    i.PendSV_Handler    stm32f1xx_it.o
    0x080038ae   0x080038ae   0x00000002   PAD
    0x080038b0   0x080038b0   0x00000038   Code   RO           35    i.Pulse_Transmit_Via_Com  main.o
    0x080038e8   0x080038e8   0x000000e0   Code   RO           36    i.Recover_Data      main.o
    0x080039c8   0x080039c8   0x00000068   Code   RO           37    i.SRAM_ReadData     main.o
    0x08003a30   0x08003a30   0x0000004c   Code   RO           38    i.SRAM_Read_And_Check_Data  main.o
    0x08003a7c   0x08003a7c   0x0000003c   Code   RO           39    i.SRAM_Read_Cycle   main.o
    0x08003ab8   0x08003ab8   0x00000034   Code   RO           40    i.SRAM_Set_Address  main.o
    0x08003aec   0x08003aec   0x00000040   Code   RO           41    i.SRAM_Set_Data     main.o
    0x08003b2c   0x08003b2c   0x00000038   Code   RO           42    i.SRAM_Write_Cycle  main.o
    0x08003b64   0x08003b64   0x00000034   Code   RO           43    i.SRAM_Write_Data   main.o
    0x08003b98   0x08003b98   0x00000002   Code   RO          355    i.SVC_Handler       stm32f1xx_it.o
    0x08003b9a   0x08003b9a   0x00000004   Code   RO          356    i.SysTick_Handler   stm32f1xx_it.o
    0x08003b9e   0x08003b9e   0x00000072   Code   RO           44    i.SystemClock_Config  main.o
    0x08003c10   0x08003c10   0x00000002   Code   RO         3600    i.SystemInit        system_stm32f1xx.o
    0x08003c12   0x08003c12   0x00000002   PAD
    0x08003c14   0x08003c14   0x0000000c   Code   RO          357    i.TIM2_IRQHandler   stm32f1xx_it.o
    0x08003c20   0x08003c20   0x0000000c   Code   RO          358    i.TIM3_IRQHandler   stm32f1xx_it.o
    0x08003c2c   0x08003c2c   0x00000078   Code   RO         2358    i.TIM_Base_SetConfig  stm32f1xx_hal_tim.o
    0x08003ca4   0x08003ca4   0x0000001a   Code   RO         2359    i.TIM_CCxChannelCmd  stm32f1xx_hal_tim.o
    0x08003cbe   0x08003cbe   0x00000014   Code   RO         2369    i.TIM_ETR_SetConfig  stm32f1xx_hal_tim.o
    0x08003cd2   0x08003cd2   0x00000010   Code   RO         2370    i.TIM_ITRx_SetConfig  stm32f1xx_hal_tim.o
    0x08003ce2   0x08003ce2   0x00000002   PAD
    0x08003ce4   0x08003ce4   0x00000050   Code   RO         2371    i.TIM_OC1_SetConfig  stm32f1xx_hal_tim.o
    0x08003d34   0x08003d34   0x00000058   Code   RO         2372    i.TIM_OC2_SetConfig  stm32f1xx_hal_tim.o
    0x08003d8c   0x08003d8c   0x00000058   Code   RO         2373    i.TIM_OC3_SetConfig  stm32f1xx_hal_tim.o
    0x08003de4   0x08003de4   0x00000044   Code   RO         2374    i.TIM_OC4_SetConfig  stm32f1xx_hal_tim.o
    0x08003e28   0x08003e28   0x00000022   Code   RO         2376    i.TIM_TI1_ConfigInputStage  stm32f1xx_hal_tim.o
    0x08003e4a   0x08003e4a   0x00000024   Code   RO         2378    i.TIM_TI2_ConfigInputStage  stm32f1xx_hal_tim.o
    0x08003e6e   0x08003e6e   0x00000002   PAD
    0x08003e70   0x08003e70   0x0000039c   Code   RO           45    i.UART1_RX_Processing  main.o
    0x0800420c   0x0800420c   0x00000010   Code   RO         3279    i.UART_DMAAbortOnError  stm32f1xx_hal_uart.o
    0x0800421c   0x0800421c   0x0000004a   Code   RO         3280    i.UART_DMAError     stm32f1xx_hal_uart.o
    0x08004266   0x08004266   0x00000086   Code   RO         3281    i.UART_DMAReceiveCplt  stm32f1xx_hal_uart.o
    0x080042ec   0x080042ec   0x0000001e   Code   RO         3283    i.UART_DMARxHalfCplt  stm32f1xx_hal_uart.o
    0x0800430a   0x0800430a   0x0000004e   Code   RO         3289    i.UART_EndRxTransfer  stm32f1xx_hal_uart.o
    0x08004358   0x08004358   0x0000001c   Code   RO         3290    i.UART_EndTxTransfer  stm32f1xx_hal_uart.o
    0x08004374   0x08004374   0x000000c2   Code   RO         3291    i.UART_Receive_IT   stm32f1xx_hal_uart.o
    0x08004436   0x08004436   0x00000002   PAD
    0x08004438   0x08004438   0x000000b8   Code   RO         3292    i.UART_SetConfig    stm32f1xx_hal_uart.o
    0x080044f0   0x080044f0   0x00000090   Code   RO         3293    i.UART_Start_Receive_DMA  stm32f1xx_hal_uart.o
    0x08004580   0x08004580   0x00000072   Code   RO         3295    i.UART_WaitOnFlagUntilTimeout  stm32f1xx_hal_uart.o
    0x080045f2   0x080045f2   0x00000002   PAD
    0x080045f4   0x080045f4   0x0000000c   Code   RO          359    i.USART1_IRQHandler  stm32f1xx_it.o
    0x08004600   0x08004600   0x00000002   Code   RO          360    i.UsageFault_Handler  stm32f1xx_it.o
    0x08004602   0x08004602   0x00000020   Code   RO         1339    i.__NVIC_SetPriority  stm32f1xx_hal_cortex.o
    0x08004622   0x08004622   0x00000002   PAD
    0x08004624   0x08004624   0x000001ac   Code   RO           46    i.main              main.o
    0x080047d0   0x080047d0   0x0000002c   Code   RO         3786    locale$$code        c_w.l(lc_ctype_c.o)
    0x080047fc   0x080047fc   0x00000062   Code   RO         3684    x$fpl$d2f           fz_ws.l(d2f.o)
    0x0800485e   0x0800485e   0x00000002   PAD
    0x08004860   0x08004860   0x00000150   Code   RO         3686    x$fpl$dadd          fz_ws.l(daddsub_clz.o)
    0x080049b0   0x080049b0   0x000002b0   Code   RO         3693    x$fpl$ddiv          fz_ws.l(ddiv.o)
    0x08004c60   0x08004c60   0x0000002e   Code   RO         3697    x$fpl$dflt          fz_ws.l(dflt_clz.o)
    0x08004c8e   0x08004c8e   0x0000009c   Code   RO         3743    x$fpl$dnaninf       fz_ws.l(dnaninf.o)
    0x08004d2a   0x08004d2a   0x0000000c   Code   RO         3745    x$fpl$dretinf       fz_ws.l(dretinf.o)
    0x08004d36   0x08004d36   0x00000002   PAD
    0x08004d38   0x08004d38   0x000001d4   Code   RO         3688    x$fpl$dsub          fz_ws.l(daddsub_clz.o)
    0x08004f0c   0x08004f0c   0x000000c4   Code   RO         3702    x$fpl$fadd          fz_ws.l(faddsub_clz.o)
    0x08004fd0   0x08004fd0   0x00000184   Code   RO         3709    x$fpl$fdiv          fz_ws.l(fdiv.o)
    0x08005154   0x08005154   0x00000036   Code   RO         3712    x$fpl$ffix          fz_ws.l(ffix.o)
    0x0800518a   0x0800518a   0x00000002   PAD
    0x0800518c   0x0800518c   0x0000003e   Code   RO         3716    x$fpl$ffixu         fz_ws.l(ffixu.o)
    0x080051ca   0x080051ca   0x00000002   PAD
    0x080051cc   0x080051cc   0x00000030   Code   RO         3721    x$fpl$fflt          fz_ws.l(fflt_clz.o)
    0x080051fc   0x080051fc   0x00000026   Code   RO         3720    x$fpl$ffltu         fz_ws.l(fflt_clz.o)
    0x08005222   0x08005222   0x00000002   PAD
    0x08005224   0x08005224   0x00000102   Code   RO         3726    x$fpl$fmul          fz_ws.l(fmul.o)
    0x08005326   0x08005326   0x0000008c   Code   RO         3747    x$fpl$fnaninf       fz_ws.l(fnaninf.o)
    0x080053b2   0x080053b2   0x0000000a   Code   RO         3749    x$fpl$fretinf       fz_ws.l(fretinf.o)
    0x080053bc   0x080053bc   0x00000014   Code   RO         3703    x$fpl$frsb          fz_ws.l(faddsub_clz.o)
    0x080053d0   0x080053d0   0x000000ea   Code   RO         3704    x$fpl$fsub          fz_ws.l(faddsub_clz.o)
    0x080054ba   0x080054ba   0x00000000   Code   RO         3751    x$fpl$usenofp       fz_ws.l(usenofp.o)
    0x080054ba   0x080054ba   0x00000012   Data   RO         1037    .constdata          stm32f1xx_hal_rcc.o
    0x080054cc   0x080054cc   0x00000010   Data   RO         3601    .constdata          system_stm32f1xx.o
    0x080054dc   0x080054dc   0x00000008   Data   RO         3602    .constdata          system_stm32f1xx.o
    0x080054e4   0x080054e4   0x00000020   Data   RO         3922    Region$$Table       anon$$obj.o
    0x08005504   0x08005504   0x00000110   Data   RO         3785    locale$$data        c_w.l(lc_ctype_c.o)


    Execution Region RW_IRAM1 (Exec base: 0x20000000, Load base: 0x08005614, Size: 0x000009a8, Max: 0x00005000, ABSOLUTE)

    Exec Addr    Load Addr    Size         Type   Attr      Idx    E Section Name        Object

    0x20000000   0x08005614   0x00000070   Data   RW           51    .data               main.o
    0x20000070   0x08005684   0x0000000c   Data   RW          874    .data               stm32f1xx_hal.o
    0x2000007c   0x08005690   0x00000004   Data   RW         3603    .data               system_stm32f1xx.o
    0x20000080        -       0x00000240   Zero   RW           47    .bss                main.o
    0x200002c0        -       0x00000044   Zero   RW           48    .bss                main.o
    0x20000304        -       0x00000044   Zero   RW           49    .bss                main.o
    0x20000348        -       0x00000060   Zero   RW         3753    .bss                c_w.l(libspace.o)
    0x200003a8        -       0x00000200   Zero   RW            2    HEAP                startup_stm32f103xb.o
    0x200005a8        -       0x00000400   Zero   RW            1    STACK               startup_stm32f103xb.o


==============================================================================

Image component sizes


      Code (inc. data)   RO Data    RW Data    ZI Data      Debug   Object Name

      4550        828          0        112        712     472395   main.o
        64         26        236          0       1536        808   startup_stm32f103xb.o
       164         28          0         12          0       5909   stm32f1xx_hal.o
       996         42          0          0          0       6119   stm32f1xx_hal_adc.o
       198         14          0          0          0      28947   stm32f1xx_hal_cortex.o
       808         36          0          0          0       4994   stm32f1xx_hal_dma.o
       524         40          0          0          0       4114   stm32f1xx_hal_gpio.o
      2838         72          0          0          0      15012   stm32f1xx_hal_i2c.o
       716         86          0          0          0       4598   stm32f1xx_hal_msp.o
      1240         84         18          0          0       5116   stm32f1xx_hal_rcc.o
       236         12          0          0          0       1388   stm32f1xx_hal_rcc_ex.o
      1786         56          0          0          0      16709   stm32f1xx_hal_tim.o
       192         12          0          0          0       3193   stm32f1xx_hal_tim_ex.o
      1958         24          0          0          0      14273   stm32f1xx_hal_uart.o
        86         30          0          0          0       6511   stm32f1xx_it.o
         2          0         24          4          0       1119   system_stm32f1xx.o

    ----------------------------------------------------------------------
     16396       1390        310        128       2248     591205   Object Totals
         0          0         32          0          0          0   (incl. Generated)
        38          0          0          0          0          0   (incl. Padding)

    ----------------------------------------------------------------------

      Code (inc. data)   RO Data    RW Data    ZI Data      Debug   Library Member Name

        44          6          0          0          0         84   __2sprintf.o
         8          0          0          0          0         68   __main.o
       104          0          0          0          0         84   __printf.o
         0          0          0          0          0          0   __rtentry.o
        12          0          0          0          0          0   __rtentry2.o
         6          0          0          0          0          0   __rtentry4.o
        52          8          0          0          0          0   __scatter.o
        26          0          0          0          0          0   __scatter_copy.o
        28          0          0          0          0          0   __scatter_zi.o
        28          0          0          0          0         68   _chval.o
        48          6          0          0          0         96   _printf_char_common.o
         6          0          0          0          0          0   _printf_d.o
       120         16          0          0          0         92   _printf_dec.o
       178          0          0          0          0         88   _printf_intcommon.o
         0          0          0          0          0          0   _printf_percent.o
         4          0          0          0          0          0   _printf_percent_end.o
        10          0          0          0          0         68   _sputc.o
       158          0          0          0          0         92   _strtoul.o
        26          0          0          0          0         80   atoi.o
        18          0          0          0          0         80   exit.o
         6          0          0          0          0        152   heapauxi.o
         0          0          0          0          0          0   indicate_semi.o
        44         10        272          0          0         76   lc_ctype_c.o
         2          0          0          0          0          0   libinit.o
        20          0          0          0          0          0   libinit2.o
         2          0          0          0          0          0   libshutdown.o
         2          0          0          0          0          0   libshutdown2.o
         8          4          0          0         96         68   libspace.o
        88          0          0          0          0         76   memcmp.o
        16          4          0          0          0         76   rt_ctype_table.o
         8          4          0          0          0         68   rt_errno_addr_intlibspace.o
         8          4          0          0          0         68   rt_locale_intlibspace.o
        78          0          0          0          0         80   rt_memclr_w.o
         2          0          0          0          0          0   rtexit.o
        10          0          0          0          0          0   rtexit2.o
       128          0          0          0          0         68   strcmpv7m.o
        72          0          0          0          0         80   strcpy.o
        62          0          0          0          0         76   strlen.o
       150          0          0          0          0         80   strncmp.o
       112          0          0          0          0         88   strtol.o
        12          4          0          0          0         68   sys_exit.o
        74          0          0          0          0         80   sys_stackheap_outer.o
         2          0          0          0          0         68   use_no_semi.o
        98          4          0          0          0         92   d2f.o
       804         16          0          0          0        272   daddsub_clz.o
       688        140          0          0          0        208   ddiv.o
        46          0          0          0          0         68   dflt_clz.o
       156          4          0          0          0         92   dnaninf.o
        12          0          0          0          0         68   dretinf.o
       450          8          0          0          0        236   faddsub_clz.o
       388         76          0          0          0         96   fdiv.o
        54          4          0          0          0         84   ffix.o
        62          4          0          0          0         84   ffixu.o
        86          0          0          0          0        136   fflt_clz.o
       258          4          0          0          0         84   fmul.o
       140          4          0          0          0         84   fnaninf.o
        10          0          0          0          0         68   fretinf.o
         0          0          0          0          0          0   usenofp.o

    ----------------------------------------------------------------------
      5058        330        272          0         96       3844   Library Totals
        24          0          0          0          0          0   (incl. Padding)

    ----------------------------------------------------------------------

      Code (inc. data)   RO Data    RW Data    ZI Data      Debug   Library Name

      1782         66        272          0         96       2172   c_w.l
      3252        264          0          0          0       1672   fz_ws.l

    ----------------------------------------------------------------------
      5058        330        272          0         96       3844   Library Totals

    ----------------------------------------------------------------------

==============================================================================


      Code (inc. data)   RO Data    RW Data    ZI Data      Debug   

     21454       1720        582        128       2344     585581   Grand Totals
     21454       1720        582        128       2344     585581   ELF Image Totals
     21454       1720        582        128          0          0   ROM Totals

==============================================================================

    Total RO  Size (Code + RO Data)                22036 (  21.52kB)
    Total RW  Size (RW Data + ZI Data)              2472 (   2.41kB)
    Total ROM Size (Code + RO Data + RW Data)      22164 (  21.64kB)

==============================================================================

