Component: ARM Compiler 5.06 update 6 (build 750) Tool: armlink [4d35ed]

==============================================================================

Section Cross References

    startup_stm32f103xb.o(STACK) refers (Special) to heapauxi.o(.text) for __use_two_region_memory
    startup_stm32f103xb.o(HEAP) refers (Special) to heapauxi.o(.text) for __use_two_region_memory
    startup_stm32f103xb.o(RESET) refers (Special) to heapauxi.o(.text) for __use_two_region_memory
    startup_stm32f103xb.o(RESET) refers to startup_stm32f103xb.o(STACK) for __initial_sp
    startup_stm32f103xb.o(RESET) refers to startup_stm32f103xb.o(.text) for Reset_Handler
    startup_stm32f103xb.o(RESET) refers to stm32f1xx_it.o(i.NMI_Handler) for NMI_Handler
    startup_stm32f103xb.o(RESET) refers to stm32f1xx_it.o(i.HardFault_Handler) for HardFault_Handler
    startup_stm32f103xb.o(RESET) refers to stm32f1xx_it.o(i.MemManage_Handler) for MemManage_Handler
    startup_stm32f103xb.o(RESET) refers to stm32f1xx_it.o(i.BusFault_Handler) for BusFault_Handler
    startup_stm32f103xb.o(RESET) refers to stm32f1xx_it.o(i.UsageFault_Handler) for UsageFault_Handler
    startup_stm32f103xb.o(RESET) refers to stm32f1xx_it.o(i.SVC_Handler) for SVC_Handler
    startup_stm32f103xb.o(RESET) refers to stm32f1xx_it.o(i.DebugMon_Handler) for DebugMon_Handler
    startup_stm32f103xb.o(RESET) refers to stm32f1xx_it.o(i.PendSV_Handler) for PendSV_Handler
    startup_stm32f103xb.o(RESET) refers to stm32f1xx_it.o(i.SysTick_Handler) for SysTick_Handler
    startup_stm32f103xb.o(RESET) refers to stm32f1xx_it.o(i.EXTI0_IRQHandler) for EXTI0_IRQHandler
    startup_stm32f103xb.o(RESET) refers to stm32f1xx_it.o(i.DMA1_Channel4_IRQHandler) for DMA1_Channel4_IRQHandler
    startup_stm32f103xb.o(RESET) refers to stm32f1xx_it.o(i.DMA1_Channel5_IRQHandler) for DMA1_Channel5_IRQHandler
    startup_stm32f103xb.o(RESET) refers to stm32f1xx_it.o(i.TIM2_IRQHandler) for TIM2_IRQHandler
    startup_stm32f103xb.o(RESET) refers to stm32f1xx_it.o(i.TIM3_IRQHandler) for TIM3_IRQHandler
    startup_stm32f103xb.o(RESET) refers to stm32f1xx_it.o(i.USART1_IRQHandler) for USART1_IRQHandler
    startup_stm32f103xb.o(.text) refers (Special) to heapauxi.o(.text) for __use_two_region_memory
    startup_stm32f103xb.o(.text) refers to system_stm32f1xx.o(i.SystemInit) for SystemInit
    startup_stm32f103xb.o(.text) refers to __main.o(!!!main) for __main
    startup_stm32f103xb.o(.text) refers to startup_stm32f103xb.o(HEAP) for Heap_Mem
    startup_stm32f103xb.o(.text) refers to startup_stm32f103xb.o(STACK) for Stack_Mem
    main.o(i.Active_Inactive_Status_Tracking) refers to strcpy.o(.text) for strcpy
    main.o(i.Active_Inactive_Status_Tracking) refers to strlen.o(.text) for strlen
    main.o(i.Active_Inactive_Status_Tracking) refers to stm32f1xx_hal_uart.o(i.HAL_UART_Transmit) for HAL_UART_Transmit
    main.o(i.Active_Inactive_Status_Tracking) refers to main.o(.data) for .data
    main.o(i.Active_Inactive_Status_Tracking) refers to main.o(.bss) for .bss
    main.o(i.Change_Motor_Position) refers to main.o(.data) for .data
    main.o(i.Change_Output_Voltage) refers to strncmp.o(.text) for strncmp
    main.o(i.Change_Output_Voltage) refers to dflt_clz.o(x$fpl$dflt) for __aeabi_i2d
    main.o(i.Change_Output_Voltage) refers to ddiv.o(x$fpl$ddiv) for __aeabi_ddiv
    main.o(i.Change_Output_Voltage) refers to daddsub_clz.o(x$fpl$dadd) for __aeabi_dadd
    main.o(i.Change_Output_Voltage) refers to d2f.o(x$fpl$d2f) for __aeabi_d2f
    main.o(i.Change_Output_Voltage) refers to fmul.o(x$fpl$fmul) for __aeabi_fmul
    main.o(i.Change_Output_Voltage) refers to fdiv.o(x$fpl$fdiv) for __aeabi_fdiv
    main.o(i.Change_Output_Voltage) refers to ffix.o(x$fpl$ffix) for __aeabi_f2iz
    main.o(i.Change_Output_Voltage) refers to main.o(i.MCP4725_SetVoltage) for MCP4725_SetVoltage
    main.o(i.Change_Output_Voltage) refers to main.o(.data) for .data
    main.o(i.Change_Output_Voltage) refers to main.o(.bss) for .bss
    main.o(i.Control_Forward) refers to stm32f1xx_hal_gpio.o(i.HAL_GPIO_WritePin) for HAL_GPIO_WritePin
    main.o(i.Control_Motor_Speed) refers to stm32f1xx_hal_tim.o(i.HAL_TIM_Base_Start_IT) for HAL_TIM_Base_Start_IT
    main.o(i.Control_Motor_Speed) refers to main.o(i.Generate_PWM) for Generate_PWM
    main.o(i.Control_Motor_Speed) refers to stm32f1xx_hal_tim.o(i.HAL_TIM_Base_Stop_IT) for HAL_TIM_Base_Stop_IT
    main.o(i.Control_Motor_Speed) refers to stm32f1xx_hal_tim.o(i.HAL_TIM_PWM_Start) for HAL_TIM_PWM_Start
    main.o(i.Control_Motor_Speed) refers to main.o(i.Control_Forward) for Control_Forward
    main.o(i.Control_Motor_Speed) refers to atoi.o(.text) for atoi
    main.o(i.Control_Motor_Speed) refers to fflt_clz.o(x$fpl$fflt) for __aeabi_i2f
    main.o(i.Control_Motor_Speed) refers to main.o(.data) for .data
    main.o(i.Control_Motor_Speed) refers to main.o(.bss) for .bss
    main.o(i.Control_Position) refers to main.o(i.Control_Forward) for Control_Forward
[...]
    i.HAL_GetTick                            0x0800120c   Section        0  stm32f1xx_hal.o(i.HAL_GetTick)
    i.HAL_I2C_Init                           0x08001218   Section        0  stm32f1xx_hal_i2c.o(i.HAL_I2C_Init)
    i.HAL_I2C_Master_Transmit                0x080013a0   Section        0  stm32f1xx_hal_i2c.o(i.HAL_I2C_Master_Transmit)
    i.HAL_I2C_Mem_Read                       0x080014cc   Section        0  stm32f1xx_hal_i2c.o(i.HAL_I2C_Mem_Read)
    i.HAL_I2C_Mem_Write                      0x08001728   Section        0  stm32f1xx_hal_i2c.o(i.HAL_I2C_Mem_Write)
    i.HAL_I2C_MspInit                        0x08001858   Section        0  stm32f1xx_hal_msp.o(i.HAL_I2C_MspInit)
    i.HAL_IncTick                            0x080018f0   Section        0  stm32f1xx_hal.o(i.HAL_IncTick)
    i.HAL_Init                               0x08001900   Section        0  stm32f1xx_hal.o(i.HAL_Init)
    i.HAL_InitTick                           0x08001924   Section        0  stm32f1xx_hal.o(i.HAL_InitTick)
    i.HAL_MspInit                            0x08001964   Section        0  stm32f1xx_hal_msp.o(i.HAL_MspInit)
    i.HAL_NVIC_EnableIRQ                     0x080019a0   Section        0  stm32f1xx_hal_cortex.o(i.HAL_NVIC_EnableIRQ)
    i.HAL_NVIC_SetPriority                   0x080019bc   Section        0  stm32f1xx_hal_cortex.o(i.HAL_NVIC_SetPriority)
    i.HAL_NVIC_SetPriorityGrouping           0x080019fc   Section        0  stm32f1xx_hal_cortex.o(i.HAL_NVIC_SetPriorityGrouping)
    i.HAL_RCC_ClockConfig                    0x08001a20   Section        0  stm32f1xx_hal_rcc.o(i.HAL_RCC_ClockConfig)
    i.HAL_RCC_GetPCLK1Freq                   0x08001b4c   Section        0  stm32f1xx_hal_rcc.o(i.HAL_RCC_GetPCLK1Freq)
    i.HAL_RCC_GetPCLK2Freq                   0x08001b6c   Section        0  stm32f1xx_hal_rcc.o(i.HAL_RCC_GetPCLK2Freq)
    i.HAL_RCC_GetSysClockFreq                0x08001b8c   Section        0  stm32f1xx_hal_rcc.o(i.HAL_RCC_GetSysClockFreq)
    i.HAL_RCC_OscConfig                      0x08001bd8   Section        0  stm32f1xx_hal_rcc.o(i.HAL_RCC_OscConfig)
    i.HAL_SYSTICK_Config                     0x08001ef8   Section        0  stm32f1xx_hal_cortex.o(i.HAL_SYSTICK_Config)
    i.HAL_TIMEx_BreakCallback                0x08001f20   Section        0  stm32f1xx_hal_tim_ex.o(i.HAL_TIMEx_BreakCallback)
    i.HAL_TIMEx_CommutCallback               0x08001f22   Section        0  stm32f1xx_hal_tim_ex.o(i.HAL_TIMEx_CommutCallback)
    i.HAL_TIMEx_ConfigBreakDeadTime          0x08001f24   Section        0  stm32f1xx_hal_tim_ex.o(i.HAL_TIMEx_ConfigBreakDeadTime)
    i.HAL_TIMEx_MasterConfigSynchronization  0x08001f78   Section        0  stm32f1xx_hal_tim_ex.o(i.HAL_TIMEx_MasterConfigSynchronization)
    i.HAL_TIM_Base_Init                      0x08001fe0   Section        0  stm32f1xx_hal_tim.o(i.HAL_TIM_Base_Init)
    i.HAL_TIM_Base_MspInit                   0x0800203c   Section        0  stm32f1xx_hal_msp.o(i.HAL_TIM_Base_MspInit)
    i.HAL_TIM_Base_Start_IT                  0x080020b4   Section        0  stm32f1xx_hal_tim.o(i.HAL_TIM_Base_Start_IT)
    i.HAL_TIM_Base_Stop_IT                   0x0800210c   Section        0  stm32f1xx_hal_tim.o(i.HAL_TIM_Base_Stop_IT)
    i.HAL_TIM_ConfigClockSource              0x0800213c   Section        0  stm32f1xx_hal_tim.o(i.HAL_TIM_ConfigClockSource)
    i.HAL_TIM_IC_CaptureCallback             0x08002218   Section        0  stm32f1xx_hal_tim.o(i.HAL_TIM_IC_CaptureCallback)
    i.HAL_TIM_IRQHandler                     0x0800221a   Section        0  stm32f1xx_hal_tim.o(i.HAL_TIM_IRQHandler)
    i.HAL_TIM_MspPostInit                    0x0800234c   Section        0  stm32f1xx_hal_msp.o(i.HAL_TIM_MspPostInit)
    i.HAL_TIM_OC_DelayElapsedCallback        0x08002398   Section        0  stm32f1xx_hal_tim.o(i.HAL_TIM_OC_DelayElapsedCallback)
    i.HAL_TIM_PWM_ConfigChannel              0x0800239a   Section        0  stm32f1xx_hal_tim.o(i.HAL_TIM_PWM_ConfigChannel)
    i.HAL_TIM_PWM_Init                       0x08002466   Section        0  stm32f1xx_hal_tim.o(i.HAL_TIM_PWM_Init)
    i.HAL_TIM_PWM_MspInit                    0x080024c0   Section        0  stm32f1xx_hal_tim.o(i.HAL_TIM_PWM_MspInit)
    i.HAL_TIM_PWM_PulseFinishedCallback      0x080024c2   Section        0  stm32f1xx_hal_tim.o(i.HAL_TIM_PWM_PulseFinishedCallback)
    i.HAL_TIM_PWM_Start                      0x080024c4   Section        0  stm32f1xx_hal_tim.o(i.HAL_TIM_PWM_Start)
    i.HAL_TIM_PeriodElapsedCallback          0x08002560   Section        0  main.o(i.HAL_TIM_PeriodElapsedCallback)
    i.HAL_TIM_TriggerCallback                0x08002600   Section        0  stm32f1xx_hal_tim.o(i.HAL_TIM_TriggerCallback)
    i.HAL_UARTEx_ReceiveToIdle_DMA           0x08002602   Section        0  stm32f1xx_hal_uart.o(i.HAL_UARTEx_ReceiveToIdle_DMA)
    i.HAL_UARTEx_RxEventCallback             0x0800264c   Section        0  main.o(i.HAL_UARTEx_RxEventCallback)
    i.HAL_UART_ErrorCallback                 0x08002664   Section        0  stm32f1xx_hal_uart.o(i.HAL_UART_ErrorCallback)
    i.HAL_UART_IRQHandler                    0x08002668   Section        0  stm32f1xx_hal_uart.o(i.HAL_UART_IRQHandler)
    i.HAL_UART_Init                          0x080028d4   Section        0  stm32f1xx_hal_uart.o(i.HAL_UART_Init)
    i.HAL_UART_MspInit                       0x08002938   Section        0  stm32f1xx_hal_msp.o(i.HAL_UART_MspInit)
    i.HAL_UART_RxCpltCallback                0x08002a14   Section        0  stm32f1xx_hal_uart.o(i.HAL_UART_RxCpltCallback)
    i.HAL_UART_RxHalfCpltCallback            0x08002a16   Section        0  stm32f1xx_hal_uart.o(i.HAL_UART_RxHalfCpltCallback)
    i.HAL_UART_Transmit                      0x08002a18   Section        0  stm32f1xx_hal_uart.o(i.HAL_UART_Transmit)
    i.HAL_UART_TxCpltCallback                0x08002ab8   Section        0  stm32f1xx_hal_uart.o(i.HAL_UART_TxCpltCallback)
    i.HardFault_Handler                      0x08002aba   Section        0  stm32f1xx_it.o(i.HardFault_Handler)
    i.I2C_IsAcknowledgeFailed                0x08002abc   Section        0  stm32f1xx_hal_i2c.o(i.I2C_IsAcknowledgeFailed)
    I2C_IsAcknowledgeFailed                  0x08002abd   Thumb Code    46  stm32f1xx_hal_i2c.o(i.I2C_IsAcknowledgeFailed)
    i.I2C_MasterRequestWrite                 0x08002aec   Section        0  stm32f1xx_hal_i2c.o(i.I2C_MasterRequestWrite)
    I2C_MasterRequestWrite                   0x08002aed   Thumb Code   150  stm32f1xx_hal_i2c.o(i.I2C_MasterRequestWrite)
    i.I2C_RequestMemoryRead                  0x08002b88   Section        0  stm32f1xx_hal_i2c.o(i.I2C_RequestMemoryRead)
    I2C_RequestMemoryRead                    0x08002b89   Thumb Code   246  stm32f1xx_hal_i2c.o(i.I2C_RequestMemoryRead)
    i.I2C_RequestMemoryWrite                 0x08002c84   Section        0  stm32f1xx_hal_i2c.o(i.I2C_RequestMemoryWrite)
    I2C_RequestMemoryWrite                   0x08002c85   Thumb Code   162  stm32f1xx_hal_i2c.o(i.I2C_RequestMemoryWrite)
    i.I2C_WaitOnBTFFlagUntilTimeout          0x08002d2c   Section        0  stm32f1xx_hal_i2c.o(i.I2C_WaitOnBTFFlagUntilTimeout)
    I2C_WaitOnBTFFlagUntilTimeout            0x08002d2d   Thumb Code    86  stm32f1xx_hal_i2c.o(i.I2C_WaitOnBTFFlagUntilTimeout)
    i.I2C_WaitOnFlagUntilTimeout             0x08002d84   Section        0  stm32f1xx_hal_i2c.o(i.I2C_WaitOnFlagUntilTimeout)
    I2C_WaitOnFlagUntilTimeout               0x08002d85   Thumb Code   144  stm32f1xx_hal_i2c.o(i.I2C_WaitOnFlagUntilTimeout)
    i.I2C_WaitOnMasterAddressFlagUntilTimeout 0x08002e14   Section        0  stm32f1xx_hal_i2c.o(i.I2C_WaitOnMasterAddressFlagUntilTimeout)
    I2C_WaitOnMasterAddressFlagUntilTimeout  0x08002e15   Thumb Code   188  stm32f1xx_hal_i2c.o(i.I2C_WaitOnMasterAddressFlagUntilTimeout)
    i.I2C_WaitOnRXNEFlagUntilTimeout         0x08002ed0   Section        0  stm32f1xx_hal_i2c.o(i.I2C_WaitOnRXNEFlagUntilTimeout)
    I2C_WaitOnRXNEFlagUntilTimeout           0x08002ed1   Thumb Code   112  stm32f1xx_hal_i2c.o(i.I2C_WaitOnRXNEFlagUntilTimeout)
    i.I2C_WaitOnTXEFlagUntilTimeout          0x08002f40   Section        0  stm32f1xx_hal_i2c.o(i.I2C_WaitOnTXEFlagUntilTimeout)
    I2C_WaitOnTXEFlagUntilTimeout            0x08002f41   Thumb Code    86  stm32f1xx_hal_i2c.o(i.I2C_WaitOnTXEFlagUntilTimeout)
    i.LED_Control                            0x08002f98   Section        0  main.o(i.LED_Control)
    i.MCP4725_SetVoltage                     0x08002ffc   Section        0  main.o(i.MCP4725_SetVoltage)
    i.MX_GPIO_Init                           0x08003028   Section        0  main.o(i.MX_GPIO_Init)
    MX_GPIO_Init                             0x08003029   Thumb Code   234  main.o(i.MX_GPIO_Init)
    i.MX_TIM1_Init                           0x08003124   Section        0  main.o(i.MX_TIM1_Init)
    MX_TIM1_Init                             0x08003125   Thumb Code   190  main.o(i.MX_TIM1_Init)
    i.MX_TIM2_Init                           0x080031ec   Section        0  main.o(i.MX_TIM2_Init)
    MX_TIM2_Init                             0x080031ed   Thumb Code    96  main.o(i.MX_TIM2_Init)
    i.MX_TIM3_Init                           0x08003250   Section        0  main.o(i.MX_TIM3_Init)
    MX_TIM3_Init                             0x08003251   Thumb Code    96  main.o(i.MX_TIM3_Init)
    i.MemManage_Handler                      0x080032b8   Section        0  stm32f1xx_it.o(i.MemManage_Handler)
    i.NMI_Handler                            0x080032ba   Section        0  stm32f1xx_it.o(i.NMI_Handler)
    i.PendSV_Handler                         0x080032bc   Section        0  stm32f1xx_it.o(i.PendSV_Handler)
    i.Pulse_Transmit_Via_Com                 0x080032c0   Section        0  main.o(i.Pulse_Transmit_Via_Com)
    i.Recover_Data                           0x080032f8   Section        0  main.o(i.Recover_Data)
    i.SVC_Handler                            0x080033d8   Section        0  stm32f1xx_it.o(i.SVC_Handler)
    i.SysTick_Handler                        0x080033da   Section        0  stm32f1xx_it.o(i.SysTick_Handler)
    i.SystemClock_Config                     0x080033de   Section        0  main.o(i.SystemClock_Config)
    i.SystemInit                             0x0800343c   Section        0  system_stm32f1xx.o(i.SystemInit)
    i.TIM2_IRQHandler                        0x08003440   Section        0  stm32f1xx_it.o(i.TIM2_IRQHandler)
    i.TIM3_IRQHandler                        0x0800344c   Section        0  stm32f1xx_it.o(i.TIM3_IRQHandler)
    i.TIM_Base_SetConfig                     0x08003458   Section        0  stm32f1xx_hal_tim.o(i.TIM_Base_SetConfig)
    i.TIM_CCxChannelCmd                      0x080034d0   Section        0  stm32f1xx_hal_tim.o(i.TIM_CCxChannelCmd)
    i.TIM_ETR_SetConfig                      0x080034ea   Section        0  stm32f1xx_hal_tim.o(i.TIM_ETR_SetConfig)
    i.TIM_ITRx_SetConfig                     0x080034fe   Section        0  stm32f1xx_hal_tim.o(i.TIM_ITRx_SetConfig)
    TIM_ITRx_SetConfig                       0x080034ff   Thumb Code    16  stm32f1xx_hal_tim.o(i.TIM_ITRx_SetConfig)
    i.TIM_OC1_SetConfig                      0x08003510   Section        0  stm32f1xx_hal_tim.o(i.TIM_OC1_SetConfig)
    TIM_OC1_SetConfig                        0x08003511   Thumb Code    74  stm32f1xx_hal_tim.o(i.TIM_OC1_SetConfig)
    i.TIM_OC2_SetConfig                      0x08003560   Section        0  stm32f1xx_hal_tim.o(i.TIM_OC2_SetConfig)
    i.TIM_OC3_SetConfig                      0x080035b8   Section        0  stm32f1xx_hal_tim.o(i.TIM_OC3_SetConfig)
    TIM_OC3_SetConfig                        0x080035b9   Thumb Code    82  stm32f1xx_hal_tim.o(i.TIM_OC3_SetConfig)
    i.TIM_OC4_SetConfig                      0x08003610   Section        0  stm32f1xx_hal_tim.o(i.TIM_OC4_SetConfig)
    TIM_OC4_SetConfig                        0x08003611   Thumb Code    64  stm32f1xx_hal_tim.o(i.TIM_OC4_SetConfig)
    i.TIM_TI1_ConfigInputStage               0x08003654   Section        0  stm32f1xx_hal_tim.o(i.TIM_TI1_ConfigInputStage)
    TIM_TI1_ConfigInputStage                 0x08003655   Thumb Code    34  stm32f1xx_hal_tim.o(i.TIM_TI1_ConfigInputStage)
    i.TIM_TI2_ConfigInputStage               0x08003676   Section        0  stm32f1xx_hal_tim.o(i.TIM_TI2_ConfigInputStage)
    TIM_TI2_ConfigInputStage                 0x08003677   Thumb Code    36  stm32f1xx_hal_tim.o(i.TIM_TI2_ConfigInputStage)
    i.UART1_RX_Processing                    0x0800369c   Section        0  main.o(i.UART1_RX_Processing)
    i.UART_DMAAbortOnError                   0x080039b8   Section        0  stm32f1xx_hal_uart.o(i.UART_DMAAbortOnError)
    UART_DMAAbortOnError                     0x080039b9   Thumb Code    16  stm32f1xx_hal_uart.o(i.UART_DMAAbortOnError)
    i.UART_DMAError                          0x080039c8   Section        0  stm32f1xx_hal_uart.o(i.UART_DMAError)
    UART_DMAError                            0x080039c9   Thumb Code    74  stm32f1xx_hal_uart.o(i.UART_DMAError)
    i.UART_DMAReceiveCplt                    0x08003a12   Section        0  stm32f1xx_hal_uart.o(i.UART_DMAReceiveCplt)
    UART_DMAReceiveCplt                      0x08003a13   Thumb Code   134  stm32f1xx_hal_uart.o(i.UART_DMAReceiveCplt)
    i.UART_DMARxHalfCplt                     0x08003a98   Section        0  stm32f1xx_hal_uart.o(i.UART_DMARxHalfCplt)
    UART_DMARxHalfCplt                       0x08003a99   Thumb Code    30  stm32f1xx_hal_uart.o(i.UART_DMARxHalfCplt)
    i.UART_EndRxTransfer                     0x08003ab6   Section        0  stm32f1xx_hal_uart.o(i.UART_EndRxTransfer)
    UART_EndRxTransfer                       0x08003ab7   Thumb Code    78  stm32f1xx_hal_uart.o(i.UART_EndRxTransfer)
    i.UART_EndTxTransfer                     0x08003b04   Section        0  stm32f1xx_hal_uart.o(i.UART_EndTxTransfer)
    UART_EndTxTransfer                       0x08003b05   Thumb Code    28  stm32f1xx_hal_uart.o(i.UART_EndTxTransfer)
    i.UART_Receive_IT                        0x08003b20   Section        0  stm32f1xx_hal_uart.o(i.UART_Receive_IT)
    UART_Receive_IT                          0x08003b21   Thumb Code   194  stm32f1xx_hal_uart.o(i.UART_Receive_IT)
    i.UART_SetConfig                         0x08003be4   Section        0  stm32f1xx_hal_uart.o(i.UART_SetConfig)
    UART_SetConfig                           0x08003be5   Thumb Code   178  stm32f1xx_hal_uart.o(i.UART_SetConfig)
    i.UART_Start_Receive_DMA                 0x08003c9c   Section        0  stm32f1xx_hal_uart.o(i.UART_Start_Receive_DMA)
    i.UART_WaitOnFlagUntilTimeout            0x08003d2c   Section        0  stm32f1xx_hal_uart.o(i.UART_WaitOnFlagUntilTimeout)
    UART_WaitOnFlagUntilTimeout              0x08003d2d   Thumb Code   114  stm32f1xx_hal_uart.o(i.UART_WaitOnFlagUntilTimeout)
    i.USART1_IRQHandler                      0x08003da0   Section        0  stm32f1xx_it.o(i.USART1_IRQHandler)
    i.UsageFault_Handler                     0x08003dac   Section        0  stm32f1xx_it.o(i.UsageFault_Handler)
    i.__NVIC_SetPriority                     0x08003dae   Section        0  stm32f1xx_hal_cortex.o(i.__NVIC_SetPriority)
    __NVIC_SetPriority                       0x08003daf   Thumb Code    32  stm32f1xx_hal_cortex.o(i.__NVIC_SetPriority)
    i.main                                   0x08003dd0   Section        0  main.o(i.main)
    locale$$code                             0x08003f4c   Section       44  lc_ctype_c.o(locale$$code)
    x$fpl$d2f                                0x08003f78   Section       98  d2f.o(x$fpl$d2f)
    x$fpl$dadd                               0x08003fdc   Section      336  daddsub_clz.o(x$fpl$dadd)
    _dadd1                                   0x08003fed   Thumb Code     0  daddsub_clz.o(x$fpl$dadd)
    x$fpl$ddiv                               0x0800412c   Section      688  ddiv.o(x$fpl$ddiv)
    ddiv_entry                               0x08004133   Thumb Code     0  ddiv.o(x$fpl$ddiv)
    x$fpl$dflt                               0x080043dc   Section       46  dflt_clz.o(x$fpl$dflt)
    x$fpl$dnaninf                            0x0800440a   Section      156  dnaninf.o(x$fpl$dnaninf)
    x$fpl$dretinf                            0x080044a6   Section       12  dretinf.o(x$fpl$dretinf)
    x$fpl$dsub                               0x080044b4   Section      468  daddsub_clz.o(x$fpl$dsub)
    _dsub1                                   0x080044c5   Thumb Code     0  daddsub_clz.o(x$fpl$dsub)
    x$fpl$fadd                               0x08004688   Section      196  faddsub_clz.o(x$fpl$fadd)
    _fadd1                                   0x08004697   Thumb Code     0  faddsub_clz.o(x$fpl$fadd)
    x$fpl$fdiv                               0x0800474c   Section      388  fdiv.o(x$fpl$fdiv)
    _fdiv1                                   0x0800474d   Thumb Code     0  fdiv.o(x$fpl$fdiv)
    x$fpl$ffix                               0x080048d0   Section       54  ffix.o(x$fpl$ffix)
    x$fpl$ffixu                              0x08004908   Section       62  ffixu.o(x$fpl$ffixu)
    x$fpl$fflt                               0x08004948   Section       48  fflt_clz.o(x$fpl$fflt)
    x$fpl$ffltu                              0x08004978   Section       38  fflt_clz.o(x$fpl$ffltu)
    x$fpl$fmul                               0x080049a0   Section      258  fmul.o(x$fpl$fmul)
    x$fpl$fnaninf                            0x08004aa2   Section      140  fnaninf.o(x$fpl$fnaninf)
    x$fpl$fretinf                            0x08004b2e   Section       10  fretinf.o(x$fpl$fretinf)
    x$fpl$frsb                               0x08004b38   Section       20  faddsub_clz.o(x$fpl$frsb)
    x$fpl$fsub                               0x08004b4c   Section      234  faddsub_clz.o(x$fpl$fsub)
    _fsub1                                   0x08004b5b   Thumb Code     0  faddsub_clz.o(x$fpl$fsub)
    .constdata                               0x08004c36   Section       18  stm32f1xx_hal_rcc.o(.constdata)
    x$fpl$usenofp                            0x08004c36   Section        0  usenofp.o(x$fpl$usenofp)
    aPredivFactorTable                       0x08004c36   Data           2  stm32f1xx_hal_rcc.o(.constdata)
    aPLLMULFactorTable                       0x08004c38   Data          16  stm32f1xx_hal_rcc.o(.constdata)
    .constdata                               0x08004c48   Section       16  system_stm32f1xx.o(.constdata)
    .constdata                               0x08004c58   Section        8  system_stm32f1xx.o(.constdata)
    locale$$data                             0x08004c80   Section      272  lc_ctype_c.o(locale$$data)
    __lcctype_c_name                         0x08004c84   Data           2  lc_ctype_c.o(locale$$data)
    __lcctype_c_start                        0x08004c8c   Data           0  lc_ctype_c.o(locale$$data)
    __lcctype_c_end                          0x08004d90   Data           0  lc_ctype_c.o(locale$$data)
    .data                                    0x20000000   Section       92  main.o(.data)
    .data                                    0x2000005c   Section       12  stm32f1xx_hal.o(.data)
    .data                                    0x20000068   Section        4  system_stm32f1xx.o(.data)
    .bss                                     0x2000006c   Section      528  main.o(.bss)
    .bss                                     0x2000027c   Section       68  main.o(.bss)
    .bss                                     0x200002c0   Section       68  main.o(.bss)
    .bss                                     0x20000304   Section       96  libspace.o(.bss)
    HEAP                                     0x20000368   Section      512  startup_stm32f103xb.o(HEAP)
    Heap_Mem                                 0x20000368   Data         512  startup_stm32f103xb.o(HEAP)
    STACK                                    0x20000568   Section     1024  startup_stm32f103xb.o(STACK)
    Stack_Mem                                0x20000568   Data        1024  startup_stm32f103xb.o(STACK)
    __initial_sp                             0x20000968   Data           0  startup_stm32f103xb.o(STACK)

    Global Symbols

    Symbol Name                              Value     Ov Type        Size  Object(Section)

    BuildAttributes$$THM_ISAv4$P$D$K$B$S$PE$A:L22UL41UL21$X:L11$S22US41US21$IEEE1$IW$USESV6$~STKCKD$USESV7$~SHL$OSPACE$ROPI$EBA8$UX$STANDARDLIB$REQ8$PRES8$EABIv2 0x00000000   Number         0  anon$$obj.o ABSOLUTE
    __ARM_use_no_argv                        0x00000000   Number         0  main.o ABSOLUTE
    _printf_flags                            0x00000000   Number         0  printf_stubs.o ABSOLUTE
    _printf_return_value                     0x00000000   Number         0  printf_stubs.o ABSOLUTE
    _printf_sizespec                         0x00000000   Number         0  printf_stubs.o ABSOLUTE
    _printf_widthprec                        0x00000000   Number         0  printf_stubs.o ABSOLUTE
    __ARM_exceptions_init                     - Undefined Weak Reference
    __alloca_initialize                       - Undefined Weak Reference
    __arm_preinit_                            - Undefined Weak Reference
    __cpp_initialize__aeabi_                  - Undefined Weak Reference
    __cxa_finalize                            - Undefined Weak Reference
    __sigvec_lookup                           - Undefined Weak Reference
    _atexit_init                              - Undefined Weak Reference
    _call_atexit_fns                          - Undefined Weak Reference
    _clock_init                               - Undefined Weak Reference
    _fp_trap_init                             - Undefined Weak Reference
    _fp_trap_shutdown                         - Undefined Weak Reference
    _get_lc_collate                           - Undefined Weak Reference
    _get_lc_monetary                          - Undefined Weak Reference
    _get_lc_numeric                           - Undefined Weak Reference
    _get_lc_time                              - Undefined Weak Reference
    _getenv_init                              - Undefined Weak Reference
    _handle_redirection                       - Undefined Weak Reference
    _init_alloc                               - Undefined Weak Reference
    _init_user_alloc                          - Undefined Weak Reference
    _initio                                   - Undefined Weak Reference
    _printf_post_padding                      - Undefined Weak Reference
    _printf_pre_padding                       - Undefined Weak Reference
    _printf_truncate_signed                   - Undefined Weak Reference
    _printf_truncate_unsigned                 - Undefined Weak Reference
    _rand_init                                - Undefined Weak Reference
    _signal_finish                            - Undefined Weak Reference
    _signal_init                              - Undefined Weak Reference
    _terminate_alloc                          - Undefined Weak Reference
    _terminate_user_alloc                     - Undefined Weak Reference
    _terminateio                              - Undefined Weak Reference
    __Vectors_Size                           0x000000ec   Number         0  startup_stm32f103xb.o ABSOLUTE
    __Vectors                                0x08000000   Data           4  startup_stm32f103xb.o(RESET)
    __Vectors_End                            0x080000ec   Data           0  startup_stm32f103xb.o(RESET)
    __main                                   0x080000ed   Thumb Code     8  __main.o(!!!main)
    __scatterload                            0x080000f5   Thumb Code     0  __scatter.o(!!!scatter)
    __scatterload_rt2                        0x080000f5   Thumb Code    44  __scatter.o(!!!scatter)
    __scatterload_rt2_thumb_only             0x080000f5   Thumb Code     0  __scatter.o(!!!scatter)
    __scatterload_null                       0x08000103   Thumb Code     0  __scatter.o(!!!scatter)
    __scatterload_copy                       0x08000129   Thumb Code    26  __scatter_copy.o(!!handler_copy)
    __scatterload_zeroinit                   0x08000145   Thumb Code    28  __scatter_zi.o(!!handler_zi)
    _printf_d                                0x08000161   Thumb Code     0  _printf_d.o(.ARM.Collect$$_printf_percent$$00000009)
    _printf_percent                          0x08000161   Thumb Code     0  _printf_percent.o(.ARM.Collect$$_printf_percent$$00000000)
    _printf_percent_end                      0x08000167   Thumb Code     0  _printf_percent_end.o(.ARM.Collect$$_printf_percent$$00000017)
    __rt_lib_init                            0x0800016b   Thumb Code     0  libinit.o(.ARM.Collect$$libinit$$00000000)
    __rt_lib_init_fp_1                       0x0800016d   Thumb Code     0  libinit2.o(.ARM.Collect$$libinit$$00000002)
    __rt_lib_init_heap_1                     0x0800016d   Thumb Code     0  libinit2.o(.ARM.Collect$$libinit$$0000000A)
    __rt_lib_init_lc_common                  0x0800016d   Thumb Code     0  libinit2.o(.ARM.Collect$$libinit$$0000000F)
    __rt_lib_init_preinit_1                  0x0800016d   Thumb Code     0  libinit2.o(.ARM.Collect$$libinit$$00000004)
    __rt_lib_init_rand_1                     0x0800016d   Thumb Code     0  libinit2.o(.ARM.Collect$$libinit$$0000000E)
    __rt_lib_init_user_alloc_1               0x0800016d   Thumb Code     0  libinit2.o(.ARM.Collect$$libinit$$0000000C)
    __rt_lib_init_lc_collate_1               0x08000173   Thumb Code     0  libinit2.o(.ARM.Collect$$libinit$$00000011)
    __rt_lib_init_lc_ctype_2                 0x08000173   Thumb Code     0  libinit2.o(.ARM.Collect$$libinit$$00000012)
    __rt_lib_init_alloca_1                   0x0800017f   Thumb Code     0  libinit2.o(.ARM.Collect$$libinit$$0000002E)
    __rt_lib_init_argv_1                     0x0800017f   Thumb Code     0  libinit2.o(.ARM.Collect$$libinit$$0000002C)
    __rt_lib_init_atexit_1                   0x0800017f   Thumb Code     0  libinit2.o(.ARM.Collect$$libinit$$0000001B)
    __rt_lib_init_clock_1                    0x0800017f   Thumb Code     0  libinit2.o(.ARM.Collect$$libinit$$00000021)
    __rt_lib_init_cpp_1                      0x0800017f   Thumb Code     0  libinit2.o(.ARM.Collect$$libinit$$00000032)
    __rt_lib_init_exceptions_1               0x0800017f   Thumb Code     0  libinit2.o(.ARM.Collect$$libinit$$00000030)
    __rt_lib_init_fp_trap_1                  0x0800017f   Thumb Code     0  libinit2.o(.ARM.Collect$$libinit$$0000001F)
    __rt_lib_init_getenv_1                   0x0800017f   Thumb Code     0  libinit2.o(.ARM.Collect$$libinit$$00000023)
    __rt_lib_init_lc_ctype_1                 0x0800017f   Thumb Code     0  libinit2.o(.ARM.Collect$$libinit$$00000013)
    __rt_lib_init_lc_monetary_1              0x0800017f   Thumb Code     0  libinit2.o(.ARM.Collect$$libinit$$00000015)
    __rt_lib_init_lc_numeric_1               0x0800017f   Thumb Code     0  libinit2.o(.ARM.Collect$$libinit$$00000017)
    __rt_lib_init_lc_time_1                  0x0800017f   Thumb Code     0  libinit2.o(.ARM.Collect$$libinit$$00000019)
    __rt_lib_init_return                     0x0800017f   Thumb Code     0  libinit2.o(.ARM.Collect$$libinit$$00000033)
    __rt_lib_init_signal_1                   0x0800017f   Thumb Code     0  libinit2.o(.ARM.Collect$$libinit$$0000001D)
    __rt_lib_init_stdio_1                    0x0800017f   Thumb Code     0  libinit2.o(.ARM.Collect$$libinit$$00000025)
    __rt_lib_shutdown                        0x08000181   Thumb Code     0  libshutdown.o(.ARM.Collect$$libshutdown$$00000000)
    __rt_lib_shutdown_cpp_1                  0x08000183   Thumb Code     0  libshutdown2.o(.ARM.Collect$$libshutdown$$00000002)
    __rt_lib_shutdown_fp_trap_1              0x08000183   Thumb Code     0  libshutdown2.o(.ARM.Collect$$libshutdown$$00000007)
    __rt_lib_shutdown_heap_1                 0x08000183   Thumb Code     0  libshutdown2.o(.ARM.Collect$$libshutdown$$0000000F)
    __rt_lib_shutdown_return                 0x08000183   Thumb Code     0  libshutdown2.o(.ARM.Collect$$libshutdown$$00000010)
    __rt_lib_shutdown_signal_1               0x08000183   Thumb Code     0  libshutdown2.o(.ARM.Collect$$libshutdown$$0000000A)
    __rt_lib_shutdown_stdio_1                0x08000183   Thumb Code     0  libshutdown2.o(.ARM.Collect$$libshutdown$$00000004)
    __rt_lib_shutdown_user_alloc_1           0x08000183   Thumb Code     0  libshutdown2.o(.ARM.Collect$$libshutdown$$0000000C)
    __rt_entry                               0x08000185   Thumb Code     0  __rtentry.o(.ARM.Collect$$rtentry$$00000000)
    __rt_entry_presh_1                       0x08000185   Thumb Code     0  __rtentry2.o(.ARM.Collect$$rtentry$$00000002)
    __rt_entry_sh                            0x08000185   Thumb Code     0  __rtentry4.o(.ARM.Collect$$rtentry$$00000004)
    __rt_entry_li                            0x0800018b   Thumb Code     0  __rtentry2.o(.ARM.Collect$$rtentry$$0000000A)
    __rt_entry_postsh_1                      0x0800018b   Thumb Code     0  __rtentry2.o(.ARM.Collect$$rtentry$$00000009)
    __rt_entry_main                          0x0800018f   Thumb Code     0  __rtentry2.o(.ARM.Collect$$rtentry$$0000000D)
    __rt_entry_postli_1                      0x0800018f   Thumb Code     0  __rtentry2.o(.ARM.Collect$$rtentry$$0000000C)
    __rt_exit                                0x08000197   Thumb Code     0  rtexit.o(.ARM.Collect$$rtexit$$00000000)
    __rt_exit_ls                             0x08000199   Thumb Code     0  rtexit2.o(.ARM.Collect$$rtexit$$00000003)
    __rt_exit_prels_1                        0x08000199   Thumb Code     0  rtexit2.o(.ARM.Collect$$rtexit$$00000002)
    __rt_exit_exit                           0x0800019d   Thumb Code     0  rtexit2.o(.ARM.Collect$$rtexit$$00000004)
    Reset_Handler                            0x080001a5   Thumb Code     8  startup_stm32f103xb.o(.text)
    ADC1_2_IRQHandler                        0x080001bf   Thumb Code     0  startup_stm32f103xb.o(.text)
    CAN1_RX1_IRQHandler                      0x080001bf   Thumb Code     0  startup_stm32f103xb.o(.text)
    CAN1_SCE_IRQHandler                      0x080001bf   Thumb Code     0  startup_stm32f103xb.o(.text)
    DMA1_Channel1_IRQHandler                 0x080001bf   Thumb Code     0  startup_stm32f103xb.o(.text)
    DMA1_Channel2_IRQHandler                 0x080001bf   Thumb Code     0  startup_stm32f103xb.o(.text)
    DMA1_Channel3_IRQHandler                 0x080001bf   Thumb Code     0  startup_stm32f103xb.o(.text)
    DMA1_Channel6_IRQHandler                 0x080001bf   Thumb Code     0  startup_stm32f103xb.o(.text)
    DMA1_Channel7_IRQHandler                 0x080001bf   Thumb Code     0  startup_stm32f103xb.o(.text)
    EXTI15_10_IRQHandler                     0x080001bf   Thumb Code     0  startup_stm32f103xb.o(.text)
    EXTI1_IRQHandler                         0x080001bf   Thumb Code     0  startup_stm32f103xb.o(.text)
    EXTI2_IRQHandler                         0x080001bf   Thumb Code     0  startup_stm32f103xb.o(.text)
    EXTI3_IRQHandler                         0x080001bf   Thumb Code     0  startup_stm32f103xb.o(.text)
    EXTI4_IRQHandler                         0x080001bf   Thumb Code     0  startup_stm32f103xb.o(.text)
    EXTI9_5_IRQHandler                       0x080001bf   Thumb Code     0  startup_stm32f103xb.o(.text)
    FLASH_IRQHandler                         0x080001bf   Thumb Code     0  startup_stm32f103xb.o(.text)
    I2C1_ER_IRQHandler                       0x080001bf   Thumb Code     0  startup_stm32f103xb.o(.text)
    I2C1_EV_IRQHandler                       0x080001bf   Thumb Code     0  startup_stm32f103xb.o(.text)
    I2C2_ER_IRQHandler                       0x080001bf   Thumb Code     0  startup_stm32f103xb.o(.text)
    I2C2_EV_IRQHandler                       0x080001bf   Thumb Code     0  startup_stm32f103xb.o(.text)
    PVD_IRQHandler                           0x080001bf   Thumb Code     0  startup_stm32f103xb.o(.text)
    RCC_IRQHandler                           0x080001bf   Thumb Code     0  startup_stm32f103xb.o(.text)
    RTC_Alarm_IRQHandler                     0x080001bf   Thumb Code     0  startup_stm32f103xb.o(.text)
    RTC_IRQHandler                           0x080001bf   Thumb Code     0  startup_stm32f103xb.o(.text)
    SPI1_IRQHandler                          0x080001bf   Thumb Code     0  startup_stm32f103xb.o(.text)
    SPI2_IRQHandler                          0x080001bf   Thumb Code     0  startup_stm32f103xb.o(.text)
    TAMPER_IRQHandler                        0x080001bf   Thumb Code     0  startup_stm32f103xb.o(.text)
    TIM1_BRK_IRQHandler                      0x080001bf   Thumb Code     0  startup_stm32f103xb.o(.text)
    TIM1_CC_IRQHandler                       0x080001bf   Thumb Code     0  startup_stm32f103xb.o(.text)
    TIM1_TRG_COM_IRQHandler                  0x080001bf   Thumb Code     0  startup_stm32f103xb.o(.text)
    TIM1_UP_IRQHandler                       0x080001bf   Thumb Code     0  startup_stm32f103xb.o(.text)
    TIM4_IRQHandler                          0x080001bf   Thumb Code     0  startup_stm32f103xb.o(.text)
    USART2_IRQHandler                        0x080001bf   Thumb Code     0  startup_stm32f103xb.o(.text)
    USART3_IRQHandler                        0x080001bf   Thumb Code     0  startup_stm32f103xb.o(.text)
    USBWakeUp_IRQHandler                     0x080001bf   Thumb Code     0  startup_stm32f103xb.o(.text)
    USB_HP_CAN1_TX_IRQHandler                0x080001bf   Thumb Code     0  startup_stm32f103xb.o(.text)
    USB_LP_CAN1_RX0_IRQHandler               0x080001bf   Thumb Code     0  startup_stm32f103xb.o(.text)
    WWDG_IRQHandler                          0x080001bf   Thumb Code     0  startup_stm32f103xb.o(.text)
    __user_initial_stackheap                 0x080001c1   Thumb Code     0  startup_stm32f103xb.o(.text)
    __2sprintf                               0x080001e5   Thumb Code    38  __2sprintf.o(.text)
    __printf                                 0x08000211   Thumb Code   104  __printf.o(.text)
    _printf_int_dec                          0x08000279   Thumb Code   104  _printf_dec.o(.text)
    atoi                                     0x080002f1   Thumb Code    26  atoi.o(.text)
    memcmp                                   0x0800030b   Thumb Code    88  memcmp.o(.text)
    strcpy                                   0x08000363   Thumb Code    72  strcpy.o(.text)
    strlen                                   0x080003ab   Thumb Code    62  strlen.o(.text)
    strncmp                                  0x080003e9   Thumb Code   150  strncmp.o(.text)
    __aeabi_memclr4                          0x0800047f   Thumb Code     0  rt_memclr_w.o(.text)
    __aeabi_memclr8                          0x0800047f   Thumb Code     0  rt_memclr_w.o(.text)
    __rt_memclr_w                            0x0800047f   Thumb Code    78  rt_memclr_w.o(.text)
    _memset_w                                0x08000483   Thumb Code     0  rt_memclr_w.o(.text)
    __use_two_region_memory                  0x080004cd   Thumb Code     2  heapauxi.o(.text)
    __rt_heap_escrow$2region                 0x080004cf   Thumb Code     2  heapauxi.o(.text)
    __rt_heap_expand$2region                 0x080004d1   Thumb Code     2  heapauxi.o(.text)
    __aeabi_errno_addr                       0x080004d5   Thumb Code     8  rt_errno_addr_intlibspace.o(.text)
    __errno$intlibspace                      0x080004d5   Thumb Code     0  rt_errno_addr_intlibspace.o(.text)
    __rt_errno_addr$intlibspace              0x080004d5   Thumb Code     0  rt_errno_addr_intlibspace.o(.text)
    _printf_int_common                       0x080004dd   Thumb Code   178  _printf_intcommon.o(.text)
    _printf_char_common                      0x0800059b   Thumb Code    32  _printf_char_common.o(.text)
    _sputc                                   0x080005c1   Thumb Code    10  _sputc.o(.text)
    strtol                                   0x080005cb   Thumb Code   112  strtol.o(.text)
    __user_libspace                          0x0800063d   Thumb Code     8  libspace.o(.text)
    __user_perproc_libspace                  0x0800063d   Thumb Code     0  libspace.o(.text)
    __user_perthread_libspace                0x0800063d   Thumb Code     0  libspace.o(.text)
    __rt_ctype_table                         0x08000645   Thumb Code    16  rt_ctype_table.o(.text)
    _strtoul                                 0x08000655   Thumb Code   158  _strtoul.o(.text)
    __user_setup_stackheap                   0x080006f3   Thumb Code    74  sys_stackheap_outer.o(.text)
    __rt_locale                              0x0800073d   Thumb Code     8  rt_locale_intlibspace.o(.text)
    _chval                                   0x08000745   Thumb Code    28  _chval.o(.text)
    exit                                     0x08000761   Thumb Code    18  exit.o(.text)
    strcmp                                   0x08000775   Thumb Code   128  strcmpv7m.o(.text)
    _sys_exit                                0x080007f5   Thumb Code     8  sys_exit.o(.text)
    __I$use$semihosting                      0x08000801   Thumb Code     0  use_no_semi.o(.text)
    __use_no_semihosting_swi                 0x08000801   Thumb Code     2  use_no_semi.o(.text)
    __semihosting_library_function           0x08000803   Thumb Code     0  indicate_semi.o(.text)
    Active_Inactive_Status_Tracking          0x08000805   Thumb Code   192  main.o(i.Active_Inactive_Status_Tracking)
    BusFault_Handler                         0x08000965   Thumb Code     2  stm32f1xx_it.o(i.BusFault_Handler)
    Change_Motor_Position                    0x08000969   Thumb Code   110  main.o(i.Change_Motor_Position)
    Change_Output_Voltage                    0x08000a05   Thumb Code    90  main.o(i.Change_Output_Voltage)
    Control_Forward                          0x08000a81   Thumb Code    38  main.o(i.Control_Forward)
    Control_Motor_Speed                      0x08000aad   Thumb Code   104  main.o(i.Control_Motor_Speed)
    Control_Position                         0x08000b1d   Thumb Code    80  main.o(i.Control_Position)
    Control_Reverse                          0x08000b75   Thumb Code    38  main.o(i.Control_Reverse)
    Control_Stop                             0x08000ba1   Thumb Code    38  main.o(i.Control_Stop)
    DMA1_Channel4_IRQHandler                 0x08000bcd   Thumb Code     6  stm32f1xx_it.o(i.DMA1_Channel4_IRQHandler)
    DMA1_Channel5_IRQHandler                 0x08000bd9   Thumb Code     6  stm32f1xx_it.o(i.DMA1_Channel5_IRQHandler)
    DebugMon_Handler                         0x08000c0f   Thumb Code     2  stm32f1xx_it.o(i.DebugMon_Handler)
    EEPROM_Processing                        0x08000c11   Thumb Code    56  main.o(i.EEPROM_Processing)
    EXTI0_IRQHandler                         0x08000c51   Thumb Code     6  stm32f1xx_it.o(i.EXTI0_IRQHandler)
    Error_Handler                            0x08000c57   Thumb Code     4  main.o(i.Error_Handler)
    Generate_PWM                             0x08000c5d   Thumb Code    84  main.o(i.Generate_PWM)
    HAL_DMA_Abort                            0x08000cb9   Thumb Code    70  stm32f1xx_hal_dma.o(i.HAL_DMA_Abort)
    HAL_DMA_Abort_IT                         0x08000d01   Thumb Code   148  stm32f1xx_hal_dma.o(i.HAL_DMA_Abort_IT)
    HAL_DMA_IRQHandler                       0x08000d99   Thumb Code   316  stm32f1xx_hal_dma.o(i.HAL_DMA_IRQHandler)
    HAL_DMA_Init                             0x08000eed   Thumb Code    84  stm32f1xx_hal_dma.o(i.HAL_DMA_Init)
    HAL_DMA_Start_IT                         0x08000f49   Thumb Code   112  stm32f1xx_hal_dma.o(i.HAL_DMA_Start_IT)
    HAL_Delay                                0x08000fb9   Thumb Code    32  stm32f1xx_hal.o(i.HAL_Delay)
    HAL_GPIO_EXTI_Callback                   0x08000fdd   Thumb Code    28  main.o(i.HAL_GPIO_EXTI_Callback)
    HAL_GPIO_EXTI_IRQHandler                 0x08001001   Thumb Code    18  stm32f1xx_hal_gpio.o(i.HAL_GPIO_EXTI_IRQHandler)
    HAL_GPIO_Init                            0x08001019   Thumb Code   446  stm32f1xx_hal_gpio.o(i.HAL_GPIO_Init)
    HAL_GPIO_ReadPin                         0x080011f9   Thumb Code    10  stm32f1xx_hal_gpio.o(i.HAL_GPIO_ReadPin)
    HAL_GPIO_WritePin                        0x08001203   Thumb Code    10  stm32f1xx_hal_gpio.o(i.HAL_GPIO_WritePin)
    HAL_GetTick                              0x0800120d   Thumb Code     6  stm32f1xx_hal.o(i.HAL_GetTick)
    HAL_I2C_Init                             0x08001219   Thumb Code   376  stm32f1xx_hal_i2c.o(i.HAL_I2C_Init)
    HAL_I2C_Master_Transmit                  0x080013a1   Thumb Code   290  stm32f1xx_hal_i2c.o(i.HAL_I2C_Master_Transmit)
    HAL_I2C_Mem_Read                         0x080014cd   Thumb Code   586  stm32f1xx_hal_i2c.o(i.HAL_I2C_Mem_Read)
    HAL_I2C_Mem_Write                        0x08001729   Thumb Code   294  stm32f1xx_hal_i2c.o(i.HAL_I2C_Mem_Write)
    HAL_I2C_MspInit                          0x08001859   Thumb Code   134  stm32f1xx_hal_msp.o(i.HAL_I2C_MspInit)
    HAL_IncTick                              0x080018f1   Thumb Code    12  stm32f1xx_hal.o(i.HAL_IncTick)
    HAL_Init                                 0x08001901   Thumb Code    32  stm32f1xx_hal.o(i.HAL_Init)
    HAL_InitTick                             0x08001925   Thumb Code    54  stm32f1xx_hal.o(i.HAL_InitTick)
    HAL_MspInit                              0x08001965   Thumb Code    52  stm32f1xx_hal_msp.o(i.HAL_MspInit)
    HAL_NVIC_EnableIRQ                       0x080019a1   Thumb Code    26  stm32f1xx_hal_cortex.o(i.HAL_NVIC_EnableIRQ)
    HAL_NVIC_SetPriority                     0x080019bd   Thumb Code    60  stm32f1xx_hal_cortex.o(i.HAL_NVIC_SetPriority)
    HAL_NVIC_SetPriorityGrouping             0x080019fd   Thumb Code    26  stm32f1xx_hal_cortex.o(i.HAL_NVIC_SetPriorityGrouping)
    HAL_RCC_ClockConfig                      0x08001a21   Thumb Code   280  stm32f1xx_hal_rcc.o(i.HAL_RCC_ClockConfig)
    HAL_RCC_GetPCLK1Freq                     0x08001b4d   Thumb Code    20  stm32f1xx_hal_rcc.o(i.HAL_RCC_GetPCLK1Freq)
    HAL_RCC_GetPCLK2Freq                     0x08001b6d   Thumb Code    20  stm32f1xx_hal_rcc.o(i.HAL_RCC_GetPCLK2Freq)
    HAL_RCC_GetSysClockFreq                  0x08001b8d   Thumb Code    58  stm32f1xx_hal_rcc.o(i.HAL_RCC_GetSysClockFreq)
    HAL_RCC_OscConfig                        0x08001bd9   Thumb Code   778  stm32f1xx_hal_rcc.o(i.HAL_RCC_OscConfig)
    HAL_SYSTICK_Config                       0x08001ef9   Thumb Code    40  stm32f1xx_hal_cortex.o(i.HAL_SYSTICK_Config)
    HAL_TIMEx_BreakCallback                  0x08001f21   Thumb Code     2  stm32f1xx_hal_tim_ex.o(i.HAL_TIMEx_BreakCallback)
    HAL_TIMEx_CommutCallback                 0x08001f23   Thumb Code     2  stm32f1xx_hal_tim_ex.o(i.HAL_TIMEx_CommutCallback)
    HAL_TIMEx_ConfigBreakDeadTime            0x08001f25   Thumb Code    84  stm32f1xx_hal_tim_ex.o(i.HAL_TIMEx_ConfigBreakDeadTime)
    HAL_TIMEx_MasterConfigSynchronization    0x08001f79   Thumb Code    92  stm32f1xx_hal_tim_ex.o(i.HAL_TIMEx_MasterConfigSynchronization)
    HAL_TIM_Base_Init                        0x08001fe1   Thumb Code    90  stm32f1xx_hal_tim.o(i.HAL_TIM_Base_Init)
    HAL_TIM_Base_MspInit                     0x0800203d   Thumb Code   108  stm32f1xx_hal_msp.o(i.HAL_TIM_Base_MspInit)
    HAL_TIM_Base_Start_IT                    0x080020b5   Thumb Code    76  stm32f1xx_hal_tim.o(i.HAL_TIM_Base_Start_IT)
    HAL_TIM_Base_Stop_IT                     0x0800210d   Thumb Code    48  stm32f1xx_hal_tim.o(i.HAL_TIM_Base_Stop_IT)
    HAL_TIM_ConfigClockSource                0x0800213d   Thumb Code   220  stm32f1xx_hal_tim.o(i.HAL_TIM_ConfigClockSource)
    HAL_TIM_IC_CaptureCallback               0x08002219   Thumb Code     2  stm32f1xx_hal_tim.o(i.HAL_TIM_IC_CaptureCallback)
    HAL_TIM_IRQHandler                       0x0800221b   Thumb Code   304  stm32f1xx_hal_tim.o(i.HAL_TIM_IRQHandler)
    HAL_TIM_MspPostInit                      0x0800234d   Thumb Code    64  stm32f1xx_hal_msp.o(i.HAL_TIM_MspPostInit)
    HAL_TIM_OC_DelayElapsedCallback          0x08002399   Thumb Code     2  stm32f1xx_hal_tim.o(i.HAL_TIM_OC_DelayElapsedCallback)
    HAL_TIM_PWM_ConfigChannel                0x0800239b   Thumb Code   204  stm32f1xx_hal_tim.o(i.HAL_TIM_PWM_ConfigChannel)
    HAL_TIM_PWM_Init                         0x08002467   Thumb Code    90  stm32f1xx_hal_tim.o(i.HAL_TIM_PWM_Init)
    HAL_TIM_PWM_MspInit                      0x080024c1   Thumb Code     2  stm32f1xx_hal_tim.o(i.HAL_TIM_PWM_MspInit)
    HAL_TIM_PWM_PulseFinishedCallback        0x080024c3   Thumb Code     2  stm32f1xx_hal_tim.o(i.HAL_TIM_PWM_PulseFinishedCallback)
    HAL_TIM_PWM_Start                        0x080024c5   Thumb Code   144  stm32f1xx_hal_tim.o(i.HAL_TIM_PWM_Start)
    HAL_TIM_PeriodElapsedCallback            0x08002561   Thumb Code   142  main.o(i.HAL_TIM_PeriodElapsedCallback)
    HAL_TIM_TriggerCallback                  0x08002601   Thumb Code     2  stm32f1xx_hal_tim.o(i.HAL_TIM_TriggerCallback)
    HAL_UARTEx_ReceiveToIdle_DMA             0x08002603   Thumb Code    74  stm32f1xx_hal_uart.o(i.HAL_UARTEx_ReceiveToIdle_DMA)
    HAL_UARTEx_RxEventCallback               0x0800264d   Thumb Code    16  main.o(i.HAL_UARTEx_RxEventCallback)
    HAL_UART_ErrorCallback                   0x08002665   Thumb Code     2  stm32f1xx_hal_uart.o(i.HAL_UART_ErrorCallback)
    HAL_UART_IRQHandler                      0x08002669   Thumb Code   616  stm32f1xx_hal_uart.o(i.HAL_UART_IRQHandler)
    HAL_UART_Init                            0x080028d5   Thumb Code   100  stm32f1xx_hal_uart.o(i.HAL_UART_Init)
    HAL_UART_MspInit                         0x08002939   Thumb Code   196  stm32f1xx_hal_msp.o(i.HAL_UART_MspInit)
    HAL_UART_RxCpltCallback                  0x08002a15   Thumb Code     2  stm32f1xx_hal_uart.o(i.HAL_UART_RxCpltCallback)
    HAL_UART_RxHalfCpltCallback              0x08002a17   Thumb Code     2  stm32f1xx_hal_uart.o(i.HAL_UART_RxHalfCpltCallback)
    HAL_UART_Transmit                        0x08002a19   Thumb Code   160  stm32f1xx_hal_uart.o(i.HAL_UART_Transmit)
    HAL_UART_TxCpltCallback                  0x08002ab9   Thumb Code     2  stm32f1xx_hal_uart.o(i.HAL_UART_TxCpltCallback)
    HardFault_Handler                        0x08002abb   Thumb Code     2  stm32f1xx_it.o(i.HardFault_Handler)
    LED_Control                              0x08002f99   Thumb Code    86  main.o(i.LED_Control)
    MCP4725_SetVoltage                       0x08002ffd   Thumb Code    40  main.o(i.MCP4725_SetVoltage)
    MemManage_Handler                        0x080032b9   Thumb Code     2  stm32f1xx_it.o(i.MemManage_Handler)
    NMI_Handler                              0x080032bb   Thumb Code     2  stm32f1xx_it.o(i.NMI_Handler)
    PendSV_Handler                           0x080032bd   Thumb Code     2  stm32f1xx_it.o(i.PendSV_Handler)
    Pulse_Transmit_Via_Com                   0x080032c1   Thumb Code    40  main.o(i.Pulse_Transmit_Via_Com)
    Recover_Data                             0x080032f9   Thumb Code   196  main.o(i.Recover_Data)
    SVC_Handler                              0x080033d9   Thumb Code     2  stm32f1xx_it.o(i.SVC_Handler)
    SysTick_Handler                          0x080033db   Thumb Code     4  stm32f1xx_it.o(i.SysTick_Handler)
    SystemClock_Config                       0x080033df   Thumb Code    94  main.o(i.SystemClock_Config)
    SystemInit                               0x0800343d   Thumb Code     2  system_stm32f1xx.o(i.SystemInit)
    TIM2_IRQHandler                          0x08003441   Thumb Code     6  stm32f1xx_it.o(i.TIM2_IRQHandler)
    TIM3_IRQHandler                          0x0800344d   Thumb Code     6  stm32f1xx_it.o(i.TIM3_IRQHandler)
    TIM_Base_SetConfig                       0x08003459   Thumb Code   108  stm32f1xx_hal_tim.o(i.TIM_Base_SetConfig)
    TIM_CCxChannelCmd                        0x080034d1   Thumb Code    26  stm32f1xx_hal_tim.o(i.TIM_CCxChannelCmd)
    TIM_ETR_SetConfig                        0x080034eb   Thumb Code    20  stm32f1xx_hal_tim.o(i.TIM_ETR_SetConfig)
    TIM_OC2_SetConfig                        0x08003561   Thumb Code    84  stm32f1xx_hal_tim.o(i.TIM_OC2_SetConfig)
    UART1_RX_Processing                      0x0800369d   Thumb Code   518  main.o(i.UART1_RX_Processing)
    UART_Start_Receive_DMA                   0x08003c9d   Thumb Code   130  stm32f1xx_hal_uart.o(i.UART_Start_Receive_DMA)
    USART1_IRQHandler                        0x08003da1   Thumb Code     6  stm32f1xx_it.o(i.USART1_IRQHandler)
    UsageFault_Handler                       0x08003dad   Thumb Code     2  stm32f1xx_it.o(i.UsageFault_Handler)
    main                                     0x08003dd1   Thumb Code   342  main.o(i.main)
    _get_lc_ctype                            0x08003f4d   Thumb Code    44  lc_ctype_c.o(locale$$code)
    __aeabi_d2f                              0x08003f79   Thumb Code     0  d2f.o(x$fpl$d2f)
    _d2f                                     0x08003f79   Thumb Code    98  d2f.o(x$fpl$d2f)
    __aeabi_dadd                             0x08003fdd   Thumb Code     0  daddsub_clz.o(x$fpl$dadd)
    _dadd                                    0x08003fdd   Thumb Code   332  daddsub_clz.o(x$fpl$dadd)
    __aeabi_ddiv                             0x0800412d   Thumb Code     0  ddiv.o(x$fpl$ddiv)
    _ddiv                                    0x0800412d   Thumb Code   552  ddiv.o(x$fpl$ddiv)
    __aeabi_i2d                              0x080043dd   Thumb Code     0  dflt_clz.o(x$fpl$dflt)
    _dflt                                    0x080043dd   Thumb Code    46  dflt_clz.o(x$fpl$dflt)
    __fpl_dnaninf                            0x0800440b   Thumb Code   156  dnaninf.o(x$fpl$dnaninf)
    __fpl_dretinf                            0x080044a7   Thumb Code    12  dretinf.o(x$fpl$dretinf)
    __aeabi_dsub                             0x080044b5   Thumb Code     0  daddsub_clz.o(x$fpl$dsub)
    _dsub                                    0x080044b5   Thumb Code   464  daddsub_clz.o(x$fpl$dsub)
    __aeabi_fadd                             0x08004689   Thumb Code     0  faddsub_clz.o(x$fpl$fadd)
    _fadd                                    0x08004689   Thumb Code   196  faddsub_clz.o(x$fpl$fadd)
    __aeabi_fdiv                             0x0800474d   Thumb Code     0  fdiv.o(x$fpl$fdiv)
    _fdiv                                    0x0800474d   Thumb Code   384  fdiv.o(x$fpl$fdiv)
    __aeabi_f2iz                             0x080048d1   Thumb Code     0  ffix.o(x$fpl$ffix)
    _ffix                                    0x080048d1   Thumb Code    54  ffix.o(x$fpl$ffix)
    __aeabi_f2uiz                            0x08004909   Thumb Code     0  ffixu.o(x$fpl$ffixu)
    _ffixu                                   0x08004909   Thumb Code    62  ffixu.o(x$fpl$ffixu)
    __aeabi_i2f                              0x08004949   Thumb Code     0  fflt_clz.o(x$fpl$fflt)
    _fflt                                    0x08004949   Thumb Code    48  fflt_clz.o(x$fpl$fflt)
    __aeabi_ui2f                             0x08004979   Thumb Code     0  fflt_clz.o(x$fpl$ffltu)
    _ffltu                                   0x08004979   Thumb Code    38  fflt_clz.o(x$fpl$ffltu)
    __aeabi_fmul                             0x080049a1   Thumb Code     0  fmul.o(x$fpl$fmul)
    _fmul                                    0x080049a1   Thumb Code   258  fmul.o(x$fpl$fmul)
    __fpl_fnaninf                            0x08004aa3   Thumb Code   140  fnaninf.o(x$fpl$fnaninf)
    __fpl_fretinf                            0x08004b2f   Thumb Code    10  fretinf.o(x$fpl$fretinf)
    __aeabi_frsub                            0x08004b39   Thumb Code     0  faddsub_clz.o(x$fpl$frsb)
    _frsb                                    0x08004b39   Thumb Code    20  faddsub_clz.o(x$fpl$frsb)
    __aeabi_fsub                             0x08004b4d   Thumb Code     0  faddsub_clz.o(x$fpl$fsub)
    _fsub                                    0x08004b4d   Thumb Code   234  faddsub_clz.o(x$fpl$fsub)
    __I$use$fp                               0x08004c36   Number         0  usenofp.o(x$fpl$usenofp)
    AHBPrescTable                            0x08004c48   Data          16  system_stm32f1xx.o(.constdata)
    APBPrescTable                            0x08004c58   Data           8  system_stm32f1xx.o(.constdata)
    Region$$Table$$Base                      0x08004c60   Number         0  anon$$obj.o(Region$$Table)
    Region$$Table$$Limit                     0x08004c80   Number         0  anon$$obj.o(Region$$Table)
    __ctype                                  0x08004c8d   Data           0  lc_ctype_c.o(locale$$data)
    Each_Eeprom_Element                      0x20000000   Data           1  main.o(.data)
    UART1_RX_Flag                            0x20000001   Data           1  main.o(.data)
    LED_1_Status_Flag                        0x20000002   Data           1  main.o(.data)
    LED_2_Status_Flag                        0x20000003   Data           1  main.o(.data)
    LED_Status_Tracking_Flag                 0x20000004   Data           1  main.o(.data)
    Store_LED_Status_Flag                    0x20000005   Data           1  main.o(.data)
    Timer3_Delay_Flag                        0x20000006   Data           1  main.o(.data)
    Store_Motor_Speed_Flag                   0x20000007   Data           1  main.o(.data)
    Recover_Data_Flag                        0x20000008   Data           1  main.o(.data)
    Forward_45D_Flag                         0x20000009   Data           1  main.o(.data)
    Forward_90D_Flag                         0x2000000a   Data           1  main.o(.data)
    Forward_180D_Flag                        0x2000000b   Data           1  main.o(.data)
    Forward_360D_Flag                        0x2000000c   Data           1  main.o(.data)
    Motor_Position_Tracking_Flag             0x2000000d   Data           1  main.o(.data)
    Control_Motor_Speed_Flag                 0x2000000e   Data           1  main.o(.data)
    Mode_00_Flag                             0x2000000f   Data           1  main.o(.data)
    Mode_01_Flag                             0x20000010   Data           1  main.o(.data)
    Mode_02_Flag                             0x20000011   Data           1  main.o(.data)
    Mode_03_Flag                             0x20000012   Data           1  main.o(.data)
    Mode_04_Flag                             0x20000013   Data           1  main.o(.data)
    Mode_05_Flag                             0x20000014   Data           1  main.o(.data)
    Mode_06_Flag                             0x20000015   Data           1  main.o(.data)
    LED_Status_Buffer                        0x20000016   Data           2  main.o(.data)
    Leech_Motor_Speed                        0x20000018   Data           3  main.o(.data)
    setpoint                                 0x2000001c   Data           4  main.o(.data)
    Kp                                       0x20000020   Data           4  main.o(.data)
    Ki                                       0x20000024   Data           4  main.o(.data)
    Kd                                       0x20000028   Data           4  main.o(.data)
    Delta_t                                  0x2000002c   Data           4  main.o(.data)
    Char_RX_Data                             0x20000030   Data           4  main.o(.data)
    pulse                                    0x20000034   Data           4  main.o(.data)
    PWM_Duty_Cycle                           0x20000038   Data           4  main.o(.data)
    Label_LED_Status                         0x2000003c   Data           4  main.o(.data)
    Iden_Control_Motor                       0x20000040   Data           4  main.o(.data)
    Output_Voltage_Setpoint                  0x20000044   Data           4  main.o(.data)
    pre_error                                0x20000048   Data           4  main.o(.data)
    error                                    0x2000004c   Data           4  main.o(.data)
    integral                                 0x20000050   Data           4  main.o(.data)
    derivative                               0x20000054   Data           4  main.o(.data)
    duty_cycle_output                        0x20000058   Data           4  main.o(.data)
    uwTickFreq                               0x2000005c   Data           1  stm32f1xx_hal.o(.data)
    uwTickPrio                               0x20000060   Data           4  stm32f1xx_hal.o(.data)
    uwTick                                   0x20000064   Data           4  stm32f1xx_hal.o(.data)
    SystemCoreClock                          0x20000068   Data           4  system_stm32f1xx.o(.data)
    hi2c1                                    0x2000006c   Data          84  main.o(.bss)
    hi2c2                                    0x200000c0   Data          84  main.o(.bss)
    htim1                                    0x20000114   Data          72  main.o(.bss)
    htim2                                    0x2000015c   Data          72  main.o(.bss)
    htim3                                    0x200001a4   Data          72  main.o(.bss)
    huart1                                   0x200001ec   Data          72  main.o(.bss)
    RX_Data                                  0x20000234   Data          17  main.o(.bss)
    TX_Data                                  0x20000245   Data          29  main.o(.bss)
    Pulse_Buffer                             0x20000262   Data          13  main.o(.bss)
    Label_LED_Status_Buffer                  0x2000026f   Data          13  main.o(.bss)
    hdma_usart1_rx                           0x2000027c   Data          68  main.o(.bss)
    hdma_usart1_tx                           0x200002c0   Data          68  main.o(.bss)
    __libspace_start                         0x20000304   Data          96  libspace.o(.bss)
    __temporary_stack_top$libspace           0x20000364   Data           0  libspace.o(.bss)



==============================================================================

Memory Map of the image

  Image Entry point : 0x080000ed

  Load Region LR_IROM1 (Base: 0x08000000, Size: 0x00004dfc, Max: 0x00010000, ABSOLUTE)

    Execution Region ER_IROM1 (Exec base: 0x08000000, Load base: 0x08000000, Size: 0x00004d90, Max: 0x00010000, ABSOLUTE)

    Exec Addr    Load Addr    Size         Type   Attr      Idx    E Section Name        Object

    0x08000000   0x08000000   0x000000ec   Data   RO            3    RESET               startup_stm32f103xb.o
    0x080000ec   0x080000ec   0x00000008   Code   RO         3421  * !!!main             c_w.l(__main.o)
    0x080000f4   0x080000f4   0x00000034   Code   RO         3663    !!!scatter          c_w.l(__scatter.o)
    0x08000128   0x08000128   0x0000001a   Code   RO         3665    !!handler_copy      c_w.l(__scatter_copy.o)
    0x08000142   0x08000142   0x00000002   PAD
    0x08000144   0x08000144   0x0000001c   Code   RO         3667    !!handler_zi        c_w.l(__scatter_zi.o)
    0x08000160   0x08000160   0x00000000   Code   RO         3406    .ARM.Collect$$_printf_percent$$00000000  c_w.l(_printf_percent.o)
    0x08000160   0x08000160   0x00000006   Code   RO         3405    .ARM.Collect$$_printf_percent$$00000009  c_w.l(_printf_d.o)
    0x08000166   0x08000166   0x00000004   Code   RO         3479    .ARM.Collect$$_printf_percent$$00000017  c_w.l(_printf_percent_end.o)
    0x0800016a   0x0800016a   0x00000002   Code   RO         3534    .ARM.Collect$$libinit$$00000000  c_w.l(libinit.o)
    0x0800016c   0x0800016c   0x00000000   Code   RO         3540    .ARM.Collect$$libinit$$00000002  c_w.l(libinit2.o)
    0x0800016c   0x0800016c   0x00000000   Code   RO         3542    .ARM.Collect$$libinit$$00000004  c_w.l(libinit2.o)
    0x0800016c   0x0800016c   0x00000000   Code   RO         3545    .ARM.Collect$$libinit$$0000000A  c_w.l(libinit2.o)
    0x0800016c   0x0800016c   0x00000000   Code   RO         3547    .ARM.Collect$$libinit$$0000000C  c_w.l(libinit2.o)
    0x0800016c   0x0800016c   0x00000000   Code   RO         3549    .ARM.Collect$$libinit$$0000000E  c_w.l(libinit2.o)
    0x0800016c   0x0800016c   0x00000006   Code   RO         3550    .ARM.Collect$$libinit$$0000000F  c_w.l(libinit2.o)
    0x08000172   0x08000172   0x00000000   Code   RO         3552    .ARM.Collect$$libinit$$00000011  c_w.l(libinit2.o)
    0x08000172   0x08000172   0x0000000c   Code   RO         3553    .ARM.Collect$$libinit$$00000012  c_w.l(libinit2.o)
    0x0800017e   0x0800017e   0x00000000   Code   RO         3554    .ARM.Collect$$libinit$$00000013  c_w.l(libinit2.o)
    0x0800017e   0x0800017e   0x00000000   Code   RO         3556    .ARM.Collect$$libinit$$00000015  c_w.l(libinit2.o)
    0x0800017e   0x0800017e   0x00000000   Code   RO         3558    .ARM.Collect$$libinit$$00000017  c_w.l(libinit2.o)
    0x0800017e   0x0800017e   0x00000000   Code   RO         3560    .ARM.Collect$$libinit$$00000019  c_w.l(libinit2.o)
    0x0800017e   0x0800017e   0x00000000   Code   RO         3562    .ARM.Collect$$libinit$$0000001B  c_w.l(libinit2.o)
    0x0800017e   0x0800017e   0x00000000   Code   RO         3564    .ARM.Collect$$libinit$$0000001D  c_w.l(libinit2.o)
    0x0800017e   0x0800017e   0x00000000   Code   RO         3566    .ARM.Collect$$libinit$$0000001F  c_w.l(libinit2.o)
    0x0800017e   0x0800017e   0x00000000   Code   RO         3568    .ARM.Collect$$libinit$$00000021  c_w.l(libinit2.o)
    0x0800017e   0x0800017e   0x00000000   Code   RO         3570    .ARM.Collect$$libinit$$00000023  c_w.l(libinit2.o)
    0x0800017e   0x0800017e   0x00000000   Code   RO         3572    .ARM.Collect$$libinit$$00000025  c_w.l(libinit2.o)
    0x0800017e   0x0800017e   0x00000000   Code   RO         3576    .ARM.Collect$$libinit$$0000002C  c_w.l(libinit2.o)
    0x0800017e   0x0800017e   0x00000000   Code   RO         3578    .ARM.Collect$$libinit$$0000002E  c_w.l(libinit2.o)
    0x0800017e   0x0800017e   0x00000000   Code   RO         3580    .ARM.Collect$$libinit$$00000030  c_w.l(libinit2.o)
    0x0800017e   0x0800017e   0x00000000   Code   RO         3582    .ARM.Collect$$libinit$$00000032  c_w.l(libinit2.o)
    0x0800017e   0x0800017e   0x00000002   Code   RO         3583    .ARM.Collect$$libinit$$00000033  c_w.l(libinit2.o)
    0x08000180   0x08000180   0x00000002   Code   RO         3603    .ARM.Collect$$libshutdown$$00000000  c_w.l(libshutdown.o)
    0x08000182   0x08000182   0x00000000   Code   RO         3616    .ARM.Collect$$libshutdown$$00000002  c_w.l(libshutdown2.o)
    0x08000182   0x08000182   0x00000000   Code   RO         3618    .ARM.Collect$$libshutdown$$00000004  c_w.l(libshutdown2.o)
    0x08000182   0x08000182   0x00000000   Code   RO         3621    .ARM.Collect$$libshutdown$$00000007  c_w.l(libshutdown2.o)
    0x08000182   0x08000182   0x00000000   Code   RO         3624    .ARM.Collect$$libshutdown$$0000000A  c_w.l(libshutdown2.o)
    0x08000182   0x08000182   0x00000000   Code   RO         3626    .ARM.Collect$$libshutdown$$0000000C  c_w.l(libshutdown2.o)
    0x08000182   0x08000182   0x00000000   Code   RO         3629    .ARM.Collect$$libshutdown$$0000000F  c_w.l(libshutdown2.o)
    0x08000182   0x08000182   0x00000002   Code   RO         3630    .ARM.Collect$$libshutdown$$00000010  c_w.l(libshutdown2.o)
    0x08000184   0x08000184   0x00000000   Code   RO         3467    .ARM.Collect$$rtentry$$00000000  c_w.l(__rtentry.o)
    0x08000184   0x08000184   0x00000000   Code   RO         3495    .ARM.Collect$$rtentry$$00000002  c_w.l(__rtentry2.o)
    0x08000184   0x08000184   0x00000006   Code   RO         3507    .ARM.Collect$$rtentry$$00000004  c_w.l(__rtentry4.o)
    0x0800018a   0x0800018a   0x00000000   Code   RO         3497    .ARM.Collect$$rtentry$$00000009  c_w.l(__rtentry2.o)
    0x0800018a   0x0800018a   0x00000004   Code   RO         3498    .ARM.Collect$$rtentry$$0000000A  c_w.l(__rtentry2.o)
    0x0800018e   0x0800018e   0x00000000   Code   RO         3500    .ARM.Collect$$rtentry$$0000000C  c_w.l(__rtentry2.o)
    0x0800018e   0x0800018e   0x00000008   Code   RO         3501    .ARM.Collect$$rtentry$$0000000D  c_w.l(__rtentry2.o)
    0x08000196   0x08000196   0x00000002   Code   RO         3535    .ARM.Collect$$rtexit$$00000000  c_w.l(rtexit.o)
    0x08000198   0x08000198   0x00000000   Code   RO         3585    .ARM.Collect$$rtexit$$00000002  c_w.l(rtexit2.o)
    0x08000198   0x08000198   0x00000004   Code   RO         3586    .ARM.Collect$$rtexit$$00000003  c_w.l(rtexit2.o)
    0x0800019c   0x0800019c   0x00000006   Code   RO         3587    .ARM.Collect$$rtexit$$00000004  c_w.l(rtexit2.o)
    0x080001a2   0x080001a2   0x00000002   PAD
    0x080001a4   0x080001a4   0x00000040   Code   RO            4    .text               startup_stm32f103xb.o
    0x080001e4   0x080001e4   0x0000002c   Code   RO         3377    .text               c_w.l(__2sprintf.o)
    0x08000210   0x08000210   0x00000068   Code   RO         3381    .text               c_w.l(__printf.o)
    0x08000278   0x08000278   0x00000078   Code   RO         3383    .text               c_w.l(_printf_dec.o)
    0x080002f0   0x080002f0   0x0000001a   Code   RO         3407    .text               c_w.l(atoi.o)
    0x0800030a   0x0800030a   0x00000058   Code   RO         3409    .text               c_w.l(memcmp.o)
    0x08000362   0x08000362   0x00000048   Code   RO         3411    .text               c_w.l(strcpy.o)
    0x080003aa   0x080003aa   0x0000003e   Code   RO         3413    .text               c_w.l(strlen.o)
    0x080003e8   0x080003e8   0x00000096   Code   RO         3415    .text               c_w.l(strncmp.o)
    0x0800047e   0x0800047e   0x0000004e   Code   RO         3417    .text               c_w.l(rt_memclr_w.o)
    0x080004cc   0x080004cc   0x00000006   Code   RO         3419    .text               c_w.l(heapauxi.o)
    0x080004d2   0x080004d2   0x00000002   PAD
    0x080004d4   0x080004d4   0x00000008   Code   RO         3471    .text               c_w.l(rt_errno_addr_intlibspace.o)
    0x080004dc   0x080004dc   0x000000b2   Code   RO         3473    .text               c_w.l(_printf_intcommon.o)
    0x0800058e   0x0800058e   0x00000002   PAD
    0x08000590   0x08000590   0x00000030   Code   RO         3475    .text               c_w.l(_printf_char_common.o)
    0x080005c0   0x080005c0   0x0000000a   Code   RO         3477    .text               c_w.l(_sputc.o)
    0x080005ca   0x080005ca   0x00000070   Code   RO         3480    .text               c_w.l(strtol.o)
    0x0800063a   0x0800063a   0x00000002   PAD
    0x0800063c   0x0800063c   0x00000008   Code   RO         3491    .text               c_w.l(libspace.o)
    0x08000644   0x08000644   0x00000010   Code   RO         3509    .text               c_w.l(rt_ctype_table.o)
    0x08000654   0x08000654   0x0000009e   Code   RO         3513    .text               c_w.l(_strtoul.o)
    0x080006f2   0x080006f2   0x0000004a   Code   RO         3515    .text               c_w.l(sys_stackheap_outer.o)
    0x0800073c   0x0800073c   0x00000008   Code   RO         3520    .text               c_w.l(rt_locale_intlibspace.o)
    0x08000744   0x08000744   0x0000001c   Code   RO         3522    .text               c_w.l(_chval.o)
    0x08000760   0x08000760   0x00000012   Code   RO         3527    .text               c_w.l(exit.o)
    0x08000772   0x08000772   0x00000002   PAD
    0x08000774   0x08000774   0x00000080   Code   RO         3537    .text               c_w.l(strcmpv7m.o)
    0x080007f4   0x080007f4   0x0000000c   Code   RO         3595    .text               c_w.l(sys_exit.o)
    0x08000800   0x08000800   0x00000002   Code   RO         3606    .text               c_w.l(use_no_semi.o)
    0x08000802   0x08000802   0x00000000   Code   RO         3608    .text               c_w.l(indicate_semi.o)
    0x08000802   0x08000802   0x00000002   PAD
    0x08000804   0x08000804   0x00000160   Code   RO           13    i.Active_Inactive_Status_Tracking  main.o
    0x08000964   0x08000964   0x00000002   Code   RO          289    i.BusFault_Handler  stm32f1xx_it.o
    0x08000966   0x08000966   0x00000002   PAD
    0x08000968   0x08000968   0x0000009c   Code   RO           14    i.Change_Motor_Position  main.o
    0x08000a04   0x08000a04   0x0000007c   Code   RO           15    i.Change_Output_Voltage  main.o
    0x08000a80   0x08000a80   0x0000002c   Code   RO           16    i.Control_Forward   main.o
    0x08000aac   0x08000aac   0x00000070   Code   RO           17    i.Control_Motor_Speed  main.o
    0x08000b1c   0x08000b1c   0x00000058   Code   RO           18    i.Control_Position  main.o
    0x08000b74   0x08000b74   0x0000002c   Code   RO           19    i.Control_Reverse   main.o
    0x08000ba0   0x08000ba0   0x0000002c   Code   RO           20    i.Control_Stop      main.o
    0x08000bcc   0x08000bcc   0x0000000c   Code   RO          290    i.DMA1_Channel4_IRQHandler  stm32f1xx_it.o
    0x08000bd8   0x08000bd8   0x0000000c   Code   RO          291    i.DMA1_Channel5_IRQHandler  stm32f1xx_it.o
    0x08000be4   0x08000be4   0x0000002a   Code   RO         1405    i.DMA_SetConfig     stm32f1xx_hal_dma.o
    0x08000c0e   0x08000c0e   0x00000002   Code   RO          292    i.DebugMon_Handler  stm32f1xx_it.o
    0x08000c10   0x08000c10   0x00000040   Code   RO           21    i.EEPROM_Processing  main.o
    0x08000c50   0x08000c50   0x00000006   Code   RO          293    i.EXTI0_IRQHandler  stm32f1xx_it.o
    0x08000c56   0x08000c56   0x00000004   Code   RO           22    i.Error_Handler     main.o
    0x08000c5a   0x08000c5a   0x00000002   PAD
    0x08000c5c   0x08000c5c   0x0000005c   Code   RO           23    i.Generate_PWM      main.o
    0x08000cb8   0x08000cb8   0x00000046   Code   RO         1406    i.HAL_DMA_Abort     stm32f1xx_hal_dma.o
    0x08000cfe   0x08000cfe   0x00000002   PAD
    0x08000d00   0x08000d00   0x00000098   Code   RO         1407    i.HAL_DMA_Abort_IT  stm32f1xx_hal_dma.o
    0x08000d98   0x08000d98   0x00000154   Code   RO         1411    i.HAL_DMA_IRQHandler  stm32f1xx_hal_dma.o
    0x08000eec   0x08000eec   0x0000005c   Code   RO         1412    i.HAL_DMA_Init      stm32f1xx_hal_dma.o
    0x08000f48   0x08000f48   0x00000070   Code   RO         1416    i.HAL_DMA_Start_IT  stm32f1xx_hal_dma.o
    0x08000fb8   0x08000fb8   0x00000024   Code   RO         1032    i.HAL_Delay         stm32f1xx_hal.o
    0x08000fdc   0x08000fdc   0x00000024   Code   RO           24    i.HAL_GPIO_EXTI_Callback  main.o
    0x08001000   0x08001000   0x00000018   Code   RO         1341    i.HAL_GPIO_EXTI_IRQHandler  stm32f1xx_hal_gpio.o
    0x08001018   0x08001018   0x000001e0   Code   RO         1342    i.HAL_GPIO_Init     stm32f1xx_hal_gpio.o
    0x080011f8   0x080011f8   0x0000000a   Code   RO         1344    i.HAL_GPIO_ReadPin  stm32f1xx_hal_gpio.o
    0x08001202   0x08001202   0x0000000a   Code   RO         1346    i.HAL_GPIO_WritePin  stm32f1xx_hal_gpio.o
    0x0800120c   0x0800120c   0x0000000c   Code   RO         1036    i.HAL_GetTick       stm32f1xx_hal.o
    0x08001218   0x08001218   0x00000188   Code   RO          599    i.HAL_I2C_Init      stm32f1xx_hal_i2c.o
    0x080013a0   0x080013a0   0x0000012c   Code   RO          612    i.HAL_I2C_Master_Transmit  stm32f1xx_hal_i2c.o
    0x080014cc   0x080014cc   0x0000025c   Code   RO          617    i.HAL_I2C_Mem_Read  stm32f1xx_hal_i2c.o
    0x08001728   0x08001728   0x00000130   Code   RO          620    i.HAL_I2C_Mem_Write  stm32f1xx_hal_i2c.o
    0x08001858   0x08001858   0x00000098   Code   RO          486    i.HAL_I2C_MspInit   stm32f1xx_hal_msp.o
    0x080018f0   0x080018f0   0x00000010   Code   RO         1042    i.HAL_IncTick       stm32f1xx_hal.o
    0x08001900   0x08001900   0x00000024   Code   RO         1043    i.HAL_Init          stm32f1xx_hal.o
    0x08001924   0x08001924   0x00000040   Code   RO         1044    i.HAL_InitTick      stm32f1xx_hal.o
    0x08001964   0x08001964   0x0000003c   Code   RO          487    i.HAL_MspInit       stm32f1xx_hal_msp.o
    0x080019a0   0x080019a0   0x0000001a   Code   RO         1502    i.HAL_NVIC_EnableIRQ  stm32f1xx_hal_cortex.o
    0x080019ba   0x080019ba   0x00000002   PAD
    0x080019bc   0x080019bc   0x00000040   Code   RO         1508    i.HAL_NVIC_SetPriority  stm32f1xx_hal_cortex.o
    0x080019fc   0x080019fc   0x00000024   Code   RO         1509    i.HAL_NVIC_SetPriorityGrouping  stm32f1xx_hal_cortex.o
    0x08001a20   0x08001a20   0x0000012c   Code   RO         1200    i.HAL_RCC_ClockConfig  stm32f1xx_hal_rcc.o
    0x08001b4c   0x08001b4c   0x00000020   Code   RO         1207    i.HAL_RCC_GetPCLK1Freq  stm32f1xx_hal_rcc.o
    0x08001b6c   0x08001b6c   0x00000020   Code   RO         1208    i.HAL_RCC_GetPCLK2Freq  stm32f1xx_hal_rcc.o
    0x08001b8c   0x08001b8c   0x0000004c   Code   RO         1209    i.HAL_RCC_GetSysClockFreq  stm32f1xx_hal_rcc.o
    0x08001bd8   0x08001bd8   0x00000320   Code   RO         1212    i.HAL_RCC_OscConfig  stm32f1xx_hal_rcc.o
    0x08001ef8   0x08001ef8   0x00000028   Code   RO         1513    i.HAL_SYSTICK_Config  stm32f1xx_hal_cortex.o
    0x08001f20   0x08001f20   0x00000002   Code   RO         2708    i.HAL_TIMEx_BreakCallback  stm32f1xx_hal_tim_ex.o
    0x08001f22   0x08001f22   0x00000002   Code   RO         2709    i.HAL_TIMEx_CommutCallback  stm32f1xx_hal_tim_ex.o
    0x08001f24   0x08001f24   0x00000054   Code   RO         2711    i.HAL_TIMEx_ConfigBreakDeadTime  stm32f1xx_hal_tim_ex.o
    0x08001f78   0x08001f78   0x00000068   Code   RO         2727    i.HAL_TIMEx_MasterConfigSynchronization  stm32f1xx_hal_tim_ex.o
    0x08001fe0   0x08001fe0   0x0000005a   Code   RO         2004    i.HAL_TIM_Base_Init  stm32f1xx_hal_tim.o
    0x0800203a   0x0800203a   0x00000002   PAD
    0x0800203c   0x0800203c   0x00000078   Code   RO          489    i.HAL_TIM_Base_MspInit  stm32f1xx_hal_msp.o
    0x080020b4   0x080020b4   0x00000058   Code   RO         2009    i.HAL_TIM_Base_Start_IT  stm32f1xx_hal_tim.o
    0x0800210c   0x0800210c   0x00000030   Code   RO         2012    i.HAL_TIM_Base_Stop_IT  stm32f1xx_hal_tim.o
    0x0800213c   0x0800213c   0x000000dc   Code   RO         2013    i.HAL_TIM_ConfigClockSource  stm32f1xx_hal_tim.o
    0x08002218   0x08002218   0x00000002   Code   RO         2038    i.HAL_TIM_IC_CaptureCallback  stm32f1xx_hal_tim.o
    0x0800221a   0x0800221a   0x00000130   Code   RO         2052    i.HAL_TIM_IRQHandler  stm32f1xx_hal_tim.o
    0x0800234a   0x0800234a   0x00000002   PAD
    0x0800234c   0x0800234c   0x0000004c   Code   RO          490    i.HAL_TIM_MspPostInit  stm32f1xx_hal_msp.o
    0x08002398   0x08002398   0x00000002   Code   RO         2055    i.HAL_TIM_OC_DelayElapsedCallback  stm32f1xx_hal_tim.o
    0x0800239a   0x0800239a   0x000000cc   Code   RO         2076    i.HAL_TIM_PWM_ConfigChannel  stm32f1xx_hal_tim.o
    0x08002466   0x08002466   0x0000005a   Code   RO         2079    i.HAL_TIM_PWM_Init  stm32f1xx_hal_tim.o
    0x080024c0   0x080024c0   0x00000002   Code   RO         2081    i.HAL_TIM_PWM_MspInit  stm32f1xx_hal_tim.o
    0x080024c2   0x080024c2   0x00000002   Code   RO         2082    i.HAL_TIM_PWM_PulseFinishedCallback  stm32f1xx_hal_tim.o
    0x080024c4   0x080024c4   0x0000009c   Code   RO         2084    i.HAL_TIM_PWM_Start  stm32f1xx_hal_tim.o
    0x08002560   0x08002560   0x000000a0   Code   RO           25    i.HAL_TIM_PeriodElapsedCallback  main.o
    0x08002600   0x08002600   0x00000002   Code   RO         2095    i.HAL_TIM_TriggerCallback  stm32f1xx_hal_tim.o
    0x08002602   0x08002602   0x0000004a   Code   RO         2985    i.HAL_UARTEx_ReceiveToIdle_DMA  stm32f1xx_hal_uart.o
    0x0800264c   0x0800264c   0x00000018   Code   RO           26    i.HAL_UARTEx_RxEventCallback  main.o
    0x08002664   0x08002664   0x00000002   Code   RO         3001    i.HAL_UART_ErrorCallback  stm32f1xx_hal_uart.o
    0x08002666   0x08002666   0x00000002   PAD
    0x08002668   0x08002668   0x0000026c   Code   RO         3004    i.HAL_UART_IRQHandler  stm32f1xx_hal_uart.o
    0x080028d4   0x080028d4   0x00000064   Code   RO         3005    i.HAL_UART_Init     stm32f1xx_hal_uart.o
    0x08002938   0x08002938   0x000000dc   Code   RO          492    i.HAL_UART_MspInit  stm32f1xx_hal_msp.o
    0x08002a14   0x08002a14   0x00000002   Code   RO         3011    i.HAL_UART_RxCpltCallback  stm32f1xx_hal_uart.o
    0x08002a16   0x08002a16   0x00000002   Code   RO         3012    i.HAL_UART_RxHalfCpltCallback  stm32f1xx_hal_uart.o
    0x08002a18   0x08002a18   0x000000a0   Code   RO         3013    i.HAL_UART_Transmit  stm32f1xx_hal_uart.o
    0x08002ab8   0x08002ab8   0x00000002   Code   RO         3016    i.HAL_UART_TxCpltCallback  stm32f1xx_hal_uart.o
    0x08002aba   0x08002aba   0x00000002   Code   RO          294    i.HardFault_Handler  stm32f1xx_it.o
    0x08002abc   0x08002abc   0x0000002e   Code   RO          642    i.I2C_IsAcknowledgeFailed  stm32f1xx_hal_i2c.o
    0x08002aea   0x08002aea   0x00000002   PAD
    0x08002aec   0x08002aec   0x0000009c   Code   RO          646    i.I2C_MasterRequestWrite  stm32f1xx_hal_i2c.o
    0x08002b88   0x08002b88   0x000000fc   Code   RO          652    i.I2C_RequestMemoryRead  stm32f1xx_hal_i2c.o
    0x08002c84   0x08002c84   0x000000a8   Code   RO          653    i.I2C_RequestMemoryWrite  stm32f1xx_hal_i2c.o
    0x08002d2c   0x08002d2c   0x00000056   Code   RO          657    i.I2C_WaitOnBTFFlagUntilTimeout  stm32f1xx_hal_i2c.o
    0x08002d82   0x08002d82   0x00000002   PAD
    0x08002d84   0x08002d84   0x00000090   Code   RO          658    i.I2C_WaitOnFlagUntilTimeout  stm32f1xx_hal_i2c.o
    0x08002e14   0x08002e14   0x000000bc   Code   RO          659    i.I2C_WaitOnMasterAddressFlagUntilTimeout  stm32f1xx_hal_i2c.o
    0x08002ed0   0x08002ed0   0x00000070   Code   RO          660    i.I2C_WaitOnRXNEFlagUntilTimeout  stm32f1xx_hal_i2c.o
    0x08002f40   0x08002f40   0x00000056   Code   RO          661    i.I2C_WaitOnTXEFlagUntilTimeout  stm32f1xx_hal_i2c.o
    0x08002f96   0x08002f96   0x00000002   PAD
    0x08002f98   0x08002f98   0x00000064   Code   RO           27    i.LED_Control       main.o
    0x08002ffc   0x08002ffc   0x0000002c   Code   RO           28    i.MCP4725_SetVoltage  main.o
    0x08003028   0x08003028   0x000000fc   Code   RO           29    i.MX_GPIO_Init      main.o
    0x08003124   0x08003124   0x000000c8   Code   RO           30    i.MX_TIM1_Init      main.o
    0x080031ec   0x080031ec   0x00000064   Code   RO           31    i.MX_TIM2_Init      main.o
    0x08003250   0x08003250   0x00000068   Code   RO           32    i.MX_TIM3_Init      main.o
    0x080032b8   0x080032b8   0x00000002   Code   RO          295    i.MemManage_Handler  stm32f1xx_it.o
    0x080032ba   0x080032ba   0x00000002   Code   RO          296    i.NMI_Handler       stm32f1xx_it.o
    0x080032bc   0x080032bc   0x00000002   Code   RO          297    i.PendSV_Handler    stm32f1xx_it.o
    0x080032be   0x080032be   0x00000002   PAD
    0x080032c0   0x080032c0   0x00000038   Code   RO           33    i.Pulse_Transmit_Via_Com  main.o
    0x080032f8   0x080032f8   0x000000e0   Code   RO           34    i.Recover_Data      main.o
    0x080033d8   0x080033d8   0x00000002   Code   RO          298    i.SVC_Handler       stm32f1xx_it.o
    0x080033da   0x080033da   0x00000004   Code   RO          299    i.SysTick_Handler   stm32f1xx_it.o
    0x080033de   0x080033de   0x0000005e   Code   RO           35    i.SystemClock_Config  main.o
    0x0800343c   0x0800343c   0x00000002   Code   RO         3339    i.SystemInit        system_stm32f1xx.o
    0x0800343e   0x0800343e   0x00000002   PAD
    0x08003440   0x08003440   0x0000000c   Code   RO          300    i.TIM2_IRQHandler   stm32f1xx_it.o
    0x0800344c   0x0800344c   0x0000000c   Code   RO          301    i.TIM3_IRQHandler   stm32f1xx_it.o
    0x08003458   0x08003458   0x00000078   Code   RO         2097    i.TIM_Base_SetConfig  stm32f1xx_hal_tim.o
    0x080034d0   0x080034d0   0x0000001a   Code   RO         2098    i.TIM_CCxChannelCmd  stm32f1xx_hal_tim.o
    0x080034ea   0x080034ea   0x00000014   Code   RO         2108    i.TIM_ETR_SetConfig  stm32f1xx_hal_tim.o
    0x080034fe   0x080034fe   0x00000010   Code   RO         2109    i.TIM_ITRx_SetConfig  stm32f1xx_hal_tim.o
    0x0800350e   0x0800350e   0x00000002   PAD
    0x08003510   0x08003510   0x00000050   Code   RO         2110    i.TIM_OC1_SetConfig  stm32f1xx_hal_tim.o
    0x08003560   0x08003560   0x00000058   Code   RO         2111    i.TIM_OC2_SetConfig  stm32f1xx_hal_tim.o
    0x080035b8   0x080035b8   0x00000058   Code   RO         2112    i.TIM_OC3_SetConfig  stm32f1xx_hal_tim.o
    0x08003610   0x08003610   0x00000044   Code   RO         2113    i.TIM_OC4_SetConfig  stm32f1xx_hal_tim.o
    0x08003654   0x08003654   0x00000022   Code   RO         2115    i.TIM_TI1_ConfigInputStage  stm32f1xx_hal_tim.o
    0x08003676   0x08003676   0x00000024   Code   RO         2117    i.TIM_TI2_ConfigInputStage  stm32f1xx_hal_tim.o
    0x0800369a   0x0800369a   0x00000002   PAD
    0x0800369c   0x0800369c   0x0000031c   Code   RO           36    i.UART1_RX_Processing  main.o
    0x080039b8   0x080039b8   0x00000010   Code   RO         3018    i.UART_DMAAbortOnError  stm32f1xx_hal_uart.o
    0x080039c8   0x080039c8   0x0000004a   Code   RO         3019    i.UART_DMAError     stm32f1xx_hal_uart.o
    0x08003a12   0x08003a12   0x00000086   Code   RO         3020    i.UART_DMAReceiveCplt  stm32f1xx_hal_uart.o
    0x08003a98   0x08003a98   0x0000001e   Code   RO         3022    i.UART_DMARxHalfCplt  stm32f1xx_hal_uart.o
    0x08003ab6   0x08003ab6   0x0000004e   Code   RO         3028    i.UART_EndRxTransfer  stm32f1xx_hal_uart.o
    0x08003b04   0x08003b04   0x0000001c   Code   RO         3029    i.UART_EndTxTransfer  stm32f1xx_hal_uart.o
    0x08003b20   0x08003b20   0x000000c2   Code   RO         3030    i.UART_Receive_IT   stm32f1xx_hal_uart.o
    0x08003be2   0x08003be2   0x00000002   PAD
    0x08003be4   0x08003be4   0x000000b8   Code   RO         3031    i.UART_SetConfig    stm32f1xx_hal_uart.o
    0x08003c9c   0x08003c9c   0x00000090   Code   RO         3032    i.UART_Start_Receive_DMA  stm32f1xx_hal_uart.o
    0x08003d2c   0x08003d2c   0x00000072   Code   RO         3034    i.UART_WaitOnFlagUntilTimeout  stm32f1xx_hal_uart.o
    0x08003d9e   0x08003d9e   0x00000002   PAD
    0x08003da0   0x08003da0   0x0000000c   Code   RO          302    i.USART1_IRQHandler  stm32f1xx_it.o
    0x08003dac   0x08003dac   0x00000002   Code   RO          303    i.UsageFault_Handler  stm32f1xx_it.o
    0x08003dae   0x08003dae   0x00000020   Code   RO         1515    i.__NVIC_SetPriority  stm32f1xx_hal_cortex.o
    0x08003dce   0x08003dce   0x00000002   PAD
    0x08003dd0   0x08003dd0   0x0000017c   Code   RO           37    i.main              main.o
    0x08003f4c   0x08003f4c   0x0000002c   Code   RO         3525    locale$$code        c_w.l(lc_ctype_c.o)
    0x08003f78   0x08003f78   0x00000062   Code   RO         3423    x$fpl$d2f           fz_ws.l(d2f.o)
    0x08003fda   0x08003fda   0x00000002   PAD
    0x08003fdc   0x08003fdc   0x00000150   Code   RO         3425    x$fpl$dadd          fz_ws.l(daddsub_clz.o)
    0x0800412c   0x0800412c   0x000002b0   Code   RO         3432    x$fpl$ddiv          fz_ws.l(ddiv.o)
    0x080043dc   0x080043dc   0x0000002e   Code   RO         3436    x$fpl$dflt          fz_ws.l(dflt_clz.o)
    0x0800440a   0x0800440a   0x0000009c   Code   RO         3482    x$fpl$dnaninf       fz_ws.l(dnaninf.o)
    0x080044a6   0x080044a6   0x0000000c   Code   RO         3484    x$fpl$dretinf       fz_ws.l(dretinf.o)
    0x080044b2   0x080044b2   0x00000002   PAD
    0x080044b4   0x080044b4   0x000001d4   Code   RO         3427    x$fpl$dsub          fz_ws.l(daddsub_clz.o)
    0x08004688   0x08004688   0x000000c4   Code   RO         3441    x$fpl$fadd          fz_ws.l(faddsub_clz.o)
    0x0800474c   0x0800474c   0x00000184   Code   RO         3448    x$fpl$fdiv          fz_ws.l(fdiv.o)
    0x080048d0   0x080048d0   0x00000036   Code   RO         3451    x$fpl$ffix          fz_ws.l(ffix.o)
    0x08004906   0x08004906   0x00000002   PAD
    0x08004908   0x08004908   0x0000003e   Code   RO         3455    x$fpl$ffixu         fz_ws.l(ffixu.o)
    0x08004946   0x08004946   0x00000002   PAD
    0x08004948   0x08004948   0x00000030   Code   RO         3460    x$fpl$fflt          fz_ws.l(fflt_clz.o)
    0x08004978   0x08004978   0x00000026   Code   RO         3459    x$fpl$ffltu         fz_ws.l(fflt_clz.o)
    0x0800499e   0x0800499e   0x00000002   PAD
    0x080049a0   0x080049a0   0x00000102   Code   RO         3465    x$fpl$fmul          fz_ws.l(fmul.o)
    0x08004aa2   0x08004aa2   0x0000008c   Code   RO         3486    x$fpl$fnaninf       fz_ws.l(fnaninf.o)
    0x08004b2e   0x08004b2e   0x0000000a   Code   RO         3488    x$fpl$fretinf       fz_ws.l(fretinf.o)
    0x08004b38   0x08004b38   0x00000014   Code   RO         3442    x$fpl$frsb          fz_ws.l(faddsub_clz.o)
    0x08004b4c   0x08004b4c   0x000000ea   Code   RO         3443    x$fpl$fsub          fz_ws.l(faddsub_clz.o)
    0x08004c36   0x08004c36   0x00000000   Code   RO         3490    x$fpl$usenofp       fz_ws.l(usenofp.o)
    0x08004c36   0x08004c36   0x00000012   Data   RO         1213    .constdata          stm32f1xx_hal_rcc.o
    0x08004c48   0x08004c48   0x00000010   Data   RO         3340    .constdata          system_stm32f1xx.o
    0x08004c58   0x08004c58   0x00000008   Data   RO         3341    .constdata          system_stm32f1xx.o
    0x08004c60   0x08004c60   0x00000020   Data   RO         3661    Region$$Table       anon$$obj.o
    0x08004c80   0x08004c80   0x00000110   Data   RO         3524    locale$$data        c_w.l(lc_ctype_c.o)


    Execution Region RW_IRAM1 (Exec base: 0x20000000, Load base: 0x08004d90, Size: 0x00000968, Max: 0x00005000, ABSOLUTE)

    Exec Addr    Load Addr    Size         Type   Attr      Idx    E Section Name        Object

    0x20000000   0x08004d90   0x0000005c   Data   RW           43    .data               main.o
    0x2000005c   0x08004dec   0x0000000c   Data   RW         1050    .data               stm32f1xx_hal.o
    0x20000068   0x08004df8   0x00000004   Data   RW         3342    .data               system_stm32f1xx.o
    0x2000006c        -       0x00000210   Zero   RW           38    .bss                main.o
    0x2000027c        -       0x00000044   Zero   RW           39    .bss                main.o
    0x200002c0        -       0x00000044   Zero   RW           40    .bss                main.o
    0x20000304        -       0x00000060   Zero   RW         3492    .bss                c_w.l(libspace.o)
    0x20000364   0x08004dfc   0x00000004   PAD
    0x20000368        -       0x00000200   Zero   RW            2    HEAP                startup_stm32f103xb.o
    0x20000568        -       0x00000400   Zero   RW            1    STACK               startup_stm32f103xb.o


==============================================================================

Image component sizes


      Code (inc. data)   RO Data    RW Data    ZI Data      Debug   Object Name

      3694        742          0         92        664     448451   main.o
        64         26        236          0       1536        796   startup_stm32f103xb.o
       164         28          0         12          0       5909   stm32f1xx_hal.o
       198         14          0          0          0      28947   stm32f1xx_hal_cortex.o
       808         36          0          0          0       4994   stm32f1xx_hal_dma.o
       524         40          0          0          0       4114   stm32f1xx_hal_gpio.o
      2838         72          0          0          0      15012   stm32f1xx_hal_i2c.o
       628         74          0          0          0       3840   stm32f1xx_hal_msp.o
      1240         84         18          0          0       5116   stm32f1xx_hal_rcc.o
      1786         56          0          0          0      16709   stm32f1xx_hal_tim.o
       192         12          0          0          0       3193   stm32f1xx_hal_tim_ex.o
      1958         24          0          0          0      14273   stm32f1xx_hal_uart.o
        86         30          0          0          0     435575   stm32f1xx_it.o
         2          0         24          4          0       1119   system_stm32f1xx.o

    ----------------------------------------------------------------------
     14216       1238        310        108       2200     988048   Object Totals
         0          0         32          0          0          0   (incl. Generated)
        34          0          0          0          0          0   (incl. Padding)

    ----------------------------------------------------------------------

      Code (inc. data)   RO Data    RW Data    ZI Data      Debug   Library Member Name

        44          6          0          0          0         84   __2sprintf.o
         8          0          0          0          0         68   __main.o
       104          0          0          0          0         84   __printf.o
         0          0          0          0          0          0   __rtentry.o
        12          0          0          0          0          0   __rtentry2.o
         6          0          0          0          0          0   __rtentry4.o
        52          8          0          0          0          0   __scatter.o
        26          0          0          0          0          0   __scatter_copy.o
        28          0          0          0          0          0   __scatter_zi.o
        28          0          0          0          0         68   _chval.o
        48          6          0          0          0         96   _printf_char_common.o
         6          0          0          0          0          0   _printf_d.o
       120         16          0          0          0         92   _printf_dec.o
       178          0          0          0          0         88   _printf_intcommon.o
         0          0          0          0          0          0   _printf_percent.o
         4          0          0          0          0          0   _printf_percent_end.o
        10          0          0          0          0         68   _sputc.o
       158          0          0          0          0         92   _strtoul.o
        26          0          0          0          0         80   atoi.o
        18          0          0          0          0         80   exit.o
         6          0          0          0          0        152   heapauxi.o
         0          0          0          0          0          0   indicate_semi.o
        44         10        272          0          0         76   lc_ctype_c.o
         2          0          0          0          0          0   libinit.o
        20          0          0          0          0          0   libinit2.o
         2          0          0          0          0          0   libshutdown.o
         2          0          0          0          0          0   libshutdown2.o
         8          4          0          0         96         68   libspace.o
        88          0          0          0          0         76   memcmp.o
        16          4          0          0          0         76   rt_ctype_table.o
         8          4          0          0          0         68   rt_errno_addr_intlibspace.o
         8          4          0          0          0         68   rt_locale_intlibspace.o
        78          0          0          0          0         80   rt_memclr_w.o
         2          0          0          0          0          0   rtexit.o
        10          0          0          0          0          0   rtexit2.o
       128          0          0          0          0         68   strcmpv7m.o
        72          0          0          0          0         80   strcpy.o
        62          0          0          0          0         76   strlen.o
       150          0          0          0          0         80   strncmp.o
       112          0          0          0          0         88   strtol.o
        12          4          0          0          0         68   sys_exit.o
        74          0          0          0          0         80   sys_stackheap_outer.o
         2          0          0          0          0         68   use_no_semi.o
        98          4          0          0          0         92   d2f.o
       804         16          0          0          0        272   daddsub_clz.o
       688        140          0          0          0        208   ddiv.o
        46          0          0          0          0         68   dflt_clz.o
       156          4          0          0          0         92   dnaninf.o
        12          0          0          0          0         68   dretinf.o
       450          8          0          0          0        236   faddsub_clz.o
       388         76          0          0          0         96   fdiv.o
        54          4          0          0          0         84   ffix.o
        62          4          0          0          0         84   ffixu.o
        86          0          0          0          0        136   fflt_clz.o
       258          4          0          0          0         84   fmul.o
       140          4          0          0          0         84   fnaninf.o
        10          0          0          0          0         68   fretinf.o
         0          0          0          0          0          0   usenofp.o

    ----------------------------------------------------------------------
      5058        330        272          0        100       3844   Library Totals
        24          0          0          0          4          0   (incl. Padding)

    ----------------------------------------------------------------------

      Code (inc. data)   RO Data    RW Data    ZI Data      Debug   Library Name

      1782         66        272          0         96       2172   c_w.l
      3252        264          0          0          0       1672   fz_ws.l

    ----------------------------------------------------------------------
      5058        330        272          0        100       3844   Library Totals

    ----------------------------------------------------------------------

==============================================================================


      Code (inc. data)   RO Data    RW Data    ZI Data      Debug   

     19274       1568        582        108       2300     983308   Grand Totals
     19274       1568        582        108       2300     983308   ELF Image Totals
     19274       1568        582        108          0          0   ROM Totals

==============================================================================

    Total RO  Size (Code + RO Data)                19856 (  19.39kB)
    Total RW  Size (RW Data + ZI Data)              2408 (   2.35kB)
    Total ROM Size (Code + RO Data + RW Data)      19964 (  19.50kB)

==============================================================================

