<html>
<body>
<pre>
<h1>µVision Build Log</h1>
<h2>Tool Versions:</h2>
IDE-Version: µVision V5.31.0.0
Copyright (C) 2020 ARM Ltd and ARM Germany GmbH. All rights reserved.
License Information: The Engineer, HCMUT, LIC=SDA0P-MU577-EVJ1R-KIICT-6RJ7G-ACX7X
 
Tool Versions:
Toolchain:       MDK-ARM Plus  Version: 5.31.0.0
Toolchain Path:  C:\Keil_v5\ARM\ARMCC\Bin
C Compiler:      Armcc.exe V5.06 update 6 (build 750)
Assembler:       Armasm.exe V5.06 update 6 (build 750)
Linker/Locator:  ArmLink.exe V5.06 update 6 (build 750)
Library Manager: ArmAr.exe V5.06 update 6 (build 750)
Hex Converter:   FromElf.exe V5.06 update 6 (build 750)
CPU DLL:         SARMCM3.DLL V5.31.0.0
Dialog DLL:      DCM.DLL V1.17.3.0
Target DLL:      STLink\ST-LINKIII-KEIL_SWO.dll V3.0.7.0
Dialog DLL:      TCM.DLL V1.46.0.0
 
<h2>Project:</h2>
C:\Users\ADMIN\OneDrive\Máy tính\MCU\MDK-ARM\Led_Button.uvprojx
Project File Date:  04/20/2025

<h2>Output:</h2>
*** Using Compiler 'V5.06 update 6 (build 750)', folder: 'C:\Keil_v5\ARM\ARMCC\Bin'
Build target 'Led_Button'
compiling main.c...
../Core/Src/main.c(119): warning:  #188-D: enumerated type mixed with another type
  		HAL_GPIO_WritePin(GPIOC, GPIO_PIN_13, 1);
../Core/Src/main.c(127): warning:  #188-D: enumerated type mixed with another type
  		HAL_GPIO_WritePin(GPIOC, GPIO_PIN_13, 0);
../Core/Src/main.c(136): warning:  #188-D: enumerated type mixed with another type
  		HAL_GPIO_WritePin(GPIOA, GPIO_PIN_4, 0);
../Core/Src/main.c(144): warning:  #188-D: enumerated type mixed with another type
  		HAL_GPIO_WritePin(GPIOA, GPIO_PIN_4, 1);
../Core/Src/main.c(337): warning:  #188-D: enumerated type mixed with another type
  	HAL_GPIO_WritePin(GPIOA, GPIO_PIN_2, 0);
../Core/Src/main.c(338): warning:  #188-D: enumerated type mixed with another type
  	HAL_GPIO_WritePin(GPIOA, GPIO_PIN_3, 1);
../Core/Src/main.c(339): warning:  #188-D: enumerated type mixed with another type
  	HAL_GPIO_WritePin(GPIOA, GPIO_PIN_8, 1);
../Core/Src/main.c(344): warning:  #188-D: enumerated type mixed with another type
  	HAL_GPIO_WritePin(GPIOA, GPIO_PIN_2, 1);
../Core/Src/main.c(345): warning:  #188-D: enumerated type mixed with another type
  	HAL_GPIO_WritePin(GPIOA, GPIO_PIN_3, 0);
../Core/Src/main.c(346): warning:  #188-D: enumerated type mixed with another type
  	HAL_GPIO_WritePin(GPIOA, GPIO_PIN_8, 1);
../Core/Src/main.c(351): warning:  #188-D: enumerated type mixed with another type
  	HAL_GPIO_WritePin(GPIOA, GPIO_PIN_2, 0);
../Core/Src/main.c(352): warning:  #188-D: enumerated type mixed with another type
  	HAL_GPIO_WritePin(GPIOA, GPIO_PIN_3, 0);
../Core/Src/main.c(353): warning:  #188-D: enumerated type mixed with another type
  	HAL_GPIO_WritePin(GPIOA, GPIO_PIN_8, 0);
../Core/Src/main.c(628): warning:  #188-D: enumerated type mixed with another type
  		HAL_GPIO_WritePin(GPIOC, GPIO_PIN_13, 1);
../Core/Src/main.c(633): warning:  #188-D: enumerated type mixed with another type
  		HAL_GPIO_WritePin(GPIOC, GPIO_PIN_13, 0);
../Core/Src/main.c(639): warning:  #188-D: enumerated type mixed with another type
  		HAL_GPIO_WritePin(GPIOA, GPIO_PIN_4, 0);
../Core/Src/main.c(644): warning:  #188-D: enumerated type mixed with another type
  		HAL_GPIO_WritePin(GPIOA, GPIO_PIN_4, 1);
../Core/Src/main.c: 17 warnings, 0 errors
linking...
Program Size: Code=19274 RO-data=582 RW-data=108 ZI-data=2300  
FromELF: creating hex file...
"Led_Button\Led_Button.axf" - 0 Error(s), 17 Warning(s).

<h2>Software Packages used:</h2>

Package Vendor: ARM
                http://www.keil.com/pack/ARM.CMSIS.5.7.0.pack
                ARM.CMSIS.5.7.0
                CMSIS (Cortex Microcontroller Software Interface Standard)
   * Component: CORE Version: 5.4.0

Package Vendor: Keil
                https://www.keil.com/pack/Keil.STM32F1xx_DFP.2.4.1.pack
                Keil.STM32F1xx_DFP.2.4.1
                STMicroelectronics STM32F1 Series Device Support, Drivers and Examples

<h2>Collection of Component include folders:</h2>
  .\RTE\_Led_Button
  C:\Users\ADMIN\AppData\Local\Arm\Packs\ARM\CMSIS\5.7.0\CMSIS\Core\Include
  C:\Users\ADMIN\AppData\Local\Arm\Packs\Keil\STM32F1xx_DFP\2.4.1\Device\Include

<h2>Collection of Component Files used:</h2>

   * Component: ARM::CMSIS:CORE:5.4.0
Build Time Elapsed:  00:00:02
</pre>
</body>
</html>
